Archive member included to satisfy reference by file (symbol)

/home/arattel/Ac6/SystemWorkbench/plugins/fr.ac6.mcu.externaltools.arm-none.linux64_1.16.0.201807130628/tools/compiler/bin/../lib/gcc/arm-none-eabi/7.2.1/../../../../arm-none-eabi/lib/thumb/v7e-m/fpv4-sp/hard/libm.a(lib_a-w_sqrt.o)
                              Src/main.o (sqrt)
/home/arattel/Ac6/SystemWorkbench/plugins/fr.ac6.mcu.externaltools.arm-none.linux64_1.16.0.201807130628/tools/compiler/bin/../lib/gcc/arm-none-eabi/7.2.1/../../../../arm-none-eabi/lib/thumb/v7e-m/fpv4-sp/hard/libm.a(lib_a-e_sqrt.o)
                              /home/arattel/Ac6/SystemWorkbench/plugins/fr.ac6.mcu.externaltools.arm-none.linux64_1.16.0.201807130628/tools/compiler/bin/../lib/gcc/arm-none-eabi/7.2.1/../../../../arm-none-eabi/lib/thumb/v7e-m/fpv4-sp/hard/libm.a(lib_a-w_sqrt.o) (__ieee754_sqrt)
/home/arattel/Ac6/SystemWorkbench/plugins/fr.ac6.mcu.externaltools.arm-none.linux64_1.16.0.201807130628/tools/compiler/bin/../lib/gcc/arm-none-eabi/7.2.1/../../../../arm-none-eabi/lib/thumb/v7e-m/fpv4-sp/hard/libm.a(lib_a-s_lib_ver.o)
                              /home/arattel/Ac6/SystemWorkbench/plugins/fr.ac6.mcu.externaltools.arm-none.linux64_1.16.0.201807130628/tools/compiler/bin/../lib/gcc/arm-none-eabi/7.2.1/../../../../arm-none-eabi/lib/thumb/v7e-m/fpv4-sp/hard/libm.a(lib_a-w_sqrt.o) (__fdlib_version)
/home/arattel/Ac6/SystemWorkbench/plugins/fr.ac6.mcu.externaltools.arm-none.linux64_1.16.0.201807130628/tools/compiler/bin/../lib/gcc/arm-none-eabi/7.2.1/../../../../arm-none-eabi/lib/thumb/v7e-m/fpv4-sp/hard/libm.a(lib_a-s_matherr.o)
                              /home/arattel/Ac6/SystemWorkbench/plugins/fr.ac6.mcu.externaltools.arm-none.linux64_1.16.0.201807130628/tools/compiler/bin/../lib/gcc/arm-none-eabi/7.2.1/../../../../arm-none-eabi/lib/thumb/v7e-m/fpv4-sp/hard/libm.a(lib_a-w_sqrt.o) (matherr)
/home/arattel/Ac6/SystemWorkbench/plugins/fr.ac6.mcu.externaltools.arm-none.linux64_1.16.0.201807130628/tools/compiler/bin/../lib/gcc/arm-none-eabi/7.2.1/thumb/v7e-m/fpv4-sp/hard/libgcc.a(_arm_addsubdf3.o)
                              /home/arattel/Ac6/SystemWorkbench/plugins/fr.ac6.mcu.externaltools.arm-none.linux64_1.16.0.201807130628/tools/compiler/bin/../lib/gcc/arm-none-eabi/7.2.1/../../../../arm-none-eabi/lib/thumb/v7e-m/fpv4-sp/hard/libm.a(lib_a-e_sqrt.o) (__aeabi_dsub)
/home/arattel/Ac6/SystemWorkbench/plugins/fr.ac6.mcu.externaltools.arm-none.linux64_1.16.0.201807130628/tools/compiler/bin/../lib/gcc/arm-none-eabi/7.2.1/thumb/v7e-m/fpv4-sp/hard/libgcc.a(_arm_muldivdf3.o)
                              Src/main.o (__aeabi_dmul)
/home/arattel/Ac6/SystemWorkbench/plugins/fr.ac6.mcu.externaltools.arm-none.linux64_1.16.0.201807130628/tools/compiler/bin/../lib/gcc/arm-none-eabi/7.2.1/thumb/v7e-m/fpv4-sp/hard/libgcc.a(_arm_cmpdf2.o)
                              Src/main.o (__aeabi_dcmplt)
/home/arattel/Ac6/SystemWorkbench/plugins/fr.ac6.mcu.externaltools.arm-none.linux64_1.16.0.201807130628/tools/compiler/bin/../lib/gcc/arm-none-eabi/7.2.1/thumb/v7e-m/fpv4-sp/hard/libgcc.a(_arm_unorddf2.o)
                              /home/arattel/Ac6/SystemWorkbench/plugins/fr.ac6.mcu.externaltools.arm-none.linux64_1.16.0.201807130628/tools/compiler/bin/../lib/gcc/arm-none-eabi/7.2.1/../../../../arm-none-eabi/lib/thumb/v7e-m/fpv4-sp/hard/libm.a(lib_a-w_sqrt.o) (__aeabi_dcmpun)
/home/arattel/Ac6/SystemWorkbench/plugins/fr.ac6.mcu.externaltools.arm-none.linux64_1.16.0.201807130628/tools/compiler/bin/../lib/gcc/arm-none-eabi/7.2.1/thumb/v7e-m/fpv4-sp/hard/libgcc.a(_aeabi_uldivmod.o)
                              Drivers/STM32F4xx_HAL_Driver/Src/stm32f4xx_hal_rcc.o (__aeabi_uldivmod)
/home/arattel/Ac6/SystemWorkbench/plugins/fr.ac6.mcu.externaltools.arm-none.linux64_1.16.0.201807130628/tools/compiler/bin/../lib/gcc/arm-none-eabi/7.2.1/thumb/v7e-m/fpv4-sp/hard/libgcc.a(_udivmoddi4.o)
                              /home/arattel/Ac6/SystemWorkbench/plugins/fr.ac6.mcu.externaltools.arm-none.linux64_1.16.0.201807130628/tools/compiler/bin/../lib/gcc/arm-none-eabi/7.2.1/thumb/v7e-m/fpv4-sp/hard/libgcc.a(_aeabi_uldivmod.o) (__udivmoddi4)
/home/arattel/Ac6/SystemWorkbench/plugins/fr.ac6.mcu.externaltools.arm-none.linux64_1.16.0.201807130628/tools/compiler/bin/../lib/gcc/arm-none-eabi/7.2.1/thumb/v7e-m/fpv4-sp/hard/libgcc.a(_dvmd_tls.o)
                              /home/arattel/Ac6/SystemWorkbench/plugins/fr.ac6.mcu.externaltools.arm-none.linux64_1.16.0.201807130628/tools/compiler/bin/../lib/gcc/arm-none-eabi/7.2.1/thumb/v7e-m/fpv4-sp/hard/libgcc.a(_aeabi_uldivmod.o) (__aeabi_ldiv0)
/home/arattel/Ac6/SystemWorkbench/plugins/fr.ac6.mcu.externaltools.arm-none.linux64_1.16.0.201807130628/tools/compiler/bin/../lib/gcc/arm-none-eabi/7.2.1/../../../../arm-none-eabi/lib/thumb/v7e-m/fpv4-sp/hard/libc.a(lib_a-errno.o)
[...]
Memory Configuration

Name             Origin             Length             Attributes
RAM              0x0000000020000000 0x0000000000020000 xrw
FLASH            0x0000000008000000 0x0000000000080000 xr
*default*        0x0000000000000000 0xffffffffffffffff

Linker script and memory map

LOAD /home/arattel/Ac6/SystemWorkbench/plugins/fr.ac6.mcu.externaltools.arm-none.linux64_1.16.0.201807130628/tools/compiler/bin/../lib/gcc/arm-none-eabi/7.2.1/thumb/v7e-m/fpv4-sp/hard/crti.o
LOAD /home/arattel/Ac6/SystemWorkbench/plugins/fr.ac6.mcu.externaltools.arm-none.linux64_1.16.0.201807130628/tools/compiler/bin/../lib/gcc/arm-none-eabi/7.2.1/thumb/v7e-m/fpv4-sp/hard/crtbegin.o
LOAD /home/arattel/Ac6/SystemWorkbench/plugins/fr.ac6.mcu.externaltools.arm-none.linux64_1.16.0.201807130628/tools/compiler/bin/../lib/gcc/arm-none-eabi/7.2.1/../../../../arm-none-eabi/lib/thumb/v7e-m/fpv4-sp/hard/rdimon-crt0.o
LOAD Drivers/STM32F4xx_HAL_Driver/Src/stm32f4xx_hal.o
LOAD Drivers/STM32F4xx_HAL_Driver/Src/stm32f4xx_hal_cortex.o
LOAD Drivers/STM32F4xx_HAL_Driver/Src/stm32f4xx_hal_dma.o
LOAD Drivers/STM32F4xx_HAL_Driver/Src/stm32f4xx_hal_dma_ex.o
LOAD Drivers/STM32F4xx_HAL_Driver/Src/stm32f4xx_hal_flash.o
LOAD Drivers/STM32F4xx_HAL_Driver/Src/stm32f4xx_hal_flash_ex.o
LOAD Drivers/STM32F4xx_HAL_Driver/Src/stm32f4xx_hal_flash_ramfunc.o
LOAD Drivers/STM32F4xx_HAL_Driver/Src/stm32f4xx_hal_gpio.o
LOAD Drivers/STM32F4xx_HAL_Driver/Src/stm32f4xx_hal_hcd.o
LOAD Drivers/STM32F4xx_HAL_Driver/Src/stm32f4xx_hal_i2c.o
LOAD Drivers/STM32F4xx_HAL_Driver/Src/stm32f4xx_hal_i2c_ex.o
LOAD Drivers/STM32F4xx_HAL_Driver/Src/stm32f4xx_hal_i2s.o
LOAD Drivers/STM32F4xx_HAL_Driver/Src/stm32f4xx_hal_i2s_ex.o
LOAD Drivers/STM32F4xx_HAL_Driver/Src/stm32f4xx_hal_pwr.o
LOAD Drivers/STM32F4xx_HAL_Driver/Src/stm32f4xx_hal_pwr_ex.o
LOAD Drivers/STM32F4xx_HAL_Driver/Src/stm32f4xx_hal_rcc.o
LOAD Drivers/STM32F4xx_HAL_Driver/Src/stm32f4xx_hal_rcc_ex.o
LOAD Drivers/STM32F4xx_HAL_Driver/Src/stm32f4xx_hal_spi.o
LOAD Drivers/STM32F4xx_HAL_Driver/Src/stm32f4xx_hal_tim.o
LOAD Drivers/STM32F4xx_HAL_Driver/Src/stm32f4xx_hal_tim_ex.o
LOAD Drivers/STM32F4xx_HAL_Driver/Src/stm32f4xx_ll_usb.o
LOAD Src/gpio.o
LOAD Src/i2c.o
LOAD Src/i2s.o
LOAD Src/l3gd20.o
LOAD Src/lsm303dlhc.o
LOAD Src/main.o
LOAD Src/spi.o
LOAD Src/stm32f411e_discovery.o
LOAD Src/stm32f411e_discovery_accelerometer.o
LOAD Src/stm32f411e_discovery_gyroscope.o
LOAD Src/stm32f4xx_hal_msp.o
LOAD Src/stm32f4xx_it.o
LOAD Src/system_stm32f4xx.o
LOAD Src/usb_otg.o
LOAD startup/startup_stm32f411xe.o
LOAD /home/arattel/Ac6/SystemWorkbench/plugins/fr.ac6.mcu.externaltools.arm-none.linux64_1.16.0.201807130628/tools/compiler/bin/../lib/gcc/arm-none-eabi/7.2.1/../../../../arm-none-eabi/lib/thumb/v7e-m/fpv4-sp/hard/libm.a
START GROUP
LOAD /home/arattel/Ac6/SystemWorkbench/plugins/fr.ac6.mcu.externaltools.arm-none.linux64_1.16.0.201807130628/tools/compiler/bin/../lib/gcc/arm-none-eabi/7.2.1/thumb/v7e-m/fpv4-sp/hard/libgcc.a
LOAD /home/arattel/Ac6/SystemWorkbench/plugins/fr.ac6.mcu.externaltools.arm-none.linux64_1.16.0.201807130628/tools/compiler/bin/../lib/gcc/arm-none-eabi/7.2.1/../../../../arm-none-eabi/lib/thumb/v7e-m/fpv4-sp/hard/libc.a
END GROUP
START GROUP
LOAD /home/arattel/Ac6/SystemWorkbench/plugins/fr.ac6.mcu.externaltools.arm-none.linux64_1.16.0.201807130628/tools/compiler/bin/../lib/gcc/arm-none-eabi/7.2.1/thumb/v7e-m/fpv4-sp/hard/libgcc.a
LOAD /home/arattel/Ac6/SystemWorkbench/plugins/fr.ac6.mcu.externaltools.arm-none.linux64_1.16.0.201807130628/tools/compiler/bin/../lib/gcc/arm-none-eabi/7.2.1/../../../../arm-none-eabi/lib/thumb/v7e-m/fpv4-sp/hard/libc.a
LOAD /home/arattel/Ac6/SystemWorkbench/plugins/fr.ac6.mcu.externaltools.arm-none.linux64_1.16.0.201807130628/tools/compiler/bin/../lib/gcc/arm-none-eabi/7.2.1/../../../../arm-none-eabi/lib/thumb/v7e-m/fpv4-sp/hard/librdimon.a
END GROUP
LOAD /home/arattel/Ac6/SystemWorkbench/plugins/fr.ac6.mcu.externaltools.arm-none.linux64_1.16.0.201807130628/tools/compiler/bin/../lib/gcc/arm-none-eabi/7.2.1/thumb/v7e-m/fpv4-sp/hard/crtend.o
LOAD /home/arattel/Ac6/SystemWorkbench/plugins/fr.ac6.mcu.externaltools.arm-none.linux64_1.16.0.201807130628/tools/compiler/bin/../lib/gcc/arm-none-eabi/7.2.1/thumb/v7e-m/fpv4-sp/hard/crtn.o
                0x0000000020020000                _estack = 0x20020000
                0x0000000000000200                _Min_Heap_Size = 0x200
                0x0000000000000400                _Min_Stack_Size = 0x400

.isr_vector     0x0000000008000000      0x198
                0x0000000008000000                . = ALIGN (0x4)
 *(.isr_vector)
 .isr_vector    0x0000000008000000      0x198 startup/startup_stm32f411xe.o
                0x0000000008000000                g_pfnVectors
                0x0000000008000198                . = ALIGN (0x4)

.text           0x00000000080001c0     0xa7d4
                0x00000000080001c0                . = ALIGN (0x4)
 *(.text)
 .text          0x00000000080001c0       0x40 /home/arattel/Ac6/SystemWorkbench/plugins/fr.ac6.mcu.externaltools.arm-none.linux64_1.16.0.201807130628/tools/compiler/bin/../lib/gcc/arm-none-eabi/7.2.1/thumb/v7e-m/fpv4-sp/hard/crtbegin.o
 .text          0x0000000008000200      0x378 /home/arattel/Ac6/SystemWorkbench/plugins/fr.ac6.mcu.externaltools.arm-none.linux64_1.16.0.201807130628/tools/compiler/bin/../lib/gcc/arm-none-eabi/7.2.1/thumb/v7e-m/fpv4-sp/hard/libgcc.a(_arm_addsubdf3.o)
                0x0000000008000200                __aeabi_drsub
                0x0000000008000208                __aeabi_dsub
                0x0000000008000208                __subdf3
                0x000000000800020c                __adddf3
                0x000000000800020c                __aeabi_dadd
                0x0000000008000484                __aeabi_ui2d
                0x0000000008000484                __floatunsidf
                0x00000000080004a4                __floatsidf
                0x00000000080004a4                __aeabi_i2d
                0x00000000080004c8                __extendsfdf2
                0x00000000080004c8                __aeabi_f2d
                0x000000000800050c                __aeabi_ul2d
                0x000000000800050c                __floatundidf
                0x000000000800051c                __floatdidf
                0x000000000800051c                __aeabi_l2d
 .text          0x0000000008000578      0x424 /home/arattel/Ac6/SystemWorkbench/plugins/fr.ac6.mcu.externaltools.arm-none.linux64_1.16.0.201807130628/tools/compiler/bin/../lib/gcc/arm-none-eabi/7.2.1/thumb/v7e-m/fpv4-sp/hard/libgcc.a(_arm_muldivdf3.o)
                0x0000000008000578                __aeabi_dmul
                0x0000000008000578                __muldf3
                0x00000000080007cc                __aeabi_ddiv
                0x00000000080007cc                __divdf3
 .text          0x000000000800099c      0x110 /home/arattel/Ac6/SystemWorkbench/plugins/fr.ac6.mcu.externaltools.arm-none.linux64_1.16.0.201807130628/tools/compiler/bin/../lib/gcc/arm-none-eabi/7.2.1/thumb/v7e-m/fpv4-sp/hard/libgcc.a(_arm_cmpdf2.o)
                0x000000000800099c                __gtdf2
                0x000000000800099c                __gedf2
                0x00000000080009a4                __ltdf2
                0x00000000080009a4                __ledf2
                0x00000000080009ac                __cmpdf2
                0x00000000080009ac                __eqdf2
                0x00000000080009ac                __nedf2
                0x0000000008000a28                __aeabi_cdrcmple
                0x0000000008000a38                __aeabi_cdcmple
                0x0000000008000a38                __aeabi_cdcmpeq
                0x0000000008000a48                __aeabi_dcmpeq
                0x0000000008000a5c                __aeabi_dcmplt
                0x0000000008000a70                __aeabi_dcmple
                0x0000000008000a84                __aeabi_dcmpge
                0x0000000008000a98                __aeabi_dcmpgt
 .text          0x0000000008000aac       0x2c /home/arattel/Ac6/SystemWorkbench/plugins/fr.ac6.mcu.externaltools.arm-none.linux64_1.16.0.201807130628/tools/compiler/bin/../lib/gcc/arm-none-eabi/7.2.1/thumb/v7e-m/fpv4-sp/hard/libgcc.a(_arm_unorddf2.o)
                0x0000000008000aac                __aeabi_dcmpun
                0x0000000008000aac                __unorddf2
 .text          0x0000000008000ad8       0x30 /home/arattel/Ac6/SystemWorkbench/plugins/fr.ac6.mcu.externaltools.arm-none.linux64_1.16.0.201807130628/tools/compiler/bin/../lib/gcc/arm-none-eabi/7.2.1/thumb/v7e-m/fpv4-sp/hard/libgcc.a(_aeabi_uldivmod.o)
                0x0000000008000ad8                __aeabi_uldivmod
 .text          0x0000000008000b08      0x2cc /home/arattel/Ac6/SystemWorkbench/plugins/fr.ac6.mcu.externaltools.arm-none.linux64_1.16.0.201807130628/tools/compiler/bin/../lib/gcc/arm-none-eabi/7.2.1/thumb/v7e-m/fpv4-sp/hard/libgcc.a(_udivmoddi4.o)
                0x0000000008000b08                __udivmoddi4
 .text          0x0000000008000dd4        0x4 /home/arattel/Ac6/SystemWorkbench/plugins/fr.ac6.mcu.externaltools.arm-none.linux64_1.16.0.201807130628/tools/compiler/bin/../lib/gcc/arm-none-eabi/7.2.1/thumb/v7e-m/fpv4-sp/hard/libgcc.a(_dvmd_tls.o)
                0x0000000008000dd4                __aeabi_ldiv0
                0x0000000008000dd4                __aeabi_idiv0
 *fill*         0x0000000008000dd8        0x8 
 .text          0x0000000008000de0       0xa0 /home/arattel/Ac6/SystemWorkbench/plugins/fr.ac6.mcu.externaltools.arm-none.linux64_1.16.0.201807130628/tools/compiler/bin/../lib/gcc/arm-none-eabi/7.2.1/../../../../arm-none-eabi/lib/thumb/v7e-m/fpv4-sp/hard/libc.a(lib_a-memchr.o)
                0x0000000008000de0                memchr
 .text          0x0000000008000e80      0x134 /home/arattel/Ac6/SystemWorkbench/plugins/fr.ac6.mcu.externaltools.arm-none.linux64_1.16.0.201807130628/tools/compiler/bin/../lib/gcc/arm-none-eabi/7.2.1/../../../../arm-none-eabi/lib/thumb/v7e-m/fpv4-sp/hard/libc.a(lib_a-memcpy.o)
                0x0000000008000e80                memcpy
 *fill*         0x0000000008000fb4        0xc 
 .text          0x0000000008000fc0       0xdc /home/arattel/Ac6/SystemWorkbench/plugins/fr.ac6.mcu.externaltools.arm-none.linux64_1.16.0.201807130628/tools/compiler/bin/../lib/gcc/arm-none-eabi/7.2.1/../../../../arm-none-eabi/lib/thumb/v7e-m/fpv4-sp/hard/libc.a(lib_a-strlen.o)
                0x0000000008000fc0                strlen
 .text          0x000000000800109c       0x50 /home/arattel/Ac6/SystemWorkbench/plugins/fr.ac6.mcu.externaltools.arm-none.linux64_1.16.0.201807130628/tools/compiler/bin/../lib/gcc/arm-none-eabi/7.2.1/thumb/v7e-m/fpv4-sp/hard/libgcc.a(_arm_fixdfsi.o)
                0x000000000800109c                __fixdfsi
                0x000000000800109c                __aeabi_d2iz
 *(.text*)
 .text.HAL_InitTick
                0x00000000080010ec       0x48 Drivers/STM32F4xx_HAL_Driver/Src/stm32f4xx_hal.o
                0x00000000080010ec                HAL_InitTick
 .text.HAL_Init
                0x0000000008001134       0x34 Drivers/STM32F4xx_HAL_Driver/Src/stm32f4xx_hal.o
                0x0000000008001134                HAL_Init
 .text.HAL_IncTick
                0x0000000008001168       0x18 Drivers/STM32F4xx_HAL_Driver/Src/stm32f4xx_hal.o
                0x0000000008001168                HAL_IncTick
 .text.HAL_GetTick
                0x0000000008001180        0xc Drivers/STM32F4xx_HAL_Driver/Src/stm32f4xx_hal.o
                0x0000000008001180                HAL_GetTick
 .text.HAL_Delay
                0x000000000800118c       0x28 Drivers/STM32F4xx_HAL_Driver/Src/stm32f4xx_hal.o
                0x000000000800118c                HAL_Delay
 .text.HAL_NVIC_SetPriorityGrouping
                0x00000000080011b4       0x3c Drivers/STM32F4xx_HAL_Driver/Src/stm32f4xx_hal_cortex.o
                0x00000000080011b4                HAL_NVIC_SetPriorityGrouping
 .text.HAL_NVIC_SetPriority
                0x00000000080011f0       0x8c Drivers/STM32F4xx_HAL_Driver/Src/stm32f4xx_hal_cortex.o
                0x00000000080011f0                HAL_NVIC_SetPriority
 .text.HAL_NVIC_EnableIRQ
                0x000000000800127c       0x2c Drivers/STM32F4xx_HAL_Driver/Src/stm32f4xx_hal_cortex.o
                0x000000000800127c                HAL_NVIC_EnableIRQ
 .text.HAL_SYSTICK_Config
                0x00000000080012a8       0x2c Drivers/STM32F4xx_HAL_Driver/Src/stm32f4xx_hal_cortex.o
                0x00000000080012a8                HAL_SYSTICK_Config
 .text.HAL_SYSTICK_CLKSourceConfig
                0x00000000080012d4       0x3c Drivers/STM32F4xx_HAL_Driver/Src/stm32f4xx_hal_cortex.o
                0x00000000080012d4                HAL_SYSTICK_CLKSourceConfig
 .text.HAL_SYSTICK_Callback
                0x0000000008001310        0x2 Drivers/STM32F4xx_HAL_Driver/Src/stm32f4xx_hal_cortex.o
                0x0000000008001310                HAL_SYSTICK_Callback
 .text.HAL_SYSTICK_IRQHandler
                0x0000000008001312        0x8 Drivers/STM32F4xx_HAL_Driver/Src/stm32f4xx_hal_cortex.o
                0x0000000008001312                HAL_SYSTICK_IRQHandler
 *fill*         0x000000000800131a        0x2 
 .text.HAL_GPIO_Init
                0x000000000800131c      0x2b4 Drivers/STM32F4xx_HAL_Driver/Src/stm32f4xx_hal_gpio.o
                0x000000000800131c                HAL_GPIO_Init
 .text.HAL_GPIO_DeInit
                0x00000000080015d0      0x134 Drivers/STM32F4xx_HAL_Driver/Src/stm32f4xx_hal_gpio.o
                0x00000000080015d0                HAL_GPIO_DeInit
 .text.HAL_GPIO_WritePin
                0x0000000008001704       0x38 Drivers/STM32F4xx_HAL_Driver/Src/stm32f4xx_hal_gpio.o
                0x0000000008001704                HAL_GPIO_WritePin
 .text.HCD_RXQLVL_IRQHandler
                0x000000000800173c       0x7c Drivers/STM32F4xx_HAL_Driver/Src/stm32f4xx_hal_hcd.o
 .text.HAL_HCD_Init
                0x00000000080017b8       0x90 Drivers/STM32F4xx_HAL_Driver/Src/stm32f4xx_hal_hcd.o
                0x00000000080017b8                HAL_HCD_Init
 .text.HAL_HCD_SOF_Callback
                0x0000000008001848        0x2 Drivers/STM32F4xx_HAL_Driver/Src/stm32f4xx_hal_hcd.o
                0x0000000008001848                HAL_HCD_SOF_Callback
 .text.HAL_HCD_Connect_Callback
                0x000000000800184a        0x2 Drivers/STM32F4xx_HAL_Driver/Src/stm32f4xx_hal_hcd.o
                0x000000000800184a                HAL_HCD_Connect_Callback
 .text.HCD_Port_IRQHandler
                0x000000000800184c       0xc8 Drivers/STM32F4xx_HAL_Driver/Src/stm32f4xx_hal_hcd.o
 .text.HAL_HCD_Disconnect_Callback
                0x0000000008001914        0x2 Drivers/STM32F4xx_HAL_Driver/Src/stm32f4xx_hal_hcd.o
                0x0000000008001914                HAL_HCD_Disconnect_Callback
 .text.HAL_HCD_HC_NotifyURBChange_Callback
                0x0000000008001916        0x2 Drivers/STM32F4xx_HAL_Driver/Src/stm32f4xx_hal_hcd.o
                0x0000000008001916                HAL_HCD_HC_NotifyURBChange_Callback
 .text.HCD_HC_IN_IRQHandler
                0x0000000008001918      0x28c Drivers/STM32F4xx_HAL_Driver/Src/stm32f4xx_hal_hcd.o
 .text.HCD_HC_OUT_IRQHandler
                0x0000000008001ba4      0x29e Drivers/STM32F4xx_HAL_Driver/Src/stm32f4xx_hal_hcd.o
 .text.HAL_HCD_IRQHandler
                0x0000000008001e42      0x142 Drivers/STM32F4xx_HAL_Driver/Src/stm32f4xx_hal_hcd.o
                0x0000000008001e42                HAL_HCD_IRQHandler
 .text.I2C_IsAcknowledgeFailed
                0x0000000008001f84       0x2a Drivers/STM32F4xx_HAL_Driver/Src/stm32f4xx_hal_i2c.o
 .text.I2C_WaitOnFlagUntilTimeout
                0x0000000008001fae       0x68 Drivers/STM32F4xx_HAL_Driver/Src/stm32f4xx_hal_i2c.o
 .text.I2C_WaitOnMasterAddressFlagUntilTimeout
                0x0000000008002016       0x90 Drivers/STM32F4xx_HAL_Driver/Src/stm32f4xx_hal_i2c.o
 .text.I2C_WaitOnTXEFlagUntilTimeout
                0x00000000080020a6       0x4e Drivers/STM32F4xx_HAL_Driver/Src/stm32f4xx_hal_i2c.o
 .text.I2C_RequestMemoryWrite
                0x00000000080020f4       0xd8 Drivers/STM32F4xx_HAL_Driver/Src/stm32f4xx_hal_i2c.o
 .text.I2C_RequestMemoryRead
                0x00000000080021cc      0x148 Drivers/STM32F4xx_HAL_Driver/Src/stm32f4xx_hal_i2c.o
 .text.I2C_WaitOnBTFFlagUntilTimeout
                0x0000000008002314       0x4e Drivers/STM32F4xx_HAL_Driver/Src/stm32f4xx_hal_i2c.o
 .text.I2C_WaitOnRXNEFlagUntilTimeout
                0x0000000008002362       0x5c Drivers/STM32F4xx_HAL_Driver/Src/stm32f4xx_hal_i2c.o
 *fill*         0x00000000080023be        0x2 
 .text.HAL_I2C_Init
                0x00000000080023c0      0x1f8 Drivers/STM32F4xx_HAL_Driver/Src/stm32f4xx_hal_i2c.o
                0x00000000080023c0                HAL_I2C_Init
 .text.HAL_I2C_DeInit
                0x00000000080025b8       0x60 Drivers/STM32F4xx_HAL_Driver/Src/stm32f4xx_hal_i2c.o
                0x00000000080025b8                HAL_I2C_DeInit
 .text.HAL_I2C_Mem_Write
                0x0000000008002618      0x194 Drivers/STM32F4xx_HAL_Driver/Src/stm32f4xx_hal_i2c.o
                0x0000000008002618                HAL_I2C_Mem_Write
 .text.HAL_I2C_Mem_Read
                0x00000000080027ac      0x300 Drivers/STM32F4xx_HAL_Driver/Src/stm32f4xx_hal_i2c.o
                0x00000000080027ac                HAL_I2C_Mem_Read
 .text.HAL_I2C_GetState
                0x0000000008002aac        0x6 Drivers/STM32F4xx_HAL_Driver/Src/stm32f4xx_hal_i2c.o
                0x0000000008002aac                HAL_I2C_GetState
 .text.HAL_I2S_TxCpltCallback
                0x0000000008002ab2        0x2 Drivers/STM32F4xx_HAL_Driver/Src/stm32f4xx_hal_i2s.o
                0x0000000008002ab2                HAL_I2S_TxCpltCallback
 .text.I2S_Transmit_IT
                0x0000000008002ab4       0x38 Drivers/STM32F4xx_HAL_Driver/Src/stm32f4xx_hal_i2s.o
 .text.HAL_I2S_RxCpltCallback
                0x0000000008002aec        0x2 Drivers/STM32F4xx_HAL_Driver/Src/stm32f4xx_hal_i2s.o
                0x0000000008002aec                HAL_I2S_RxCpltCallback
 .text.I2S_Receive_IT
                0x0000000008002aee       0x38 Drivers/STM32F4xx_HAL_Driver/Src/stm32f4xx_hal_i2s.o
 .text.HAL_I2S_ErrorCallback
                0x0000000008002b26        0x2 Drivers/STM32F4xx_HAL_Driver/Src/stm32f4xx_hal_i2s.o
                0x0000000008002b26                HAL_I2S_ErrorCallback
 .text.HAL_I2S_Init
                0x0000000008002b28      0x290 Drivers/STM32F4xx_HAL_Driver/Src/stm32f4xx_hal_i2s.o
                0x0000000008002b28                HAL_I2S_Init
 .text.I2S_IRQHandler
                0x0000000008002db8       0xd8 Drivers/STM32F4xx_HAL_Driver/Src/stm32f4xx_hal_i2s.o
 .text.HAL_I2SEx_TxRxCpltCallback
                0x0000000008002e90        0x2 Drivers/STM32F4xx_HAL_Driver/Src/stm32f4xx_hal_i2s_ex.o
                0x0000000008002e90                HAL_I2SEx_TxRxCpltCallback
 *fill*         0x0000000008002e92        0x2 
 .text.I2SEx_FullDuplexTx_IT
                0x0000000008002e94       0xa0 Drivers/STM32F4xx_HAL_Driver/Src/stm32f4xx_hal_i2s_ex.o
 .text.I2SEx_FullDuplexRx_IT
                0x0000000008002f34       0xa0 Drivers/STM32F4xx_HAL_Driver/Src/stm32f4xx_hal_i2s_ex.o
 .text.HAL_I2SEx_FullDuplex_IRQHandler
                0x0000000008002fd4      0x208 Drivers/STM32F4xx_HAL_Driver/Src/stm32f4xx_hal_i2s_ex.o
                0x0000000008002fd4                HAL_I2SEx_FullDuplex_IRQHandler
 .text.HAL_RCC_OscConfig
                0x00000000080031dc      0x4a0 Drivers/STM32F4xx_HAL_Driver/Src/stm32f4xx_hal_rcc.o
                0x00000000080031dc                HAL_RCC_OscConfig
 .text.HAL_RCC_GetSysClockFreq
                0x000000000800367c       0xd8 Drivers/STM32F4xx_HAL_Driver/Src/stm32f4xx_hal_rcc.o
                0x000000000800367c                HAL_RCC_GetSysClockFreq
 .text.HAL_RCC_ClockConfig
                0x0000000008003754      0x214 Drivers/STM32F4xx_HAL_Driver/Src/stm32f4xx_hal_rcc.o
                0x0000000008003754                HAL_RCC_ClockConfig
 .text.HAL_RCC_GetHCLKFreq
                0x0000000008003968        0xc Drivers/STM32F4xx_HAL_Driver/Src/stm32f4xx_hal_rcc.o
                0x0000000008003968                HAL_RCC_GetHCLKFreq
 .text.HAL_RCC_GetPCLK1Freq
                0x0000000008003974       0x20 Drivers/STM32F4xx_HAL_Driver/Src/stm32f4xx_hal_rcc.o
                0x0000000008003974                HAL_RCC_GetPCLK1Freq
 .text.HAL_RCCEx_PeriphCLKConfig
                0x0000000008003994      0x2cc Drivers/STM32F4xx_HAL_Driver/Src/stm32f4xx_hal_rcc_ex.o
                0x0000000008003994                HAL_RCCEx_PeriphCLKConfig
 .text.HAL_RCCEx_GetPeriphCLKFreq
                0x0000000008003c60       0x78 Drivers/STM32F4xx_HAL_Driver/Src/stm32f4xx_hal_rcc_ex.o
                0x0000000008003c60                HAL_RCCEx_GetPeriphCLKFreq
 .text.SPI_WaitFlagStateUntilTimeout
                0x0000000008003cd8       0x96 Drivers/STM32F4xx_HAL_Driver/Src/stm32f4xx_hal_spi.o
 .text.SPI_CheckFlag_BSY
                0x0000000008003d6e       0x28 Drivers/STM32F4xx_HAL_Driver/Src/stm32f4xx_hal_spi.o
 *fill*         0x0000000008003d96        0x2 
 .text.HAL_SPI_Init
                0x0000000008003d98      0x1a4 Drivers/STM32F4xx_HAL_Driver/Src/stm32f4xx_hal_spi.o
                0x0000000008003d98                HAL_SPI_Init
 .text.HAL_SPI_DeInit
                0x0000000008003f3c       0x68 Drivers/STM32F4xx_HAL_Driver/Src/stm32f4xx_hal_spi.o
                0x0000000008003f3c                HAL_SPI_DeInit
 .text.HAL_SPI_TransmitReceive
                0x0000000008003fa4      0x24c Drivers/STM32F4xx_HAL_Driver/Src/stm32f4xx_hal_spi.o
                0x0000000008003fa4                HAL_SPI_TransmitReceive
 .text.HAL_SPI_GetState
                0x00000000080041f0        0x6 Drivers/STM32F4xx_HAL_Driver/Src/stm32f4xx_hal_spi.o
                0x00000000080041f0                HAL_SPI_GetState
 .text.USB_CoreInit
                0x00000000080041f6       0x7c Drivers/STM32F4xx_HAL_Driver/Src/stm32f4xx_ll_usb.o
                0x00000000080041f6                USB_CoreInit
 .text.USB_DisableGlobalInt
                0x0000000008004272        0xc Drivers/STM32F4xx_HAL_Driver/Src/stm32f4xx_ll_usb.o
                0x0000000008004272                USB_DisableGlobalInt
 .text.USB_SetCurrentMode
                0x000000000800427e       0x2c Drivers/STM32F4xx_HAL_Driver/Src/stm32f4xx_ll_usb.o
                0x000000000800427e                USB_SetCurrentMode
 *fill*         0x00000000080042aa        0x2 
 .text.USB_FlushTxFifo
                0x00000000080042ac       0x28 Drivers/STM32F4xx_HAL_Driver/Src/stm32f4xx_ll_usb.o
                0x00000000080042ac                USB_FlushTxFifo
 .text.USB_FlushRxFifo
                0x00000000080042d4       0x24 Drivers/STM32F4xx_HAL_Driver/Src/stm32f4xx_ll_usb.o
                0x00000000080042d4                USB_FlushRxFifo
 .text.USB_ReadPacket
                0x00000000080042f8       0x28 Drivers/STM32F4xx_HAL_Driver/Src/stm32f4xx_ll_usb.o
                0x00000000080042f8                USB_ReadPacket
 .text.USB_ReadInterrupts
                0x0000000008004320        0x8 Drivers/STM32F4xx_HAL_Driver/Src/stm32f4xx_ll_usb.o
                0x0000000008004320                USB_ReadInterrupts
 .text.USB_GetMode
                0x0000000008004328        0x8 Drivers/STM32F4xx_HAL_Driver/Src/stm32f4xx_ll_usb.o
                0x0000000008004328                USB_GetMode
 .text.USB_CoreReset
                0x0000000008004330       0x3c Drivers/STM32F4xx_HAL_Driver/Src/stm32f4xx_ll_usb.o
 .text.USB_HostInit
                0x000000000800436c       0xec Drivers/STM32F4xx_HAL_Driver/Src/stm32f4xx_ll_usb.o
                0x000000000800436c                USB_HostInit
 .text.USB_InitFSLSPClkSel
                0x0000000008004458       0x40 Drivers/STM32F4xx_HAL_Driver/Src/stm32f4xx_ll_usb.o
                0x0000000008004458                USB_InitFSLSPClkSel
 .text.USB_DriveVbus
                0x0000000008004498       0x42 Drivers/STM32F4xx_HAL_Driver/Src/stm32f4xx_ll_usb.o
                0x0000000008004498                USB_DriveVbus
 .text.USB_HC_ReadInterrupt
                0x00000000080044da       0x1e Drivers/STM32F4xx_HAL_Driver/Src/stm32f4xx_ll_usb.o
                0x00000000080044da                USB_HC_ReadInterrupt
 .text.USB_HC_Halt
                0x00000000080044f8      0x1c2 Drivers/STM32F4xx_HAL_Driver/Src/stm32f4xx_ll_usb.o
                0x00000000080044f8                USB_HC_Halt
 *fill*         0x00000000080046ba        0x2 
 .text.MX_GPIO_Init
                0x00000000080046bc      0x1a8 Src/gpio.o
                0x00000000080046bc                MX_GPIO_Init
 .text.MX_I2C1_Init
                0x0000000008004864       0x44 Src/i2c.o
                0x0000000008004864                MX_I2C1_Init
 .text.HAL_I2C_MspInit
                0x00000000080048a8       0x54 Src/i2c.o
                0x00000000080048a8                HAL_I2C_MspInit
 .text.HAL_I2C_MspDeInit
                0x00000000080048fc       0x30 Src/i2c.o
                0x00000000080048fc                HAL_I2C_MspDeInit
 .text.MX_I2S2_Init
                0x000000000800492c       0x44 Src/i2s.o
                0x000000000800492c                MX_I2S2_Init
 .text.MX_I2S3_Init
                0x0000000008004970       0x44 Src/i2s.o
                0x0000000008004970                MX_I2S3_Init
 .text.HAL_I2S_MspInit
                0x00000000080049b4       0xd8 Src/i2s.o
                0x00000000080049b4                HAL_I2S_MspInit
 .text.L3GD20_DeInit
                0x0000000008004a8c        0x2 Src/l3gd20.o
                0x0000000008004a8c                L3GD20_DeInit
 .text.L3GD20_Init
                0x0000000008004a8e       0x34 Src/l3gd20.o
                0x0000000008004a8e                L3GD20_Init
 .text.L3GD20_LowPower
                0x0000000008004ac2       0x1a Src/l3gd20.o
                0x0000000008004ac2                L3GD20_LowPower
 .text.L3GD20_ReadID
                0x0000000008004adc       0x1e Src/l3gd20.o
                0x0000000008004adc                L3GD20_ReadID
 .text.L3GD20_RebootCmd
                0x0000000008004afa       0x2e Src/l3gd20.o
                0x0000000008004afa                L3GD20_RebootCmd
 .text.L3GD20_INT1InterruptConfig
                0x0000000008004b28       0x60 Src/l3gd20.o
                0x0000000008004b28                L3GD20_INT1InterruptConfig
 .text.L3GD20_EnableIT
                0x0000000008004b88       0x46 Src/l3gd20.o
                0x0000000008004b88                L3GD20_EnableIT
 .text.L3GD20_DisableIT
                0x0000000008004bce       0x42 Src/l3gd20.o
                0x0000000008004bce                L3GD20_DisableIT
 .text.L3GD20_FilterConfig
                0x0000000008004c10       0x30 Src/l3gd20.o
                0x0000000008004c10                L3GD20_FilterConfig
 .text.L3GD20_FilterCmd
                0x0000000008004c40       0x30 Src/l3gd20.o
                0x0000000008004c40                L3GD20_FilterCmd
 .text.L3GD20_ReadXYZAngRate
                0x0000000008004c70       0xec Src/l3gd20.o
                0x0000000008004c70                L3GD20_ReadXYZAngRate
 .text.LSM303DLHC_AccDeInit
                0x0000000008004d5c        0x2 Src/lsm303dlhc.o
                0x0000000008004d5c                LSM303DLHC_AccDeInit
 .text.LSM303DLHC_AccInit
                0x0000000008004d5e       0x1e Src/lsm303dlhc.o
                0x0000000008004d5e                LSM303DLHC_AccInit
 .text.LSM303DLHC_AccReadID
                0x0000000008004d7c       0x10 Src/lsm303dlhc.o
                0x0000000008004d7c                LSM303DLHC_AccReadID
 .text.LSM303DLHC_AccRebootCmd
                0x0000000008004d8c       0x1a Src/lsm303dlhc.o
                0x0000000008004d8c                LSM303DLHC_AccRebootCmd
 .text.LSM303DLHC_AccFilterConfig
                0x0000000008004da6       0x1c Src/lsm303dlhc.o
                0x0000000008004da6                LSM303DLHC_AccFilterConfig
 .text.LSM303DLHC_AccFilterCmd
                0x0000000008004dc2       0x1c Src/lsm303dlhc.o
                0x0000000008004dc2                LSM303DLHC_AccFilterCmd
 .text.LSM303DLHC_AccReadXYZ
                0x0000000008004dde      0x10a Src/lsm303dlhc.o
                0x0000000008004dde                LSM303DLHC_AccReadXYZ
 .text.LSM303DLHC_AccFilterClickCmd
                0x0000000008004ee8       0x1c Src/lsm303dlhc.o
                0x0000000008004ee8                LSM303DLHC_AccFilterClickCmd
 .text.LSM303DLHC_AccIT1Enable
                0x0000000008004f04       0x1c Src/lsm303dlhc.o
                0x0000000008004f04                LSM303DLHC_AccIT1Enable
 .text.LSM303DLHC_AccClickITEnable
                0x0000000008004f20       0x44 Src/lsm303dlhc.o
                0x0000000008004f20                LSM303DLHC_AccClickITEnable
 .text.LSM303DLHC_AccZClickITConfig
                0x0000000008004f64       0x1a Src/lsm303dlhc.o
                0x0000000008004f64                LSM303DLHC_AccZClickITConfig
 *fill*         0x0000000008004f7e        0x2 
 .text.get_result_accelero
                0x0000000008004f80       0xc4 Src/main.o
                0x0000000008004f80                get_result_accelero
 .text.get_result_gyro
                0x0000000008005044       0xc4 Src/main.o
                0x0000000008005044                get_result_gyro
 .text._Error_Handler
                0x0000000008005108        0x2 Src/main.o
                0x0000000008005108                _Error_Handler
 *fill*         0x000000000800510a        0x2 
 .text.SystemClock_Config
                0x000000000800510c       0xe4 Src/main.o
                0x000000000800510c                SystemClock_Config
 .text.main     0x00000000080051f0       0xd4 Src/main.o
                0x00000000080051f0                main
 .text.assert_failed
                0x00000000080052c4        0x2 Src/main.o
                0x00000000080052c4                assert_failed
 *fill*         0x00000000080052c6        0x2 
 .text.MX_SPI1_Init
                0x00000000080052c8       0x48 Src/spi.o
                0x00000000080052c8                MX_SPI1_Init
 .text.HAL_SPI_MspInit
                0x0000000008005310       0x50 Src/spi.o
                0x0000000008005310                HAL_SPI_MspInit
 .text.HAL_SPI_MspDeInit
                0x0000000008005360       0x2c Src/spi.o
                0x0000000008005360                HAL_SPI_MspDeInit
 .text.SPIx_MspInit
                0x000000000800538c       0x58 Src/stm32f411e_discovery.o
 .text.I2Cx_MspInit
                0x00000000080053e4       0x88 Src/stm32f411e_discovery.o
 .text.SPIx_Init
                0x000000000800546c       0x4c Src/stm32f411e_discovery.o
 .text.SPIx_Error
                0x00000000080054b8       0x14 Src/stm32f411e_discovery.o
 .text.SPIx_WriteRead
                0x00000000080054cc       0x3c Src/stm32f411e_discovery.o
 .text.I2Cx_Init
                0x0000000008005508       0x4c Src/stm32f411e_discovery.o
 .text.I2Cx_Error
                0x0000000008005554       0x14 Src/stm32f411e_discovery.o
 .text.I2Cx_WriteData
                0x0000000008005568       0x34 Src/stm32f411e_discovery.o
 .text.I2Cx_ReadData
                0x000000000800559c       0x3c Src/stm32f411e_discovery.o
 .text.GYRO_IO_Init
                0x00000000080055d8       0x7c Src/stm32f411e_discovery.o
                0x00000000080055d8                GYRO_IO_Init
 .text.GYRO_IO_Write
                0x0000000008005654       0x44 Src/stm32f411e_discovery.o
                0x0000000008005654                GYRO_IO_Write
 .text.GYRO_IO_Read
                0x0000000008005698       0x48 Src/stm32f411e_discovery.o
                0x0000000008005698                GYRO_IO_Read
 .text.COMPASSACCELERO_IO_Init
                0x00000000080056e0       0x44 Src/stm32f411e_discovery.o
                0x00000000080056e0                COMPASSACCELERO_IO_Init
 .text.COMPASSACCELERO_IO_ITConfig
                0x0000000008005724       0x54 Src/stm32f411e_discovery.o
                0x0000000008005724                COMPASSACCELERO_IO_ITConfig
 .text.COMPASSACCELERO_IO_Write
                0x0000000008005778        0x8 Src/stm32f411e_discovery.o
                0x0000000008005778                COMPASSACCELERO_IO_Write
 .text.COMPASSACCELERO_IO_Read
                0x0000000008005780        0x8 Src/stm32f411e_discovery.o
                0x0000000008005780                COMPASSACCELERO_IO_Read
 .text.BSP_ACCELERO_Init
                0x0000000008005788       0x34 Src/stm32f411e_discovery_accelerometer.o
                0x0000000008005788                BSP_ACCELERO_Init
 .text.BSP_ACCELERO_GetXYZ
                0x00000000080057bc       0x34 Src/stm32f411e_discovery_accelerometer.o
                0x00000000080057bc                BSP_ACCELERO_GetXYZ
 .text.BSP_GYRO_Init
                0x00000000080057f0       0x44 Src/stm32f411e_discovery_gyroscope.o
                0x00000000080057f0                BSP_GYRO_Init
 .text.BSP_GYRO_GetXYZ
                0x0000000008005834       0x14 Src/stm32f411e_discovery_gyroscope.o
                0x0000000008005834                BSP_GYRO_GetXYZ
 .text.HAL_MspInit
                0x0000000008005848       0x94 Src/stm32f4xx_hal_msp.o
                0x0000000008005848                HAL_MspInit
 .text.NMI_Handler
                0x00000000080058dc        0x2 Src/stm32f4xx_it.o
                0x00000000080058dc                NMI_Handler
 .text.HardFault_Handler
                0x00000000080058de        0x2 Src/stm32f4xx_it.o
                0x00000000080058de                HardFault_Handler
 .text.MemManage_Handler
                0x00000000080058e0        0x2 Src/stm32f4xx_it.o
                0x00000000080058e0                MemManage_Handler
 .text.BusFault_Handler
                0x00000000080058e2        0x2 Src/stm32f4xx_it.o
                0x00000000080058e2                BusFault_Handler
 .text.UsageFault_Handler
                0x00000000080058e4        0x2 Src/stm32f4xx_it.o
                0x00000000080058e4                UsageFault_Handler
 .text.SVC_Handler
                0x00000000080058e6        0x2 Src/stm32f4xx_it.o
                0x00000000080058e6                SVC_Handler
 .text.DebugMon_Handler
                0x00000000080058e8        0x2 Src/stm32f4xx_it.o
                0x00000000080058e8                DebugMon_Handler
 .text.PendSV_Handler
                0x00000000080058ea        0x2 Src/stm32f4xx_it.o
                0x00000000080058ea                PendSV_Handler
 .text.SysTick_Handler
                0x00000000080058ec        0xc Src/stm32f4xx_it.o
                0x00000000080058ec                SysTick_Handler
 .text.OTG_FS_IRQHandler
                0x00000000080058f8       0x10 Src/stm32f4xx_it.o
                0x00000000080058f8                OTG_FS_IRQHandler
 .text.SystemInit
                0x0000000008005908       0x4c Src/system_stm32f4xx.o
                0x0000000008005908                SystemInit
 .text.MX_USB_OTG_FS_HCD_Init
                0x0000000008005954       0x38 Src/usb_otg.o
                0x0000000008005954                MX_USB_OTG_FS_HCD_Init
 .text.HAL_HCD_MspInit
                0x000000000800598c       0x7c Src/usb_otg.o
                0x000000000800598c                HAL_HCD_MspInit
 .text.Reset_Handler
                0x0000000008005a08       0x50 startup/startup_stm32f411xe.o
                0x0000000008005a08                Reset_Handler
 .text.Default_Handler
                0x0000000008005a58        0x2 startup/startup_stm32f411xe.o
                0x0000000008005a58                RTC_Alarm_IRQHandler
                0x0000000008005a58                EXTI2_IRQHandler
                0x0000000008005a58                SPI4_IRQHandler
                0x0000000008005a58                TIM1_CC_IRQHandler
                0x0000000008005a58                DMA2_Stream5_IRQHandler
                0x0000000008005a58                DMA1_Stream5_IRQHandler
                0x0000000008005a58                PVD_IRQHandler
                0x0000000008005a58                SDIO_IRQHandler
                0x0000000008005a58                TAMP_STAMP_IRQHandler
                0x0000000008005a58                EXTI3_IRQHandler
                0x0000000008005a58                TIM1_UP_TIM10_IRQHandler
                0x0000000008005a58                I2C3_ER_IRQHandler
                0x0000000008005a58                EXTI0_IRQHandler
                0x0000000008005a58                I2C2_EV_IRQHandler
                0x0000000008005a58                DMA1_Stream2_IRQHandler
                0x0000000008005a58                FPU_IRQHandler
                0x0000000008005a58                DMA2_Stream2_IRQHandler
                0x0000000008005a58                SPI1_IRQHandler
                0x0000000008005a58                TIM1_BRK_TIM9_IRQHandler
                0x0000000008005a58                DMA2_Stream3_IRQHandler
                0x0000000008005a58                USART6_IRQHandler
                0x0000000008005a58                DMA2_Stream0_IRQHandler
                0x0000000008005a58                TIM4_IRQHandler
                0x0000000008005a58                I2C1_EV_IRQHandler
                0x0000000008005a58                DMA1_Stream6_IRQHandler
                0x0000000008005a58                DMA1_Stream1_IRQHandler
                0x0000000008005a58                TIM3_IRQHandler
                0x0000000008005a58                RCC_IRQHandler
                0x0000000008005a58                Default_Handler
                0x0000000008005a58                EXTI15_10_IRQHandler
                0x0000000008005a58                ADC_IRQHandler
                0x0000000008005a58                DMA1_Stream7_IRQHandler
                0x0000000008005a58                SPI5_IRQHandler
                0x0000000008005a58                TIM5_IRQHandler
                0x0000000008005a58                DMA2_Stream7_IRQHandler
                0x0000000008005a58                I2C3_EV_IRQHandler
                0x0000000008005a58                EXTI9_5_IRQHandler
                0x0000000008005a58                RTC_WKUP_IRQHandler
                0x0000000008005a58                SPI2_IRQHandler
                0x0000000008005a58                DMA1_Stream0_IRQHandler
                0x0000000008005a58                EXTI4_IRQHandler
                0x0000000008005a58                WWDG_IRQHandler
                0x0000000008005a58                TIM2_IRQHandler
                0x0000000008005a58                OTG_FS_WKUP_IRQHandler
                0x0000000008005a58                TIM1_TRG_COM_TIM11_IRQHandler
                0x0000000008005a58                EXTI1_IRQHandler
                0x0000000008005a58                USART2_IRQHandler
                0x0000000008005a58                I2C2_ER_IRQHandler
                0x0000000008005a58                DMA2_Stream1_IRQHandler
                0x0000000008005a58                FLASH_IRQHandler
                0x0000000008005a58                DMA2_Stream4_IRQHandler
                0x0000000008005a58                USART1_IRQHandler
                0x0000000008005a58                SPI3_IRQHandler
                0x0000000008005a58                DMA1_Stream4_IRQHandler
                0x0000000008005a58                I2C1_ER_IRQHandler
                0x0000000008005a58                DMA2_Stream6_IRQHandler
                0x0000000008005a58                DMA1_Stream3_IRQHandler
 *fill*         0x0000000008005a5a        0x2 
 .text.sqrt     0x0000000008005a5c       0xb8 /home/arattel/Ac6/SystemWorkbench/plugins/fr.ac6.mcu.externaltools.arm-none.linux64_1.16.0.201807130628/tools/compiler/bin/../lib/gcc/arm-none-eabi/7.2.1/../../../../arm-none-eabi/lib/thumb/v7e-m/fpv4-sp/hard/libm.a(lib_a-w_sqrt.o)
                0x0000000008005a5c                sqrt
 .text.__ieee754_sqrt
                0x0000000008005b14      0x194 /home/arattel/Ac6/SystemWorkbench/plugins/fr.ac6.mcu.externaltools.arm-none.linux64_1.16.0.201807130628/tools/compiler/bin/../lib/gcc/arm-none-eabi/7.2.1/../../../../arm-none-eabi/lib/thumb/v7e-m/fpv4-sp/hard/libm.a(lib_a-e_sqrt.o)
                0x0000000008005b14                __ieee754_sqrt
 .text.matherr  0x0000000008005ca8        0x4 /home/arattel/Ac6/SystemWorkbench/plugins/fr.ac6.mcu.externaltools.arm-none.linux64_1.16.0.201807130628/tools/compiler/bin/../lib/gcc/arm-none-eabi/7.2.1/../../../../arm-none-eabi/lib/thumb/v7e-m/fpv4-sp/hard/libm.a(lib_a-s_matherr.o)
                0x0000000008005ca8                matherr
 .text.__errno  0x0000000008005cac        0xc /home/arattel/Ac6/SystemWorkbench/plugins/fr.ac6.mcu.externaltools.arm-none.linux64_1.16.0.201807130628/tools/compiler/bin/../lib/gcc/arm-none-eabi/7.2.1/../../../../arm-none-eabi/lib/thumb/v7e-m/fpv4-sp/hard/libc.a(lib_a-errno.o)
                0x0000000008005cac                __errno
 .text.__libc_init_array
                0x0000000008005cb8       0x48 /home/arattel/Ac6/SystemWorkbench/plugins/fr.ac6.mcu.externaltools.arm-none.linux64_1.16.0.201807130628/tools/compiler/bin/../lib/gcc/arm-none-eabi/7.2.1/../../../../arm-none-eabi/lib/thumb/v7e-m/fpv4-sp/hard/libc.a(lib_a-init.o)
                0x0000000008005cb8                __libc_init_array
 .text.memset   0x0000000008005d00       0x94 /home/arattel/Ac6/SystemWorkbench/plugins/fr.ac6.mcu.externaltools.arm-none.linux64_1.16.0.201807130628/tools/compiler/bin/../lib/gcc/arm-none-eabi/7.2.1/../../../../arm-none-eabi/lib/thumb/v7e-m/fpv4-sp/hard/libc.a(lib_a-memset.o)
                0x0000000008005d00                memset
 .text.printf   0x0000000008005d94       0x28 /home/arattel/Ac6/SystemWorkbench/plugins/fr.ac6.mcu.externaltools.arm-none.linux64_1.16.0.201807130628/tools/compiler/bin/../lib/gcc/arm-none-eabi/7.2.1/../../../../arm-none-eabi/lib/thumb/v7e-m/fpv4-sp/hard/libc.a(lib_a-printf.o)
                0x0000000008005d94                printf
 *fill*         0x0000000008005dbc        0x4 
 .text._vfprintf_r
                0x0000000008005dc0     0x150c /home/arattel/Ac6/SystemWorkbench/plugins/fr.ac6.mcu.externaltools.arm-none.linux64_1.16.0.201807130628/tools/compiler/bin/../lib/gcc/arm-none-eabi/7.2.1/../../../../arm-none-eabi/lib/thumb/v7e-m/fpv4-sp/hard/libc.a(lib_a-vfprintf.o)
                0x0000000008005dc0                _vfprintf_r
 .text.__sbprintf
                0x00000000080072cc       0x84 /home/arattel/Ac6/SystemWorkbench/plugins/fr.ac6.mcu.externaltools.arm-none.linux64_1.16.0.201807130628/tools/compiler/bin/../lib/gcc/arm-none-eabi/7.2.1/../../../../arm-none-eabi/lib/thumb/v7e-m/fpv4-sp/hard/libc.a(lib_a-vfprintf.o)
 .text.__swsetup_r
                0x0000000008007350       0xcc /home/arattel/Ac6/SystemWorkbench/plugins/fr.ac6.mcu.externaltools.arm-none.linux64_1.16.0.201807130628/tools/compiler/bin/../lib/gcc/arm-none-eabi/7.2.1/../../../../arm-none-eabi/lib/thumb/v7e-m/fpv4-sp/hard/libc.a(lib_a-wsetup.o)
                0x0000000008007350                __swsetup_r
 .text.startup.register_fini
                0x000000000800741c       0x14 /home/arattel/Ac6/SystemWorkbench/plugins/fr.ac6.mcu.externaltools.arm-none.linux64_1.16.0.201807130628/tools/compiler/bin/../lib/gcc/arm-none-eabi/7.2.1/../../../../arm-none-eabi/lib/thumb/v7e-m/fpv4-sp/hard/libc.a(lib_a-__call_atexit.o)
 .text.atexit   0x0000000008007430        0xc /home/arattel/Ac6/SystemWorkbench/plugins/fr.ac6.mcu.externaltools.arm-none.linux64_1.16.0.201807130628/tools/compiler/bin/../lib/gcc/arm-none-eabi/7.2.1/../../../../arm-none-eabi/lib/thumb/v7e-m/fpv4-sp/hard/libc.a(lib_a-atexit.o)
                0x0000000008007430                atexit
 .text.quorem   0x000000000800743c      0x124 /home/arattel/Ac6/SystemWorkbench/plugins/fr.ac6.mcu.externaltools.arm-none.linux64_1.16.0.201807130628/tools/compiler/bin/../lib/gcc/arm-none-eabi/7.2.1/../../../../arm-none-eabi/lib/thumb/v7e-m/fpv4-sp/hard/libc.a(lib_a-dtoa.o)
 .text._dtoa_r  0x0000000008007560      0xe28 /home/arattel/Ac6/SystemWorkbench/plugins/fr.ac6.mcu.externaltools.arm-none.linux64_1.16.0.201807130628/tools/compiler/bin/../lib/gcc/arm-none-eabi/7.2.1/../../../../arm-none-eabi/lib/thumb/v7e-m/fpv4-sp/hard/libc.a(lib_a-dtoa.o)
                0x0000000008007560                _dtoa_r
 .text.__sflush_r
                0x0000000008008388      0x154 /home/arattel/Ac6/SystemWorkbench/plugins/fr.ac6.mcu.externaltools.arm-none.linux64_1.16.0.201807130628/tools/compiler/bin/../lib/gcc/arm-none-eabi/7.2.1/../../../../arm-none-eabi/lib/thumb/v7e-m/fpv4-sp/hard/libc.a(lib_a-fflush.o)
                0x0000000008008388                __sflush_r
 .text._fflush_r
                0x00000000080084dc       0x5c /home/arattel/Ac6/SystemWorkbench/plugins/fr.ac6.mcu.externaltools.arm-none.linux64_1.16.0.201807130628/tools/compiler/bin/../lib/gcc/arm-none-eabi/7.2.1/../../../../arm-none-eabi/lib/thumb/v7e-m/fpv4-sp/hard/libc.a(lib_a-fflush.o)
                0x00000000080084dc                _fflush_r
 .text.std      0x0000000008008538       0x50 /home/arattel/Ac6/SystemWorkbench/plugins/fr.ac6.mcu.externaltools.arm-none.linux64_1.16.0.201807130628/tools/compiler/bin/../lib/gcc/arm-none-eabi/7.2.1/../../../../arm-none-eabi/lib/thumb/v7e-m/fpv4-sp/hard/libc.a(lib_a-findfp.o)
 .text._cleanup_r
                0x0000000008008588        0xc /home/arattel/Ac6/SystemWorkbench/plugins/fr.ac6.mcu.externaltools.arm-none.linux64_1.16.0.201807130628/tools/compiler/bin/../lib/gcc/arm-none-eabi/7.2.1/../../../../arm-none-eabi/lib/thumb/v7e-m/fpv4-sp/hard/libc.a(lib_a-findfp.o)
                0x0000000008008588                _cleanup_r
 .text.__sinit  0x0000000008008594       0x58 /home/arattel/Ac6/SystemWorkbench/plugins/fr.ac6.mcu.externaltools.arm-none.linux64_1.16.0.201807130628/tools/compiler/bin/../lib/gcc/arm-none-eabi/7.2.1/../../../../arm-none-eabi/lib/thumb/v7e-m/fpv4-sp/hard/libc.a(lib_a-findfp.o)
                0x0000000008008594                __sinit
 .text.__sfp_lock_acquire
                0x00000000080085ec        0xc /home/arattel/Ac6/SystemWorkbench/plugins/fr.ac6.mcu.externaltools.arm-none.linux64_1.16.0.201807130628/tools/compiler/bin/../lib/gcc/arm-none-eabi/7.2.1/../../../../arm-none-eabi/lib/thumb/v7e-m/fpv4-sp/hard/libc.a(lib_a-findfp.o)
                0x00000000080085ec                __sfp_lock_acquire
 .text.__sfp_lock_release
                0x00000000080085f8        0xc /home/arattel/Ac6/SystemWorkbench/plugins/fr.ac6.mcu.externaltools.arm-none.linux64_1.16.0.201807130628/tools/compiler/bin/../lib/gcc/arm-none-eabi/7.2.1/../../../../arm-none-eabi/lib/thumb/v7e-m/fpv4-sp/hard/libc.a(lib_a-findfp.o)
                0x00000000080085f8                __sfp_lock_release
 .text.__libc_fini_array
                0x0000000008008604       0x34 /home/arattel/Ac6/SystemWorkbench/plugins/fr.ac6.mcu.externaltools.arm-none.linux64_1.16.0.201807130628/tools/compiler/bin/../lib/gcc/arm-none-eabi/7.2.1/../../../../arm-none-eabi/lib/thumb/v7e-m/fpv4-sp/hard/libc.a(lib_a-fini.o)
                0x0000000008008604                __libc_fini_array
 .text._malloc_trim_r
                0x0000000008008638       0xa0 /home/arattel/Ac6/SystemWorkbench/plugins/fr.ac6.mcu.externaltools.arm-none.linux64_1.16.0.201807130628/tools/compiler/bin/../lib/gcc/arm-none-eabi/7.2.1/../../../../arm-none-eabi/lib/thumb/v7e-m/fpv4-sp/hard/libc.a(lib_a-freer.o)
                0x0000000008008638                _malloc_trim_r
 .text._free_r  0x00000000080086d8      0x1e8 /home/arattel/Ac6/SystemWorkbench/plugins/fr.ac6.mcu.externaltools.arm-none.linux64_1.16.0.201807130628/tools/compiler/bin/../lib/gcc/arm-none-eabi/7.2.1/../../../../arm-none-eabi/lib/thumb/v7e-m/fpv4-sp/hard/libc.a(lib_a-freer.o)
                0x00000000080086d8                _free_r
 .text._fwalk_reent
                0x00000000080088c0       0x54 /home/arattel/Ac6/SystemWorkbench/plugins/fr.ac6.mcu.externaltools.arm-none.linux64_1.16.0.201807130628/tools/compiler/bin/../lib/gcc/arm-none-eabi/7.2.1/../../../../arm-none-eabi/lib/thumb/v7e-m/fpv4-sp/hard/libc.a(lib_a-fwalk.o)
                0x00000000080088c0                _fwalk_reent
 .text._localeconv_r
                0x0000000008008914       0x1c /home/arattel/Ac6/SystemWorkbench/plugins/fr.ac6.mcu.externaltools.arm-none.linux64_1.16.0.201807130628/tools/compiler/bin/../lib/gcc/arm-none-eabi/7.2.1/../../../../arm-none-eabi/lib/thumb/v7e-m/fpv4-sp/hard/libc.a(lib_a-localeconv.o)
                0x0000000008008914                _localeconv_r
 .text.__retarget_lock_init_recursive
                0x0000000008008930        0x4 /home/arattel/Ac6/SystemWorkbench/plugins/fr.ac6.mcu.externaltools.arm-none.linux64_1.16.0.201807130628/tools/compiler/bin/../lib/gcc/arm-none-eabi/7.2.1/../../../../arm-none-eabi/lib/thumb/v7e-m/fpv4-sp/hard/libc.a(lib_a-lock.o)
                0x0000000008008930                __retarget_lock_init_recursive
 .text.__retarget_lock_close_recursive
                0x0000000008008934        0x4 /home/arattel/Ac6/SystemWorkbench/plugins/fr.ac6.mcu.externaltools.arm-none.linux64_1.16.0.201807130628/tools/compiler/bin/../lib/gcc/arm-none-eabi/7.2.1/../../../../arm-none-eabi/lib/thumb/v7e-m/fpv4-sp/hard/libc.a(lib_a-lock.o)
                0x0000000008008934                __retarget_lock_close_recursive
 .text.__retarget_lock_acquire_recursive
                0x0000000008008938        0x4 /home/arattel/Ac6/SystemWorkbench/plugins/fr.ac6.mcu.externaltools.arm-none.linux64_1.16.0.201807130628/tools/compiler/bin/../lib/gcc/arm-none-eabi/7.2.1/../../../../arm-none-eabi/lib/thumb/v7e-m/fpv4-sp/hard/libc.a(lib_a-lock.o)
                0x0000000008008938                __retarget_lock_acquire_recursive
 .text.__retarget_lock_release_recursive
                0x000000000800893c        0x4 /home/arattel/Ac6/SystemWorkbench/plugins/fr.ac6.mcu.externaltools.arm-none.linux64_1.16.0.201807130628/tools/compiler/bin/../lib/gcc/arm-none-eabi/7.2.1/../../../../arm-none-eabi/lib/thumb/v7e-m/fpv4-sp/hard/libc.a(lib_a-lock.o)
                0x000000000800893c                __retarget_lock_release_recursive
 .text.__swhatbuf_r
                0x0000000008008940       0x5c /home/arattel/Ac6/SystemWorkbench/plugins/fr.ac6.mcu.externaltools.arm-none.linux64_1.16.0.201807130628/tools/compiler/bin/../lib/gcc/arm-none-eabi/7.2.1/../../../../arm-none-eabi/lib/thumb/v7e-m/fpv4-sp/hard/libc.a(lib_a-makebuf.o)
                0x0000000008008940                __swhatbuf_r
 .text.__smakebuf_r
                0x000000000800899c       0x94 /home/arattel/Ac6/SystemWorkbench/plugins/fr.ac6.mcu.externaltools.arm-none.linux64_1.16.0.201807130628/tools/compiler/bin/../lib/gcc/arm-none-eabi/7.2.1/../../../../arm-none-eabi/lib/thumb/v7e-m/fpv4-sp/hard/libc.a(lib_a-makebuf.o)
                0x000000000800899c                __smakebuf_r
 .text._malloc_r
                0x0000000008008a30      0x548 /home/arattel/Ac6/SystemWorkbench/plugins/fr.ac6.mcu.externaltools.arm-none.linux64_1.16.0.201807130628/tools/compiler/bin/../lib/gcc/arm-none-eabi/7.2.1/../../../../arm-none-eabi/lib/thumb/v7e-m/fpv4-sp/hard/libc.a(lib_a-mallocr.o)
                0x0000000008008a30                _malloc_r
 .text.__malloc_lock
                0x0000000008008f78        0xc /home/arattel/Ac6/SystemWorkbench/plugins/fr.ac6.mcu.externaltools.arm-none.linux64_1.16.0.201807130628/tools/compiler/bin/../lib/gcc/arm-none-eabi/7.2.1/../../../../arm-none-eabi/lib/thumb/v7e-m/fpv4-sp/hard/libc.a(lib_a-mlock.o)
                0x0000000008008f78                __malloc_lock
 .text.__malloc_unlock
                0x0000000008008f84        0xc /home/arattel/Ac6/SystemWorkbench/plugins/fr.ac6.mcu.externaltools.arm-none.linux64_1.16.0.201807130628/tools/compiler/bin/../lib/gcc/arm-none-eabi/7.2.1/../../../../arm-none-eabi/lib/thumb/v7e-m/fpv4-sp/hard/libc.a(lib_a-mlock.o)
                0x0000000008008f84                __malloc_unlock
 .text._Balloc  0x0000000008008f90       0x4c /home/arattel/Ac6/SystemWorkbench/plugins/fr.ac6.mcu.externaltools.arm-none.linux64_1.16.0.201807130628/tools/compiler/bin/../lib/gcc/arm-none-eabi/7.2.1/../../../../arm-none-eabi/lib/thumb/v7e-m/fpv4-sp/hard/libc.a(lib_a-mprec.o)
                0x0000000008008f90                _Balloc
 .text._Bfree   0x0000000008008fdc       0x14 /home/arattel/Ac6/SystemWorkbench/plugins/fr.ac6.mcu.externaltools.arm-none.linux64_1.16.0.201807130628/tools/compiler/bin/../lib/gcc/arm-none-eabi/7.2.1/../../../../arm-none-eabi/lib/thumb/v7e-m/fpv4-sp/hard/libc.a(lib_a-mprec.o)
                0x0000000008008fdc                _Bfree
 .text.__multadd
                0x0000000008008ff0       0x80 /home/arattel/Ac6/SystemWorkbench/plugins/fr.ac6.mcu.externaltools.arm-none.linux64_1.16.0.201807130628/tools/compiler/bin/../lib/gcc/arm-none-eabi/7.2.1/../../../../arm-none-eabi/lib/thumb/v7e-m/fpv4-sp/hard/libc.a(lib_a-mprec.o)
                0x0000000008008ff0                __multadd
 .text.__hi0bits
                0x0000000008009070       0x40 /home/arattel/Ac6/SystemWorkbench/plugins/fr.ac6.mcu.externaltools.arm-none.linux64_1.16.0.201807130628/tools/compiler/bin/../lib/gcc/arm-none-eabi/7.2.1/../../../../arm-none-eabi/lib/thumb/v7e-m/fpv4-sp/hard/libc.a(lib_a-mprec.o)
                0x0000000008009070                __hi0bits
 .text.__lo0bits
                0x00000000080090b0       0x60 /home/arattel/Ac6/SystemWorkbench/plugins/fr.ac6.mcu.externaltools.arm-none.linux64_1.16.0.201807130628/tools/compiler/bin/../lib/gcc/arm-none-eabi/7.2.1/../../../../arm-none-eabi/lib/thumb/v7e-m/fpv4-sp/hard/libc.a(lib_a-mprec.o)
                0x00000000080090b0                __lo0bits
 .text.__i2b    0x0000000008009110       0x14 /home/arattel/Ac6/SystemWorkbench/plugins/fr.ac6.mcu.externaltools.arm-none.linux64_1.16.0.201807130628/tools/compiler/bin/../lib/gcc/arm-none-eabi/7.2.1/../../../../arm-none-eabi/lib/thumb/v7e-m/fpv4-sp/hard/libc.a(lib_a-mprec.o)
                0x0000000008009110                __i2b
 .text.__multiply
                0x0000000008009124      0x14c /home/arattel/Ac6/SystemWorkbench/plugins/fr.ac6.mcu.externaltools.arm-none.linux64_1.16.0.201807130628/tools/compiler/bin/../lib/gcc/arm-none-eabi/7.2.1/../../../../arm-none-eabi/lib/thumb/v7e-m/fpv4-sp/hard/libc.a(lib_a-mprec.o)
                0x0000000008009124                __multiply
 .text.__pow5mult
                0x0000000008009270       0xa0 /home/arattel/Ac6/SystemWorkbench/plugins/fr.ac6.mcu.externaltools.arm-none.linux64_1.16.0.201807130628/tools/compiler/bin/../lib/gcc/arm-none-eabi/7.2.1/../../../../arm-none-eabi/lib/thumb/v7e-m/fpv4-sp/hard/libc.a(lib_a-mprec.o)
                0x0000000008009270                __pow5mult
 .text.__lshift
                0x0000000008009310       0xac /home/arattel/Ac6/SystemWorkbench/plugins/fr.ac6.mcu.externaltools.arm-none.linux64_1.16.0.201807130628/tools/compiler/bin/../lib/gcc/arm-none-eabi/7.2.1/../../../../arm-none-eabi/lib/thumb/v7e-m/fpv4-sp/hard/libc.a(lib_a-mprec.o)
                0x0000000008009310                __lshift
 .text.__mcmp   0x00000000080093bc       0x38 /home/arattel/Ac6/SystemWorkbench/plugins/fr.ac6.mcu.externaltools.arm-none.linux64_1.16.0.201807130628/tools/compiler/bin/../lib/gcc/arm-none-eabi/7.2.1/../../../../arm-none-eabi/lib/thumb/v7e-m/fpv4-sp/hard/libc.a(lib_a-mprec.o)
                0x00000000080093bc                __mcmp
 .text.__mdiff  0x00000000080093f4       0xec /home/arattel/Ac6/SystemWorkbench/plugins/fr.ac6.mcu.externaltools.arm-none.linux64_1.16.0.201807130628/tools/compiler/bin/../lib/gcc/arm-none-eabi/7.2.1/../../../../arm-none-eabi/lib/thumb/v7e-m/fpv4-sp/hard/libc.a(lib_a-mprec.o)
                0x00000000080093f4                __mdiff
 .text.__d2b    0x00000000080094e0       0xc4 /home/arattel/Ac6/SystemWorkbench/plugins/fr.ac6.mcu.externaltools.arm-none.linux64_1.16.0.201807130628/tools/compiler/bin/../lib/gcc/arm-none-eabi/7.2.1/../../../../arm-none-eabi/lib/thumb/v7e-m/fpv4-sp/hard/libc.a(lib_a-mprec.o)
                0x00000000080094e0                __d2b
 .text._sbrk_r  0x00000000080095a4       0x24 /home/arattel/Ac6/SystemWorkbench/plugins/fr.ac6.mcu.externaltools.arm-none.linux64_1.16.0.201807130628/tools/compiler/bin/../lib/gcc/arm-none-eabi/7.2.1/../../../../arm-none-eabi/lib/thumb/v7e-m/fpv4-sp/hard/libc.a(lib_a-sbrkr.o)
                0x00000000080095a4                _sbrk_r
 .text.__sread  0x00000000080095c8       0x24 /home/arattel/Ac6/SystemWorkbench/plugins/fr.ac6.mcu.externaltools.arm-none.linux64_1.16.0.201807130628/tools/compiler/bin/../lib/gcc/arm-none-eabi/7.2.1/../../../../arm-none-eabi/lib/thumb/v7e-m/fpv4-sp/hard/libc.a(lib_a-stdio.o)
                0x00000000080095c8                __sread
 .text.__swrite
                0x00000000080095ec       0x3c /home/arattel/Ac6/SystemWorkbench/plugins/fr.ac6.mcu.externaltools.arm-none.linux64_1.16.0.201807130628/tools/compiler/bin/../lib/gcc/arm-none-eabi/7.2.1/../../../../arm-none-eabi/lib/thumb/v7e-m/fpv4-sp/hard/libc.a(lib_a-stdio.o)
                0x00000000080095ec                __swrite
 .text.__sseek  0x0000000008009628       0x20 /home/arattel/Ac6/SystemWorkbench/plugins/fr.ac6.mcu.externaltools.arm-none.linux64_1.16.0.201807130628/tools/compiler/bin/../lib/gcc/arm-none-eabi/7.2.1/../../../../arm-none-eabi/lib/thumb/v7e-m/fpv4-sp/hard/libc.a(lib_a-stdio.o)
                0x0000000008009628                __sseek
 .text.__sclose
                0x0000000008009648        0x8 /home/arattel/Ac6/SystemWorkbench/plugins/fr.ac6.mcu.externaltools.arm-none.linux64_1.16.0.201807130628/tools/compiler/bin/../lib/gcc/arm-none-eabi/7.2.1/../../../../arm-none-eabi/lib/thumb/v7e-m/fpv4-sp/hard/libc.a(lib_a-stdio.o)
                0x0000000008009648                __sclose
 .text.__sprint_r.part.0
                0x0000000008009650       0x78 /home/arattel/Ac6/SystemWorkbench/plugins/fr.ac6.mcu.externaltools.arm-none.linux64_1.16.0.201807130628/tools/compiler/bin/../lib/gcc/arm-none-eabi/7.2.1/../../../../arm-none-eabi/lib/thumb/v7e-m/fpv4-sp/hard/libc.a(lib_a-vfiprintf.o)
 .text.__sprint_r
                0x00000000080096c8       0x14 /home/arattel/Ac6/SystemWorkbench/plugins/fr.ac6.mcu.externaltools.arm-none.linux64_1.16.0.201807130628/tools/compiler/bin/../lib/gcc/arm-none-eabi/7.2.1/../../../../arm-none-eabi/lib/thumb/v7e-m/fpv4-sp/hard/libc.a(lib_a-vfiprintf.o)
                0x00000000080096c8                __sprint_r
 .text._write_r
                0x00000000080096dc       0x2c /home/arattel/Ac6/SystemWorkbench/plugins/fr.ac6.mcu.externaltools.arm-none.linux64_1.16.0.201807130628/tools/compiler/bin/../lib/gcc/arm-none-eabi/7.2.1/../../../../arm-none-eabi/lib/thumb/v7e-m/fpv4-sp/hard/libc.a(lib_a-writer.o)
                0x00000000080096dc                _write_r
 .text.__register_exitproc
                0x0000000008009708       0xc0 /home/arattel/Ac6/SystemWorkbench/plugins/fr.ac6.mcu.externaltools.arm-none.linux64_1.16.0.201807130628/tools/compiler/bin/../lib/gcc/arm-none-eabi/7.2.1/../../../../arm-none-eabi/lib/thumb/v7e-m/fpv4-sp/hard/libc.a(lib_a-__atexit.o)
                0x0000000008009708                __register_exitproc
 .text._calloc_r
                0x00000000080097c8       0x68 /home/arattel/Ac6/SystemWorkbench/plugins/fr.ac6.mcu.externaltools.arm-none.linux64_1.16.0.201807130628/tools/compiler/bin/../lib/gcc/arm-none-eabi/7.2.1/../../../../arm-none-eabi/lib/thumb/v7e-m/fpv4-sp/hard/libc.a(lib_a-callocr.o)
                0x00000000080097c8                _calloc_r
 .text._close_r
                0x0000000008009830       0x24 /home/arattel/Ac6/SystemWorkbench/plugins/fr.ac6.mcu.externaltools.arm-none.linux64_1.16.0.201807130628/tools/compiler/bin/../lib/gcc/arm-none-eabi/7.2.1/../../../../arm-none-eabi/lib/thumb/v7e-m/fpv4-sp/hard/libc.a(lib_a-closer.o)
                0x0000000008009830                _close_r
 .text._fclose_r
                0x0000000008009854       0xd0 /home/arattel/Ac6/SystemWorkbench/plugins/fr.ac6.mcu.externaltools.arm-none.linux64_1.16.0.201807130628/tools/compiler/bin/../lib/gcc/arm-none-eabi/7.2.1/../../../../arm-none-eabi/lib/thumb/v7e-m/fpv4-sp/hard/libc.a(lib_a-fclose.o)
                0x0000000008009854                _fclose_r
 .text.__fputwc
                0x0000000008009924       0xa0 /home/arattel/Ac6/SystemWorkbench/plugins/fr.ac6.mcu.externaltools.arm-none.linux64_1.16.0.201807130628/tools/compiler/bin/../lib/gcc/arm-none-eabi/7.2.1/../../../../arm-none-eabi/lib/thumb/v7e-m/fpv4-sp/hard/libc.a(lib_a-fputwc.o)
                0x0000000008009924                __fputwc
 .text._fputwc_r
                0x00000000080099c4       0x64 /home/arattel/Ac6/SystemWorkbench/plugins/fr.ac6.mcu.externaltools.arm-none.linux64_1.16.0.201807130628/tools/compiler/bin/../lib/gcc/arm-none-eabi/7.2.1/../../../../arm-none-eabi/lib/thumb/v7e-m/fpv4-sp/hard/libc.a(lib_a-fputwc.o)
                0x00000000080099c4                _fputwc_r
 .text._fstat_r
                0x0000000008009a28       0x28 /home/arattel/Ac6/SystemWorkbench/plugins/fr.ac6.mcu.externaltools.arm-none.linux64_1.16.0.201807130628/tools/compiler/bin/../lib/gcc/arm-none-eabi/7.2.1/../../../../arm-none-eabi/lib/thumb/v7e-m/fpv4-sp/hard/libc.a(lib_a-fstatr.o)
                0x0000000008009a28                _fstat_r
 .text.__sfvwrite_r
                0x0000000008009a50      0x2fc /home/arattel/Ac6/SystemWorkbench/plugins/fr.ac6.mcu.externaltools.arm-none.linux64_1.16.0.201807130628/tools/compiler/bin/../lib/gcc/arm-none-eabi/7.2.1/../../../../arm-none-eabi/lib/thumb/v7e-m/fpv4-sp/hard/libc.a(lib_a-fvwrite.o)
                0x0000000008009a50                __sfvwrite_r
 .text._isatty_r
                0x0000000008009d4c       0x24 /home/arattel/Ac6/SystemWorkbench/plugins/fr.ac6.mcu.externaltools.arm-none.linux64_1.16.0.201807130628/tools/compiler/bin/../lib/gcc/arm-none-eabi/7.2.1/../../../../arm-none-eabi/lib/thumb/v7e-m/fpv4-sp/hard/libc.a(lib_a-isattyr.o)
                0x0000000008009d4c                _isatty_r
 .text.__locale_mb_cur_max
                0x0000000008009d70       0x1c /home/arattel/Ac6/SystemWorkbench/plugins/fr.ac6.mcu.externaltools.arm-none.linux64_1.16.0.201807130628/tools/compiler/bin/../lib/gcc/arm-none-eabi/7.2.1/../../../../arm-none-eabi/lib/thumb/v7e-m/fpv4-sp/hard/libc.a(lib_a-locale.o)
                0x0000000008009d70                __locale_mb_cur_max
 .text._lseek_r
                0x0000000008009d8c       0x2c /home/arattel/Ac6/SystemWorkbench/plugins/fr.ac6.mcu.externaltools.arm-none.linux64_1.16.0.201807130628/tools/compiler/bin/../lib/gcc/arm-none-eabi/7.2.1/../../../../arm-none-eabi/lib/thumb/v7e-m/fpv4-sp/hard/libc.a(lib_a-lseekr.o)
                0x0000000008009d8c                _lseek_r
 .text.__ascii_mbtowc
                0x0000000008009db8       0x2c /home/arattel/Ac6/SystemWorkbench/plugins/fr.ac6.mcu.externaltools.arm-none.linux64_1.16.0.201807130628/tools/compiler/bin/../lib/gcc/arm-none-eabi/7.2.1/../../../../arm-none-eabi/lib/thumb/v7e-m/fpv4-sp/hard/libc.a(lib_a-mbtowc_r.o)
                0x0000000008009db8                __ascii_mbtowc
 .text.memmove  0x0000000008009de4       0xc8 /home/arattel/Ac6/SystemWorkbench/plugins/fr.ac6.mcu.externaltools.arm-none.linux64_1.16.0.201807130628/tools/compiler/bin/../lib/gcc/arm-none-eabi/7.2.1/../../../../arm-none-eabi/lib/thumb/v7e-m/fpv4-sp/hard/libc.a(lib_a-memmove.o)
                0x0000000008009de4                memmove
 .text._read_r  0x0000000008009eac       0x2c /home/arattel/Ac6/SystemWorkbench/plugins/fr.ac6.mcu.externaltools.arm-none.linux64_1.16.0.201807130628/tools/compiler/bin/../lib/gcc/arm-none-eabi/7.2.1/../../../../arm-none-eabi/lib/thumb/v7e-m/fpv4-sp/hard/libc.a(lib_a-readr.o)
                0x0000000008009eac                _read_r
 .text._realloc_r
                0x0000000008009ed8      0x35c /home/arattel/Ac6/SystemWorkbench/plugins/fr.ac6.mcu.externaltools.arm-none.linux64_1.16.0.201807130628/tools/compiler/bin/../lib/gcc/arm-none-eabi/7.2.1/../../../../arm-none-eabi/lib/thumb/v7e-m/fpv4-sp/hard/libc.a(lib_a-reallocr.o)
                0x0000000008009ed8                _realloc_r
 .text.__swbuf_r
                0x000000000800a234       0xb0 /home/arattel/Ac6/SystemWorkbench/plugins/fr.ac6.mcu.externaltools.arm-none.linux64_1.16.0.201807130628/tools/compiler/bin/../lib/gcc/arm-none-eabi/7.2.1/../../../../arm-none-eabi/lib/thumb/v7e-m/fpv4-sp/hard/libc.a(lib_a-wbuf.o)
                0x000000000800a234                __swbuf_r
 .text._wcrtomb_r
                0x000000000800a2e4       0x50 /home/arattel/Ac6/SystemWorkbench/plugins/fr.ac6.mcu.externaltools.arm-none.linux64_1.16.0.201807130628/tools/compiler/bin/../lib/gcc/arm-none-eabi/7.2.1/../../../../arm-none-eabi/lib/thumb/v7e-m/fpv4-sp/hard/libc.a(lib_a-wcrtomb.o)
                0x000000000800a2e4                _wcrtomb_r
 .text.__ascii_wctomb
                0x000000000800a334       0x1c /home/arattel/Ac6/SystemWorkbench/plugins/fr.ac6.mcu.externaltools.arm-none.linux64_1.16.0.201807130628/tools/compiler/bin/../lib/gcc/arm-none-eabi/7.2.1/../../../../arm-none-eabi/lib/thumb/v7e-m/fpv4-sp/hard/libc.a(lib_a-wctomb_r.o)
                0x000000000800a334                __ascii_wctomb
 .text.findslot
                0x000000000800a350       0x38 /home/arattel/Ac6/SystemWorkbench/plugins/fr.ac6.mcu.externaltools.arm-none.linux64_1.16.0.201807130628/tools/compiler/bin/../lib/gcc/arm-none-eabi/7.2.1/../../../../arm-none-eabi/lib/thumb/v7e-m/fpv4-sp/hard/librdimon.a(rdimon-syscalls.o)
 .text.checkerror.part.0
                0x000000000800a388       0x1c /home/arattel/Ac6/SystemWorkbench/plugins/fr.ac6.mcu.externaltools.arm-none.linux64_1.16.0.201807130628/tools/compiler/bin/../lib/gcc/arm-none-eabi/7.2.1/../../../../arm-none-eabi/lib/thumb/v7e-m/fpv4-sp/hard/librdimon.a(rdimon-syscalls.o)
 .text._read    0x000000000800a3a4       0x50 /home/arattel/Ac6/SystemWorkbench/plugins/fr.ac6.mcu.externaltools.arm-none.linux64_1.16.0.201807130628/tools/compiler/bin/../lib/gcc/arm-none-eabi/7.2.1/../../../../arm-none-eabi/lib/thumb/v7e-m/fpv4-sp/hard/librdimon.a(rdimon-syscalls.o)
                0x000000000800a3a4                _read
 .text._swilseek
                0x000000000800a3f4       0x9c /home/arattel/Ac6/SystemWorkbench/plugins/fr.ac6.mcu.externaltools.arm-none.linux64_1.16.0.201807130628/tools/compiler/bin/../lib/gcc/arm-none-eabi/7.2.1/../../../../arm-none-eabi/lib/thumb/v7e-m/fpv4-sp/hard/librdimon.a(rdimon-syscalls.o)
                0x000000000800a3f4                _swilseek
 .text._lseek   0x000000000800a490        0x4 /home/arattel/Ac6/SystemWorkbench/plugins/fr.ac6.mcu.externaltools.arm-none.linux64_1.16.0.201807130628/tools/compiler/bin/../lib/gcc/arm-none-eabi/7.2.1/../../../../arm-none-eabi/lib/thumb/v7e-m/fpv4-sp/hard/librdimon.a(rdimon-syscalls.o)
                0x000000000800a490                _lseek
 .text._write   0x000000000800a494       0x74 /home/arattel/Ac6/SystemWorkbench/plugins/fr.ac6.mcu.externaltools.arm-none.linux64_1.16.0.201807130628/tools/compiler/bin/../lib/gcc/arm-none-eabi/7.2.1/../../../../arm-none-eabi/lib/thumb/v7e-m/fpv4-sp/hard/librdimon.a(rdimon-syscalls.o)
                0x000000000800a494                _write
 .text._close   0x000000000800a508       0x6c /home/arattel/Ac6/SystemWorkbench/plugins/fr.ac6.mcu.externaltools.arm-none.linux64_1.16.0.201807130628/tools/compiler/bin/../lib/gcc/arm-none-eabi/7.2.1/../../../../arm-none-eabi/lib/thumb/v7e-m/fpv4-sp/hard/librdimon.a(rdimon-syscalls.o)
                0x000000000800a508                _close
 .text._sbrk    0x000000000800a574       0x4c /home/arattel/Ac6/SystemWorkbench/plugins/fr.ac6.mcu.externaltools.arm-none.linux64_1.16.0.201807130628/tools/compiler/bin/../lib/gcc/arm-none-eabi/7.2.1/../../../../arm-none-eabi/lib/thumb/v7e-m/fpv4-sp/hard/librdimon.a(rdimon-syscalls.o)
                0x000000000800a574                _sbrk
 .text._swistat
                0x000000000800a5c0       0x48 /home/arattel/Ac6/SystemWorkbench/plugins/fr.ac6.mcu.externaltools.arm-none.linux64_1.16.0.201807130628/tools/compiler/bin/../lib/gcc/arm-none-eabi/7.2.1/../../../../arm-none-eabi/lib/thumb/v7e-m/fpv4-sp/hard/librdimon.a(rdimon-syscalls.o)
                0x000000000800a5c0                _swistat
 .text._fstat   0x000000000800a608       0x1c /home/arattel/Ac6/SystemWorkbench/plugins/fr.ac6.mcu.externaltools.arm-none.linux64_1.16.0.201807130628/tools/compiler/bin/../lib/gcc/arm-none-eabi/7.2.1/../../../../arm-none-eabi/lib/thumb/v7e-m/fpv4-sp/hard/librdimon.a(rdimon-syscalls.o)
                0x000000000800a608                _fstat
 .text._stat    0x000000000800a624       0x3c /home/arattel/Ac6/SystemWorkbench/plugins/fr.ac6.mcu.externaltools.arm-none.linux64_1.16.0.201807130628/tools/compiler/bin/../lib/gcc/arm-none-eabi/7.2.1/../../../../arm-none-eabi/lib/thumb/v7e-m/fpv4-sp/hard/librdimon.a(rdimon-syscalls.o)
                0x000000000800a624                _stat
 .text._swiopen
                0x000000000800a660       0xd8 /home/arattel/Ac6/SystemWorkbench/plugins/fr.ac6.mcu.externaltools.arm-none.linux64_1.16.0.201807130628/tools/compiler/bin/../lib/gcc/arm-none-eabi/7.2.1/../../../../arm-none-eabi/lib/thumb/v7e-m/fpv4-sp/hard/librdimon.a(rdimon-syscalls.o)
                0x000000000800a660                _swiopen
 .text._get_semihosting_exts
                0x000000000800a738       0xd0 /home/arattel/Ac6/SystemWorkbench/plugins/fr.ac6.mcu.externaltools.arm-none.linux64_1.16.0.201807130628/tools/compiler/bin/../lib/gcc/arm-none-eabi/7.2.1/../../../../arm-none-eabi/lib/thumb/v7e-m/fpv4-sp/hard/librdimon.a(rdimon-syscalls.o)
                0x000000000800a738                _get_semihosting_exts
 .text.initialise_semihosting_exts
                0x000000000800a808       0x3c /home/arattel/Ac6/SystemWorkbench/plugins/fr.ac6.mcu.externaltools.arm-none.linux64_1.16.0.201807130628/tools/compiler/bin/../lib/gcc/arm-none-eabi/7.2.1/../../../../arm-none-eabi/lib/thumb/v7e-m/fpv4-sp/hard/librdimon.a(rdimon-syscalls.o)
 .text.initialise_monitor_handles
                0x000000000800a844       0xfc /home/arattel/Ac6/SystemWorkbench/plugins/fr.ac6.mcu.externaltools.arm-none.linux64_1.16.0.201807130628/tools/compiler/bin/../lib/gcc/arm-none-eabi/7.2.1/../../../../arm-none-eabi/lib/thumb/v7e-m/fpv4-sp/hard/librdimon.a(rdimon-syscalls.o)
                0x000000000800a844                initialise_monitor_handles
 .text._isatty  0x000000000800a940       0x3c /home/arattel/Ac6/SystemWorkbench/plugins/fr.ac6.mcu.externaltools.arm-none.linux64_1.16.0.201807130628/tools/compiler/bin/../lib/gcc/arm-none-eabi/7.2.1/../../../../arm-none-eabi/lib/thumb/v7e-m/fpv4-sp/hard/librdimon.a(rdimon-syscalls.o)
                0x000000000800a940                _isatty
 *(.glue_7)
 .glue_7        0x000000000800a97c        0x0 linker stubs
 *(.glue_7t)
 .glue_7t       0x000000000800a97c        0x0 linker stubs
 *(.eh_frame)
 .eh_frame      0x000000000800a97c        0x0 /home/arattel/Ac6/SystemWorkbench/plugins/fr.ac6.mcu.externaltools.arm-none.linux64_1.16.0.201807130628/tools/compiler/bin/../lib/gcc/arm-none-eabi/7.2.1/thumb/v7e-m/fpv4-sp/hard/crtbegin.o
 *(.init)
 .init          0x000000000800a97c        0x4 /home/arattel/Ac6/SystemWorkbench/plugins/fr.ac6.mcu.externaltools.arm-none.linux64_1.16.0.201807130628/tools/compiler/bin/../lib/gcc/arm-none-eabi/7.2.1/thumb/v7e-m/fpv4-sp/hard/crti.o
                0x000000000800a97c                _init
 .init          0x000000000800a980        0x8 /home/arattel/Ac6/SystemWorkbench/plugins/fr.ac6.mcu.externaltools.arm-none.linux64_1.16.0.201807130628/tools/compiler/bin/../lib/gcc/arm-none-eabi/7.2.1/thumb/v7e-m/fpv4-sp/hard/crtn.o
 *(.fini)
 .fini          0x000000000800a988        0x4 /home/arattel/Ac6/SystemWorkbench/plugins/fr.ac6.mcu.externaltools.arm-none.linux64_1.16.0.201807130628/tools/compiler/bin/../lib/gcc/arm-none-eabi/7.2.1/thumb/v7e-m/fpv4-sp/hard/crti.o
                0x000000000800a988                _fini
 .fini          0x000000000800a98c        0x8 /home/arattel/Ac6/SystemWorkbench/plugins/fr.ac6.mcu.externaltools.arm-none.linux64_1.16.0.201807130628/tools/compiler/bin/../lib/gcc/arm-none-eabi/7.2.1/thumb/v7e-m/fpv4-sp/hard/crtn.o
                0x000000000800a994                . = ALIGN (0x4)
                0x000000000800a994                _etext = .

.vfp11_veneer   0x000000000800a994        0x0
 .vfp11_veneer  0x000000000800a994        0x0 linker stubs

.v4_bx          0x000000000800a994        0x0
 .v4_bx         0x000000000800a994        0x0 linker stubs

.iplt           0x000000000800a994        0x0
 .iplt          0x000000000800a994        0x0 /home/arattel/Ac6/SystemWorkbench/plugins/fr.ac6.mcu.externaltools.arm-none.linux64_1.16.0.201807130628/tools/compiler/bin/../lib/gcc/arm-none-eabi/7.2.1/thumb/v7e-m/fpv4-sp/hard/crtbegin.o

.rodata         0x000000000800a998      0x584
                0x000000000800a998                . = ALIGN (0x4)
 *(.rodata)
 .rodata        0x000000000800a998       0x18 Src/system_stm32f4xx.o
                0x000000000800a998                AHBPrescTable
                0x000000000800a9a8                APBPrescTable
 *(.rodata*)
 .rodata.str1.4
                0x000000000800a9b0       0x3b Drivers/STM32F4xx_HAL_Driver/Src/stm32f4xx_hal_cortex.o
 *fill*         0x000000000800a9eb        0x1 
 .rodata.str1.4
                0x000000000800a9ec       0x39 Drivers/STM32F4xx_HAL_Driver/Src/stm32f4xx_hal_gpio.o
 *fill*         0x000000000800aa25        0x3 
 .rodata.str1.4
                0x000000000800aa28       0x38 Drivers/STM32F4xx_HAL_Driver/Src/stm32f4xx_hal_hcd.o
 .rodata.str1.4
                0x000000000800aa60       0x38 Drivers/STM32F4xx_HAL_Driver/Src/stm32f4xx_hal_i2c.o
 .rodata.str1.4
                0x000000000800aa98       0x38 Drivers/STM32F4xx_HAL_Driver/Src/stm32f4xx_hal_i2s.o
 .rodata.str1.4
                0x000000000800aad0       0x38 Drivers/STM32F4xx_HAL_Driver/Src/stm32f4xx_hal_rcc.o
 .rodata.str1.4
                0x000000000800ab08       0x3b Drivers/STM32F4xx_HAL_Driver/Src/stm32f4xx_hal_rcc_ex.o
 *fill*         0x000000000800ab43        0x1 
 .rodata.str1.4
                0x000000000800ab44       0x38 Drivers/STM32F4xx_HAL_Driver/Src/stm32f4xx_hal_spi.o
 .rodata.str1.4
                0x000000000800ab7c        0xd Src/i2c.o
 *fill*         0x000000000800ab89        0x3 
 .rodata.str1.4
                0x000000000800ab8c        0xd Src/i2s.o
 *fill*         0x000000000800ab99        0x3 
 .rodata.str1.4
                0x000000000800ab9c       0xa9 Src/main.o
 *fill*         0x000000000800ac45        0x3 
 .rodata.str1.4
                0x000000000800ac48        0xd Src/spi.o
 *fill*         0x000000000800ac55        0x3 
 .rodata.str1.4
                0x000000000800ac58       0x11 Src/usb_otg.o
 *fill*         0x000000000800ac69        0x3 
 .rodata.sqrt.str1.4
                0x000000000800ac6c        0x5 /home/arattel/Ac6/SystemWorkbench/plugins/fr.ac6.mcu.externaltools.arm-none.linux64_1.16.0.201807130628/tools/compiler/bin/../lib/gcc/arm-none-eabi/7.2.1/../../../../arm-none-eabi/lib/thumb/v7e-m/fpv4-sp/hard/libm.a(lib_a-w_sqrt.o)
 *fill*         0x000000000800ac71        0x3 
 .rodata._global_impure_ptr
                0x000000000800ac74        0x4 /home/arattel/Ac6/SystemWorkbench/plugins/fr.ac6.mcu.externaltools.arm-none.linux64_1.16.0.201807130628/tools/compiler/bin/../lib/gcc/arm-none-eabi/7.2.1/../../../../arm-none-eabi/lib/thumb/v7e-m/fpv4-sp/hard/libc.a(lib_a-impure.o)
                0x000000000800ac74                _global_impure_ptr
 .rodata._vfprintf_r.str1.4
                0x000000000800ac78       0x42 /home/arattel/Ac6/SystemWorkbench/plugins/fr.ac6.mcu.externaltools.arm-none.linux64_1.16.0.201807130628/tools/compiler/bin/../lib/gcc/arm-none-eabi/7.2.1/../../../../arm-none-eabi/lib/thumb/v7e-m/fpv4-sp/hard/libc.a(lib_a-vfprintf.o)
 *fill*         0x000000000800acba        0x2 
 .rodata.blanks.8566
                0x000000000800acbc       0x10 /home/arattel/Ac6/SystemWorkbench/plugins/fr.ac6.mcu.externaltools.arm-none.linux64_1.16.0.201807130628/tools/compiler/bin/../lib/gcc/arm-none-eabi/7.2.1/../../../../arm-none-eabi/lib/thumb/v7e-m/fpv4-sp/hard/libc.a(lib_a-vfprintf.o)
 .rodata.zeroes.8567
                0x000000000800accc       0x10 /home/arattel/Ac6/SystemWorkbench/plugins/fr.ac6.mcu.externaltools.arm-none.linux64_1.16.0.201807130628/tools/compiler/bin/../lib/gcc/arm-none-eabi/7.2.1/../../../../arm-none-eabi/lib/thumb/v7e-m/fpv4-sp/hard/libc.a(lib_a-vfprintf.o)
 .rodata._dtoa_r.str1.4
                0x000000000800acdc       0x10 /home/arattel/Ac6/SystemWorkbench/plugins/fr.ac6.mcu.externaltools.arm-none.linux64_1.16.0.201807130628/tools/compiler/bin/../lib/gcc/arm-none-eabi/7.2.1/../../../../arm-none-eabi/lib/thumb/v7e-m/fpv4-sp/hard/libc.a(lib_a-dtoa.o)
                                         0x12 (size before relaxing)
 *fill*         0x000000000800acec        0x4 
 .rodata.__mprec_bigtens
                0x000000000800acf0       0x28 /home/arattel/Ac6/SystemWorkbench/plugins/fr.ac6.mcu.externaltools.arm-none.linux64_1.16.0.201807130628/tools/compiler/bin/../lib/gcc/arm-none-eabi/7.2.1/../../../../arm-none-eabi/lib/thumb/v7e-m/fpv4-sp/hard/libc.a(lib_a-mprec.o)
                0x000000000800acf0                __mprec_bigtens
 .rodata.__mprec_tens
                0x000000000800ad18       0xc8 /home/arattel/Ac6/SystemWorkbench/plugins/fr.ac6.mcu.externaltools.arm-none.linux64_1.16.0.201807130628/tools/compiler/bin/../lib/gcc/arm-none-eabi/7.2.1/../../../../arm-none-eabi/lib/thumb/v7e-m/fpv4-sp/hard/libc.a(lib_a-mprec.o)
                0x000000000800ad18                __mprec_tens
 .rodata.p05.7367
                0x000000000800ade0        0xc /home/arattel/Ac6/SystemWorkbench/plugins/fr.ac6.mcu.externaltools.arm-none.linux64_1.16.0.201807130628/tools/compiler/bin/../lib/gcc/arm-none-eabi/7.2.1/../../../../arm-none-eabi/lib/thumb/v7e-m/fpv4-sp/hard/libc.a(lib_a-mprec.o)
 .rodata._setlocale_r.str1.4
                0x000000000800adec        0xa /home/arattel/Ac6/SystemWorkbench/plugins/fr.ac6.mcu.externaltools.arm-none.linux64_1.16.0.201807130628/tools/compiler/bin/../lib/gcc/arm-none-eabi/7.2.1/../../../../arm-none-eabi/lib/thumb/v7e-m/fpv4-sp/hard/libc.a(lib_a-locale.o)
                                          0xd (size before relaxing)
 *fill*         0x000000000800adf6        0x2 
 .rodata.str1.4
                0x000000000800adf8        0x2 /home/arattel/Ac6/SystemWorkbench/plugins/fr.ac6.mcu.externaltools.arm-none.linux64_1.16.0.201807130628/tools/compiler/bin/../lib/gcc/arm-none-eabi/7.2.1/../../../../arm-none-eabi/lib/thumb/v7e-m/fpv4-sp/hard/libc.a(lib_a-locale.o)
 *fill*         0x000000000800adfa        0x2 
 .rodata._ctype_
                0x000000000800adfc      0x101 /home/arattel/Ac6/SystemWorkbench/plugins/fr.ac6.mcu.externaltools.arm-none.linux64_1.16.0.201807130628/tools/compiler/bin/../lib/gcc/arm-none-eabi/7.2.1/../../../../arm-none-eabi/lib/thumb/v7e-m/fpv4-sp/hard/libc.a(lib_a-ctype_.o)
                0x000000000800adfc                _ctype_
 *fill*         0x000000000800aefd        0x3 
 .rodata._get_semihosting_exts.str1.4
                0x000000000800af00       0x16 /home/arattel/Ac6/SystemWorkbench/plugins/fr.ac6.mcu.externaltools.arm-none.linux64_1.16.0.201807130628/tools/compiler/bin/../lib/gcc/arm-none-eabi/7.2.1/../../../../arm-none-eabi/lib/thumb/v7e-m/fpv4-sp/hard/librdimon.a(rdimon-syscalls.o)
 *fill*         0x000000000800af16        0x2 
 .rodata.initialise_monitor_handles.str1.4
                0x000000000800af18        0x4 /home/arattel/Ac6/SystemWorkbench/plugins/fr.ac6.mcu.externaltools.arm-none.linux64_1.16.0.201807130628/tools/compiler/bin/../lib/gcc/arm-none-eabi/7.2.1/../../../../arm-none-eabi/lib/thumb/v7e-m/fpv4-sp/hard/librdimon.a(rdimon-syscalls.o)
                0x000000000800af1c                . = ALIGN (0x4)

.ARM.extab
 *(.ARM.extab* .gnu.linkonce.armextab.*)

.ARM            0x000000000800af1c        0x8
                0x000000000800af1c                __exidx_start = .
 *(.ARM.exidx*)
 .ARM.exidx     0x000000000800af1c        0x8 /home/arattel/Ac6/SystemWorkbench/plugins/fr.ac6.mcu.externaltools.arm-none.linux64_1.16.0.201807130628/tools/compiler/bin/../lib/gcc/arm-none-eabi/7.2.1/thumb/v7e-m/fpv4-sp/hard/libgcc.a(_udivmoddi4.o)
                0x000000000800af24                __exidx_end = .

.rel.dyn        0x000000000800af24        0x0
 .rel.iplt      0x000000000800af24        0x0 /home/arattel/Ac6/SystemWorkbench/plugins/fr.ac6.mcu.externaltools.arm-none.linux64_1.16.0.201807130628/tools/compiler/bin/../lib/gcc/arm-none-eabi/7.2.1/thumb/v7e-m/fpv4-sp/hard/crtbegin.o

.preinit_array  0x000000000800af24        0x0
                0x000000000800af24                PROVIDE (__preinit_array_start, .)
 *(.preinit_array*)
                0x000000000800af24                PROVIDE (__preinit_array_end, .)

.init_array     0x000000000800af24        0x8
                0x000000000800af24                PROVIDE (__init_array_start, .)
 *(SORT_BY_NAME(.init_array.*))
 .init_array.00000
                0x000000000800af24        0x4 /home/arattel/Ac6/SystemWorkbench/plugins/fr.ac6.mcu.externaltools.arm-none.linux64_1.16.0.201807130628/tools/compiler/bin/../lib/gcc/arm-none-eabi/7.2.1/../../../../arm-none-eabi/lib/thumb/v7e-m/fpv4-sp/hard/libc.a(lib_a-__call_atexit.o)
 *(.init_array*)
 .init_array    0x000000000800af28        0x4 /home/arattel/Ac6/SystemWorkbench/plugins/fr.ac6.mcu.externaltools.arm-none.linux64_1.16.0.201807130628/tools/compiler/bin/../lib/gcc/arm-none-eabi/7.2.1/thumb/v7e-m/fpv4-sp/hard/crtbegin.o
                0x000000000800af2c                PROVIDE (__init_array_end, .)

.fini_array     0x000000000800af2c        0x4
                0x000000000800af2c                PROVIDE (__fini_array_start, .)
 *(SORT_BY_NAME(.fini_array.*))
 *(.fini_array*)
 .fini_array    0x000000000800af2c        0x4 /home/arattel/Ac6/SystemWorkbench/plugins/fr.ac6.mcu.externaltools.arm-none.linux64_1.16.0.201807130628/tools/compiler/bin/../lib/gcc/arm-none-eabi/7.2.1/thumb/v7e-m/fpv4-sp/hard/crtbegin.o
                0x000000000800af30                PROVIDE (__fini_array_end, .)
                0x000000000800af30                _sidata = LOADADDR (.data)

.data           0x0000000020000000      0xa4c load address 0x000000000800af30
                0x0000000020000000                . = ALIGN (0x4)
                0x0000000020000000                _sdata = .
 *(.data)
 .data          0x0000000020000000        0x8 Drivers/STM32F4xx_HAL_Driver/Src/stm32f4xx_hal.o
                0x0000000020000000                uwTickFreq
                0x0000000020000004                uwTickPrio
 .data          0x0000000020000008       0x34 Src/l3gd20.o
                0x0000000020000008                L3gd20Drv
 .data          0x000000002000003c       0x34 Src/lsm303dlhc.o
                0x000000002000003c                Lsm303dlhcDrv
 .data          0x0000000020000070       0x1c Src/stm32f411e_discovery.o
                0x0000000020000070                SpixTimeout
                0x0000000020000074                I2cxTimeout
                0x0000000020000078                GPIO_PORT
                0x0000000020000088                BUTTON_PORT
 .data          0x000000002000008c        0x4 Src/system_stm32f4xx.o
                0x000000002000008c                SystemCoreClock
 *(.data*)
 .data.__fdlib_version
                0x0000000020000090        0x1 /home/arattel/Ac6/SystemWorkbench/plugins/fr.ac6.mcu.externaltools.arm-none.linux64_1.16.0.201807130628/tools/compiler/bin/../lib/gcc/arm-none-eabi/7.2.1/../../../../arm-none-eabi/lib/thumb/v7e-m/fpv4-sp/hard/libm.a(lib_a-s_lib_ver.o)
                0x0000000020000090                __fdlib_version
 *fill*         0x0000000020000091        0x3 
 .data._impure_ptr
                0x0000000020000094        0x4 /home/arattel/Ac6/SystemWorkbench/plugins/fr.ac6.mcu.externaltools.arm-none.linux64_1.16.0.201807130628/tools/compiler/bin/../lib/gcc/arm-none-eabi/7.2.1/../../../../arm-none-eabi/lib/thumb/v7e-m/fpv4-sp/hard/libc.a(lib_a-impure.o)
                0x0000000020000094                _impure_ptr
 .data.impure_data
                0x0000000020000098      0x428 /home/arattel/Ac6/SystemWorkbench/plugins/fr.ac6.mcu.externaltools.arm-none.linux64_1.16.0.201807130628/tools/compiler/bin/../lib/gcc/arm-none-eabi/7.2.1/../../../../arm-none-eabi/lib/thumb/v7e-m/fpv4-sp/hard/libc.a(lib_a-impure.o)
 .data.__atexit_recursive_mutex
                0x00000000200004c0        0x4 /home/arattel/Ac6/SystemWorkbench/plugins/fr.ac6.mcu.externaltools.arm-none.linux64_1.16.0.201807130628/tools/compiler/bin/../lib/gcc/arm-none-eabi/7.2.1/../../../../arm-none-eabi/lib/thumb/v7e-m/fpv4-sp/hard/libc.a(lib_a-__call_atexit.o)
                0x00000000200004c0                __atexit_recursive_mutex
 .data.__malloc_av_
                0x00000000200004c4      0x408 /home/arattel/Ac6/SystemWorkbench/plugins/fr.ac6.mcu.externaltools.arm-none.linux64_1.16.0.201807130628/tools/compiler/bin/../lib/gcc/arm-none-eabi/7.2.1/../../../../arm-none-eabi/lib/thumb/v7e-m/fpv4-sp/hard/libc.a(lib_a-mallocr.o)
                0x00000000200004c4                __malloc_av_
 .data.__malloc_sbrk_base
                0x00000000200008cc        0x4 /home/arattel/Ac6/SystemWorkbench/plugins/fr.ac6.mcu.externaltools.arm-none.linux64_1.16.0.201807130628/tools/compiler/bin/../lib/gcc/arm-none-eabi/7.2.1/../../../../arm-none-eabi/lib/thumb/v7e-m/fpv4-sp/hard/libc.a(lib_a-mallocr.o)
                0x00000000200008cc                __malloc_sbrk_base
 .data.__malloc_trim_threshold
                0x00000000200008d0        0x4 /home/arattel/Ac6/SystemWorkbench/plugins/fr.ac6.mcu.externaltools.arm-none.linux64_1.16.0.201807130628/tools/compiler/bin/../lib/gcc/arm-none-eabi/7.2.1/../../../../arm-none-eabi/lib/thumb/v7e-m/fpv4-sp/hard/libc.a(lib_a-mallocr.o)
                0x00000000200008d0                __malloc_trim_threshold
 .data.__global_locale
                0x00000000200008d4      0x16c /home/arattel/Ac6/SystemWorkbench/plugins/fr.ac6.mcu.externaltools.arm-none.linux64_1.16.0.201807130628/tools/compiler/bin/../lib/gcc/arm-none-eabi/7.2.1/../../../../arm-none-eabi/lib/thumb/v7e-m/fpv4-sp/hard/libc.a(lib_a-locale.o)
                0x00000000200008d4                __global_locale
 .data.__heap_limit
                0x0000000020000a40        0x4 /home/arattel/Ac6/SystemWorkbench/plugins/fr.ac6.mcu.externaltools.arm-none.linux64_1.16.0.201807130628/tools/compiler/bin/../lib/gcc/arm-none-eabi/7.2.1/../../../../arm-none-eabi/lib/thumb/v7e-m/fpv4-sp/hard/librdimon.a(rdimon-syscalls.o)
                0x0000000020000a40                __heap_limit
 .data.supports_ext_exit_extended
                0x0000000020000a44        0x4 /home/arattel/Ac6/SystemWorkbench/plugins/fr.ac6.mcu.externaltools.arm-none.linux64_1.16.0.201807130628/tools/compiler/bin/../lib/gcc/arm-none-eabi/7.2.1/../../../../arm-none-eabi/lib/thumb/v7e-m/fpv4-sp/hard/librdimon.a(rdimon-syscalls.o)
 .data.supports_ext_stdout_stderr
                0x0000000020000a48        0x4 /home/arattel/Ac6/SystemWorkbench/plugins/fr.ac6.mcu.externaltools.arm-none.linux64_1.16.0.201807130628/tools/compiler/bin/../lib/gcc/arm-none-eabi/7.2.1/../../../../arm-none-eabi/lib/thumb/v7e-m/fpv4-sp/hard/librdimon.a(rdimon-syscalls.o)
                0x0000000020000a4c                . = ALIGN (0x4)
                0x0000000020000a4c                _edata = .

.igot.plt       0x0000000020000a4c        0x0 load address 0x000000000800b97c
 .igot.plt      0x0000000020000a4c        0x0 /home/arattel/Ac6/SystemWorkbench/plugins/fr.ac6.mcu.externaltools.arm-none.linux64_1.16.0.201807130628/tools/compiler/bin/../lib/gcc/arm-none-eabi/7.2.1/thumb/v7e-m/fpv4-sp/hard/crtbegin.o
                0x0000000020000a4c                . = ALIGN (0x4)

.bss            0x0000000020000a4c      0x5b4 load address 0x000000000800b97c
                0x0000000020000a4c                _sbss = .
                0x0000000020000a4c                __bss_start__ = _sbss
 *(.bss)
 .bss           0x0000000020000a4c       0x1c /home/arattel/Ac6/SystemWorkbench/plugins/fr.ac6.mcu.externaltools.arm-none.linux64_1.16.0.201807130628/tools/compiler/bin/../lib/gcc/arm-none-eabi/7.2.1/thumb/v7e-m/fpv4-sp/hard/crtbegin.o
 .bss           0x0000000020000a68       0xac Src/stm32f411e_discovery.o
 .bss           0x0000000020000b14        0x4 Src/stm32f411e_discovery_accelerometer.o
 .bss           0x0000000020000b18        0x4 Src/stm32f411e_discovery_gyroscope.o
 *(.bss*)
 .bss.__malloc_current_mallinfo
                0x0000000020000b1c       0x28 /home/arattel/Ac6/SystemWorkbench/plugins/fr.ac6.mcu.externaltools.arm-none.linux64_1.16.0.201807130628/tools/compiler/bin/../lib/gcc/arm-none-eabi/7.2.1/../../../../arm-none-eabi/lib/thumb/v7e-m/fpv4-sp/hard/libc.a(lib_a-mallocr.o)
                0x0000000020000b1c                __malloc_current_mallinfo
 .bss.__malloc_max_sbrked_mem
                0x0000000020000b44        0x4 /home/arattel/Ac6/SystemWorkbench/plugins/fr.ac6.mcu.externaltools.arm-none.linux64_1.16.0.201807130628/tools/compiler/bin/../lib/gcc/arm-none-eabi/7.2.1/../../../../arm-none-eabi/lib/thumb/v7e-m/fpv4-sp/hard/libc.a(lib_a-mallocr.o)
                0x0000000020000b44                __malloc_max_sbrked_mem
 .bss.__malloc_max_total_mem
                0x0000000020000b48        0x4 /home/arattel/Ac6/SystemWorkbench/plugins/fr.ac6.mcu.externaltools.arm-none.linux64_1.16.0.201807130628/tools/compiler/bin/../lib/gcc/arm-none-eabi/7.2.1/../../../../arm-none-eabi/lib/thumb/v7e-m/fpv4-sp/hard/libc.a(lib_a-mallocr.o)
                0x0000000020000b48                __malloc_max_total_mem
 .bss.__malloc_top_pad
                0x0000000020000b4c        0x4 /home/arattel/Ac6/SystemWorkbench/plugins/fr.ac6.mcu.externaltools.arm-none.linux64_1.16.0.201807130628/tools/compiler/bin/../lib/gcc/arm-none-eabi/7.2.1/../../../../arm-none-eabi/lib/thumb/v7e-m/fpv4-sp/hard/libc.a(lib_a-mallocr.o)
                0x0000000020000b4c                __malloc_top_pad
 .bss.heap_end.7534
                0x0000000020000b50        0x4 /home/arattel/Ac6/SystemWorkbench/plugins/fr.ac6.mcu.externaltools.arm-none.linux64_1.16.0.201807130628/tools/compiler/bin/../lib/gcc/arm-none-eabi/7.2.1/../../../../arm-none-eabi/lib/thumb/v7e-m/fpv4-sp/hard/librdimon.a(rdimon-syscalls.o)
 .bss.monitor_stderr
                0x0000000020000b54        0x4 /home/arattel/Ac6/SystemWorkbench/plugins/fr.ac6.mcu.externaltools.arm-none.linux64_1.16.0.201807130628/tools/compiler/bin/../lib/gcc/arm-none-eabi/7.2.1/../../../../arm-none-eabi/lib/thumb/v7e-m/fpv4-sp/hard/librdimon.a(rdimon-syscalls.o)
 .bss.monitor_stdin
                0x0000000020000b58        0x4 /home/arattel/Ac6/SystemWorkbench/plugins/fr.ac6.mcu.externaltools.arm-none.linux64_1.16.0.201807130628/tools/compiler/bin/../lib/gcc/arm-none-eabi/7.2.1/../../../../arm-none-eabi/lib/thumb/v7e-m/fpv4-sp/hard/librdimon.a(rdimon-syscalls.o)
 .bss.monitor_stdout
                0x0000000020000b5c        0x4 /home/arattel/Ac6/SystemWorkbench/plugins/fr.ac6.mcu.externaltools.arm-none.linux64_1.16.0.201807130628/tools/compiler/bin/../lib/gcc/arm-none-eabi/7.2.1/../../../../arm-none-eabi/lib/thumb/v7e-m/fpv4-sp/hard/librdimon.a(rdimon-syscalls.o)
 .bss.openfiles
                0x0000000020000b60       0xa0 /home/arattel/Ac6/SystemWorkbench/plugins/fr.ac6.mcu.externaltools.arm-none.linux64_1.16.0.201807130628/tools/compiler/bin/../lib/gcc/arm-none-eabi/7.2.1/../../../../arm-none-eabi/lib/thumb/v7e-m/fpv4-sp/hard/librdimon.a(rdimon-syscalls.o)
 *(COMMON)
 COMMON         0x0000000020000c00        0x4 Drivers/STM32F4xx_HAL_Driver/Src/stm32f4xx_hal.o
                0x0000000020000c00                uwTick
 COMMON         0x0000000020000c04       0x54 Src/i2c.o
                0x0000000020000c04                hi2c1
 COMMON         0x0000000020000c58       0x90 Src/i2s.o
                0x0000000020000c58                hi2s2
                0x0000000020000ca0                hi2s3
 COMMON         0x0000000020000ce8       0x58 Src/spi.o
                0x0000000020000ce8                hspi1
 COMMON         0x0000000020000d40      0x298 Src/usb_otg.o
                0x0000000020000d40                hhcd_USB_OTG_FS
 COMMON         0x0000000020000fd8       0x21 /home/arattel/Ac6/SystemWorkbench/plugins/fr.ac6.mcu.externaltools.arm-none.linux64_1.16.0.201807130628/tools/compiler/bin/../lib/gcc/arm-none-eabi/7.2.1/../../../../arm-none-eabi/lib/thumb/v7e-m/fpv4-sp/hard/libc.a(lib_a-lock.o)
                0x0000000020000fd8                __lock___atexit_recursive_mutex
                0x0000000020000fdc                __lock___arc4random_mutex
                0x0000000020000fe0                __lock___env_recursive_mutex
                0x0000000020000fe4                __lock___sinit_recursive_mutex
                0x0000000020000fe8                __lock___malloc_recursive_mutex
                0x0000000020000fec                __lock___at_quick_exit_mutex
                0x0000000020000ff0                __lock___dd_hash_mutex
                0x0000000020000ff4                __lock___tz_mutex
                0x0000000020000ff8                __lock___sfp_recursive_mutex
 *fill*         0x0000000020000ff9        0x3 
 COMMON         0x0000000020000ffc        0x4 /home/arattel/Ac6/SystemWorkbench/plugins/fr.ac6.mcu.externaltools.arm-none.linux64_1.16.0.201807130628/tools/compiler/bin/../lib/gcc/arm-none-eabi/7.2.1/../../../../arm-none-eabi/lib/thumb/v7e-m/fpv4-sp/hard/libc.a(lib_a-reent.o)
                0x0000000020000ffc                errno
                0x0000000020001000                . = ALIGN (0x4)
                0x0000000020001000                _ebss = .
                0x0000000020001000                __bss_end__ = _ebss

._user_heap_stack
                0x0000000020001000      0x600 load address 0x000000000800b97c
                0x0000000020001000                . = ALIGN (0x8)
                0x0000000020001000                PROVIDE (end, .)
                [!provide]                        PROVIDE (_end, .)
                0x0000000020001200                . = (. + _Min_Heap_Size)
 *fill*         0x0000000020001000      0x200 
                0x0000000020001600                . = (. + _Min_Stack_Size)
 *fill*         0x0000000020001200      0x400 
                0x0000000020001600                . = ALIGN (0x8)

/DISCARD/
 libc.a(*)
 libm.a(*)
 libgcc.a(*)

.ARM.attributes
                0x0000000000000000       0x30
 *(.ARM.attributes)
 .ARM.attributes