Archive member included to satisfy reference by file (symbol)

/home/arattel/Ac6/SystemWorkbench/plugins/fr.ac6.mcu.externaltools.arm-none.linux64_1.16.0.201807130628/tools/compiler/bin/../lib/gcc/arm-none-eabi/7.2.1/../../../../arm-none-eabi/lib/thumb/v7e-m/fpv4-sp/hard/libm.a(lib_a-w_sqrt.o)
                              Src/main.o (sqrt)
/home/arattel/Ac6/SystemWorkbench/plugins/fr.ac6.mcu.externaltools.arm-none.linux64_1.16.0.201807130628/tools/compiler/bin/../lib/gcc/arm-none-eabi/7.2.1/../../../../arm-none-eabi/lib/thumb/v7e-m/fpv4-sp/hard/libm.a(lib_a-e_sqrt.o)
                              /home/arattel/Ac6/SystemWorkbench/plugins/fr.ac6.mcu.externaltools.arm-none.linux64_1.16.0.201807130628/tools/compiler/bin/../lib/gcc/arm-none-eabi/7.2.1/../../../../arm-none-eabi/lib/thumb/v7e-m/fpv4-sp/hard/libm.a(lib_a-w_sqrt.o) (__ieee754_sqrt)
/home/arattel/Ac6/SystemWorkbench/plugins/fr.ac6.mcu.externaltools.arm-none.linux64_1.16.0.201807130628/tools/compiler/bin/../lib/gcc/arm-none-eabi/7.2.1/../../../../arm-none-eabi/lib/thumb/v7e-m/fpv4-sp/hard/libm.a(lib_a-s_lib_ver.o)
                              /home/arattel/Ac6/SystemWorkbench/plugins/fr.ac6.mcu.externaltools.arm-none.linux64_1.16.0.201807130628/tools/compiler/bin/../lib/gcc/arm-none-eabi/7.2.1/../../../../arm-none-eabi/lib/thumb/v7e-m/fpv4-sp/hard/libm.a(lib_a-w_sqrt.o) (__fdlib_version)
/home/arattel/Ac6/SystemWorkbench/plugins/fr.ac6.mcu.externaltools.arm-none.linux64_1.16.0.201807130628/tools/compiler/bin/../lib/gcc/arm-none-eabi/7.2.1/../../../../arm-none-eabi/lib/thumb/v7e-m/fpv4-sp/hard/libm.a(lib_a-s_matherr.o)
                              /home/arattel/Ac6/SystemWorkbench/plugins/fr.ac6.mcu.externaltools.arm-none.linux64_1.16.0.201807130628/tools/compiler/bin/../lib/gcc/arm-none-eabi/7.2.1/../../../../arm-none-eabi/lib/thumb/v7e-m/fpv4-sp/hard/libm.a(lib_a-w_sqrt.o) (matherr)
/home/arattel/Ac6/SystemWorkbench/plugins/fr.ac6.mcu.externaltools.arm-none.linux64_1.16.0.201807130628/tools/compiler/bin/../lib/gcc/arm-none-eabi/7.2.1/thumb/v7e-m/fpv4-sp/hard/libgcc.a(_arm_addsubdf3.o)
                              /home/arattel/Ac6/SystemWorkbench/plugins/fr.ac6.mcu.externaltools.arm-none.linux64_1.16.0.201807130628/tools/compiler/bin/../lib/gcc/arm-none-eabi/7.2.1/../../../../arm-none-eabi/lib/thumb/v7e-m/fpv4-sp/hard/libm.a(lib_a-e_sqrt.o) (__aeabi_dsub)
/home/arattel/Ac6/SystemWorkbench/plugins/fr.ac6.mcu.externaltools.arm-none.linux64_1.16.0.201807130628/tools/compiler/bin/../lib/gcc/arm-none-eabi/7.2.1/thumb/v7e-m/fpv4-sp/hard/libgcc.a(_arm_muldivdf3.o)
                              Src/main.o (__aeabi_dmul)
/home/arattel/Ac6/SystemWorkbench/plugins/fr.ac6.mcu.externaltools.arm-none.linux64_1.16.0.201807130628/tools/compiler/bin/../lib/gcc/arm-none-eabi/7.2.1/thumb/v7e-m/fpv4-sp/hard/libgcc.a(_arm_cmpdf2.o)
                              Src/main.o (__aeabi_dcmplt)
/home/arattel/Ac6/SystemWorkbench/plugins/fr.ac6.mcu.externaltools.arm-none.linux64_1.16.0.201807130628/tools/compiler/bin/../lib/gcc/arm-none-eabi/7.2.1/thumb/v7e-m/fpv4-sp/hard/libgcc.a(_arm_unorddf2.o)
                              /home/arattel/Ac6/SystemWorkbench/plugins/fr.ac6.mcu.externaltools.arm-none.linux64_1.16.0.201807130628/tools/compiler/bin/../lib/gcc/arm-none-eabi/7.2.1/../../../../arm-none-eabi/lib/thumb/v7e-m/fpv4-sp/hard/libm.a(lib_a-w_sqrt.o) (__aeabi_dcmpun)
/home/arattel/Ac6/SystemWorkbench/plugins/fr.ac6.mcu.externaltools.arm-none.linux64_1.16.0.201807130628/tools/compiler/bin/../lib/gcc/arm-none-eabi/7.2.1/thumb/v7e-m/fpv4-sp/hard/libgcc.a(_aeabi_uldivmod.o)
                              Drivers/STM32F4xx_HAL_Driver/Src/stm32f4xx_hal_rcc.o (__aeabi_uldivmod)
/home/arattel/Ac6/SystemWorkbench/plugins/fr.ac6.mcu.externaltools.arm-none.linux64_1.16.0.201807130628/tools/compiler/bin/../lib/gcc/arm-none-eabi/7.2.1/thumb/v7e-m/fpv4-sp/hard/libgcc.a(_udivmoddi4.o)
                              /home/arattel/Ac6/SystemWorkbench/plugins/fr.ac6.mcu.externaltools.arm-none.linux64_1.16.0.201807130628/tools/compiler/bin/../lib/gcc/arm-none-eabi/7.2.1/thumb/v7e-m/fpv4-sp/hard/libgcc.a(_aeabi_uldivmod.o) (__udivmoddi4)
/home/arattel/Ac6/SystemWorkbench/plugins/fr.ac6.mcu.externaltools.arm-none.linux64_1.16.0.201807130628/tools/compiler/bin/../lib/gcc/arm-none-eabi/7.2.1/thumb/v7e-m/fpv4-sp/hard/libgcc.a(_dvmd_tls.o)
                              /home/arattel/Ac6/SystemWorkbench/plugins/fr.ac6.mcu.externaltools.arm-none.linux64_1.16.0.201807130628/tools/compiler/bin/../lib/gcc/arm-none-eabi/7.2.1/thumb/v7e-m/fpv4-sp/hard/libgcc.a(_aeabi_uldivmod.o) (__aeabi_ldiv0)
/home/arattel/Ac6/SystemWorkbench/plugins/fr.ac6.mcu.externaltools.arm-none.linux64_1.16.0.201807130628/tools/compiler/bin/../lib/gcc/arm-none-eabi/7.2.1/../../../../arm-none-eabi/lib/thumb/v7e-m/fpv4-sp/hard/libc.a(lib_a-errno.o)
[...]
Memory Configuration

Name             Origin             Length             Attributes
RAM              0x0000000020000000 0x0000000000020000 xrw
FLASH            0x0000000008000000 0x0000000000080000 xr
*default*        0x0000000000000000 0xffffffffffffffff

Linker script and memory map

LOAD /home/arattel/Ac6/SystemWorkbench/plugins/fr.ac6.mcu.externaltools.arm-none.linux64_1.16.0.201807130628/tools/compiler/bin/../lib/gcc/arm-none-eabi/7.2.1/thumb/v7e-m/fpv4-sp/hard/crti.o
LOAD /home/arattel/Ac6/SystemWorkbench/plugins/fr.ac6.mcu.externaltools.arm-none.linux64_1.16.0.201807130628/tools/compiler/bin/../lib/gcc/arm-none-eabi/7.2.1/thumb/v7e-m/fpv4-sp/hard/crtbegin.o
LOAD /home/arattel/Ac6/SystemWorkbench/plugins/fr.ac6.mcu.externaltools.arm-none.linux64_1.16.0.201807130628/tools/compiler/bin/../lib/gcc/arm-none-eabi/7.2.1/../../../../arm-none-eabi/lib/thumb/v7e-m/fpv4-sp/hard/rdimon-crt0.o
LOAD Drivers/STM32F4xx_HAL_Driver/Src/stm32f4xx_hal.o
LOAD Drivers/STM32F4xx_HAL_Driver/Src/stm32f4xx_hal_cortex.o
LOAD Drivers/STM32F4xx_HAL_Driver/Src/stm32f4xx_hal_dma.o
LOAD Drivers/STM32F4xx_HAL_Driver/Src/stm32f4xx_hal_dma_ex.o
LOAD Drivers/STM32F4xx_HAL_Driver/Src/stm32f4xx_hal_flash.o
LOAD Drivers/STM32F4xx_HAL_Driver/Src/stm32f4xx_hal_flash_ex.o
LOAD Drivers/STM32F4xx_HAL_Driver/Src/stm32f4xx_hal_flash_ramfunc.o
LOAD Drivers/STM32F4xx_HAL_Driver/Src/stm32f4xx_hal_gpio.o
LOAD Drivers/STM32F4xx_HAL_Driver/Src/stm32f4xx_hal_hcd.o
LOAD Drivers/STM32F4xx_HAL_Driver/Src/stm32f4xx_hal_i2c.o
LOAD Drivers/STM32F4xx_HAL_Driver/Src/stm32f4xx_hal_i2c_ex.o
LOAD Drivers/STM32F4xx_HAL_Driver/Src/stm32f4xx_hal_i2s.o
LOAD Drivers/STM32F4xx_HAL_Driver/Src/stm32f4xx_hal_i2s_ex.o
LOAD Drivers/STM32F4xx_HAL_Driver/Src/stm32f4xx_hal_pwr.o
LOAD Drivers/STM32F4xx_HAL_Driver/Src/stm32f4xx_hal_pwr_ex.o
LOAD Drivers/STM32F4xx_HAL_Driver/Src/stm32f4xx_hal_rcc.o
LOAD Drivers/STM32F4xx_HAL_Driver/Src/stm32f4xx_hal_rcc_ex.o
LOAD Drivers/STM32F4xx_HAL_Driver/Src/stm32f4xx_hal_spi.o
LOAD Drivers/STM32F4xx_HAL_Driver/Src/stm32f4xx_hal_tim.o
LOAD Drivers/STM32F4xx_HAL_Driver/Src/stm32f4xx_hal_tim_ex.o
LOAD Drivers/STM32F4xx_HAL_Driver/Src/stm32f4xx_ll_usb.o
LOAD Src/gpio.o
LOAD Src/i2c.o
LOAD Src/i2s.o
LOAD Src/l3gd20.o
LOAD Src/lcd5110.o
LOAD Src/lcd5110_hal.o
LOAD Src/lcd5110_ll.o
LOAD Src/lsm303dlhc.o
LOAD Src/main.o
LOAD Src/spi.o
LOAD Src/stm32f411e_discovery.o
LOAD Src/stm32f411e_discovery_accelerometer.o
LOAD Src/stm32f411e_discovery_gyroscope.o
LOAD Src/stm32f4xx_hal_msp.o
LOAD Src/stm32f4xx_it.o
LOAD Src/system_stm32f4xx.o
LOAD Src/usb_otg.o
LOAD startup/startup_stm32f411xe.o
LOAD /home/arattel/Ac6/SystemWorkbench/plugins/fr.ac6.mcu.externaltools.arm-none.linux64_1.16.0.201807130628/tools/compiler/bin/../lib/gcc/arm-none-eabi/7.2.1/../../../../arm-none-eabi/lib/thumb/v7e-m/fpv4-sp/hard/libm.a
START GROUP
LOAD /home/arattel/Ac6/SystemWorkbench/plugins/fr.ac6.mcu.externaltools.arm-none.linux64_1.16.0.201807130628/tools/compiler/bin/../lib/gcc/arm-none-eabi/7.2.1/thumb/v7e-m/fpv4-sp/hard/libgcc.a
LOAD /home/arattel/Ac6/SystemWorkbench/plugins/fr.ac6.mcu.externaltools.arm-none.linux64_1.16.0.201807130628/tools/compiler/bin/../lib/gcc/arm-none-eabi/7.2.1/../../../../arm-none-eabi/lib/thumb/v7e-m/fpv4-sp/hard/libc.a
END GROUP
START GROUP
LOAD /home/arattel/Ac6/SystemWorkbench/plugins/fr.ac6.mcu.externaltools.arm-none.linux64_1.16.0.201807130628/tools/compiler/bin/../lib/gcc/arm-none-eabi/7.2.1/thumb/v7e-m/fpv4-sp/hard/libgcc.a
LOAD /home/arattel/Ac6/SystemWorkbench/plugins/fr.ac6.mcu.externaltools.arm-none.linux64_1.16.0.201807130628/tools/compiler/bin/../lib/gcc/arm-none-eabi/7.2.1/../../../../arm-none-eabi/lib/thumb/v7e-m/fpv4-sp/hard/libc.a
LOAD /home/arattel/Ac6/SystemWorkbench/plugins/fr.ac6.mcu.externaltools.arm-none.linux64_1.16.0.201807130628/tools/compiler/bin/../lib/gcc/arm-none-eabi/7.2.1/../../../../arm-none-eabi/lib/thumb/v7e-m/fpv4-sp/hard/librdimon.a
END GROUP
LOAD /home/arattel/Ac6/SystemWorkbench/plugins/fr.ac6.mcu.externaltools.arm-none.linux64_1.16.0.201807130628/tools/compiler/bin/../lib/gcc/arm-none-eabi/7.2.1/thumb/v7e-m/fpv4-sp/hard/crtend.o
LOAD /home/arattel/Ac6/SystemWorkbench/plugins/fr.ac6.mcu.externaltools.arm-none.linux64_1.16.0.201807130628/tools/compiler/bin/../lib/gcc/arm-none-eabi/7.2.1/thumb/v7e-m/fpv4-sp/hard/crtn.o
                0x0000000020020000                _estack = 0x20020000
                0x0000000000000200                _Min_Heap_Size = 0x200
                0x0000000000000400                _Min_Stack_Size = 0x400

.isr_vector     0x0000000008000000      0x198
                0x0000000008000000                . = ALIGN (0x4)
 *(.isr_vector)
 .isr_vector    0x0000000008000000      0x198 startup/startup_stm32f411xe.o
                0x0000000008000000                g_pfnVectors
                0x0000000008000198                . = ALIGN (0x4)

.text           0x00000000080001c0     0xc220
                0x00000000080001c0                . = ALIGN (0x4)
 *(.text)
 .text          0x00000000080001c0       0x40 /home/arattel/Ac6/SystemWorkbench/plugins/fr.ac6.mcu.externaltools.arm-none.linux64_1.16.0.201807130628/tools/compiler/bin/../lib/gcc/arm-none-eabi/7.2.1/thumb/v7e-m/fpv4-sp/hard/crtbegin.o
 .text          0x0000000008000200      0x378 /home/arattel/Ac6/SystemWorkbench/plugins/fr.ac6.mcu.externaltools.arm-none.linux64_1.16.0.201807130628/tools/compiler/bin/../lib/gcc/arm-none-eabi/7.2.1/thumb/v7e-m/fpv4-sp/hard/libgcc.a(_arm_addsubdf3.o)
                0x0000000008000200                __aeabi_drsub
                0x0000000008000208                __aeabi_dsub
                0x0000000008000208                __subdf3
                0x000000000800020c                __adddf3
                0x000000000800020c                __aeabi_dadd
                0x0000000008000484                __aeabi_ui2d
                0x0000000008000484                __floatunsidf
                0x00000000080004a4                __floatsidf
                0x00000000080004a4                __aeabi_i2d
                0x00000000080004c8                __extendsfdf2
                0x00000000080004c8                __aeabi_f2d
                0x000000000800050c                __aeabi_ul2d
                0x000000000800050c                __floatundidf
                0x000000000800051c                __floatdidf
                0x000000000800051c                __aeabi_l2d
 .text          0x0000000008000578      0x424 /home/arattel/Ac6/SystemWorkbench/plugins/fr.ac6.mcu.externaltools.arm-none.linux64_1.16.0.201807130628/tools/compiler/bin/../lib/gcc/arm-none-eabi/7.2.1/thumb/v7e-m/fpv4-sp/hard/libgcc.a(_arm_muldivdf3.o)
                0x0000000008000578                __aeabi_dmul
                0x0000000008000578                __muldf3
                0x00000000080007cc                __aeabi_ddiv
                0x00000000080007cc                __divdf3
 .text          0x000000000800099c      0x110 /home/arattel/Ac6/SystemWorkbench/plugins/fr.ac6.mcu.externaltools.arm-none.linux64_1.16.0.201807130628/tools/compiler/bin/../lib/gcc/arm-none-eabi/7.2.1/thumb/v7e-m/fpv4-sp/hard/libgcc.a(_arm_cmpdf2.o)
                0x000000000800099c                __gtdf2
                0x000000000800099c                __gedf2
                0x00000000080009a4                __ltdf2
                0x00000000080009a4                __ledf2
                0x00000000080009ac                __cmpdf2
                0x00000000080009ac                __eqdf2
                0x00000000080009ac                __nedf2
                0x0000000008000a28                __aeabi_cdrcmple
                0x0000000008000a38                __aeabi_cdcmple
                0x0000000008000a38                __aeabi_cdcmpeq
                0x0000000008000a48                __aeabi_dcmpeq
                0x0000000008000a5c                __aeabi_dcmplt
                0x0000000008000a70                __aeabi_dcmple
                0x0000000008000a84                __aeabi_dcmpge
                0x0000000008000a98                __aeabi_dcmpgt
 .text          0x0000000008000aac       0x2c /home/arattel/Ac6/SystemWorkbench/plugins/fr.ac6.mcu.externaltools.arm-none.linux64_1.16.0.201807130628/tools/compiler/bin/../lib/gcc/arm-none-eabi/7.2.1/thumb/v7e-m/fpv4-sp/hard/libgcc.a(_arm_unorddf2.o)
                0x0000000008000aac                __aeabi_dcmpun
                0x0000000008000aac                __unorddf2
 .text          0x0000000008000ad8       0x30 /home/arattel/Ac6/SystemWorkbench/plugins/fr.ac6.mcu.externaltools.arm-none.linux64_1.16.0.201807130628/tools/compiler/bin/../lib/gcc/arm-none-eabi/7.2.1/thumb/v7e-m/fpv4-sp/hard/libgcc.a(_aeabi_uldivmod.o)
                0x0000000008000ad8                __aeabi_uldivmod
 .text          0x0000000008000b08      0x2cc /home/arattel/Ac6/SystemWorkbench/plugins/fr.ac6.mcu.externaltools.arm-none.linux64_1.16.0.201807130628/tools/compiler/bin/../lib/gcc/arm-none-eabi/7.2.1/thumb/v7e-m/fpv4-sp/hard/libgcc.a(_udivmoddi4.o)
                0x0000000008000b08                __udivmoddi4
 .text          0x0000000008000dd4        0x4 /home/arattel/Ac6/SystemWorkbench/plugins/fr.ac6.mcu.externaltools.arm-none.linux64_1.16.0.201807130628/tools/compiler/bin/../lib/gcc/arm-none-eabi/7.2.1/thumb/v7e-m/fpv4-sp/hard/libgcc.a(_dvmd_tls.o)
                0x0000000008000dd4                __aeabi_ldiv0
                0x0000000008000dd4                __aeabi_idiv0
 *fill*         0x0000000008000dd8        0x8 
 .text          0x0000000008000de0       0xa0 /home/arattel/Ac6/SystemWorkbench/plugins/fr.ac6.mcu.externaltools.arm-none.linux64_1.16.0.201807130628/tools/compiler/bin/../lib/gcc/arm-none-eabi/7.2.1/../../../../arm-none-eabi/lib/thumb/v7e-m/fpv4-sp/hard/libc.a(lib_a-memchr.o)
                0x0000000008000de0                memchr
 .text          0x0000000008000e80      0x134 /home/arattel/Ac6/SystemWorkbench/plugins/fr.ac6.mcu.externaltools.arm-none.linux64_1.16.0.201807130628/tools/compiler/bin/../lib/gcc/arm-none-eabi/7.2.1/../../../../arm-none-eabi/lib/thumb/v7e-m/fpv4-sp/hard/libc.a(lib_a-memcpy.o)
                0x0000000008000e80                memcpy
 *fill*         0x0000000008000fb4        0xc 
 .text          0x0000000008000fc0       0xdc /home/arattel/Ac6/SystemWorkbench/plugins/fr.ac6.mcu.externaltools.arm-none.linux64_1.16.0.201807130628/tools/compiler/bin/../lib/gcc/arm-none-eabi/7.2.1/../../../../arm-none-eabi/lib/thumb/v7e-m/fpv4-sp/hard/libc.a(lib_a-strlen.o)
                0x0000000008000fc0                strlen
 .text          0x000000000800109c       0x50 /home/arattel/Ac6/SystemWorkbench/plugins/fr.ac6.mcu.externaltools.arm-none.linux64_1.16.0.201807130628/tools/compiler/bin/../lib/gcc/arm-none-eabi/7.2.1/thumb/v7e-m/fpv4-sp/hard/libgcc.a(_arm_fixdfsi.o)
                0x000000000800109c                __fixdfsi
                0x000000000800109c                __aeabi_d2iz
 *(.text*)
 .text.HAL_InitTick
                0x00000000080010ec       0x48 Drivers/STM32F4xx_HAL_Driver/Src/stm32f4xx_hal.o
                0x00000000080010ec                HAL_InitTick
 .text.HAL_Init
                0x0000000008001134       0x34 Drivers/STM32F4xx_HAL_Driver/Src/stm32f4xx_hal.o
                0x0000000008001134                HAL_Init
 .text.HAL_IncTick
                0x0000000008001168       0x18 Drivers/STM32F4xx_HAL_Driver/Src/stm32f4xx_hal.o
                0x0000000008001168                HAL_IncTick
 .text.HAL_GetTick
                0x0000000008001180        0xc Drivers/STM32F4xx_HAL_Driver/Src/stm32f4xx_hal.o
                0x0000000008001180                HAL_GetTick
 .text.HAL_Delay
                0x000000000800118c       0x28 Drivers/STM32F4xx_HAL_Driver/Src/stm32f4xx_hal.o
                0x000000000800118c                HAL_Delay
 .text.HAL_NVIC_SetPriorityGrouping
                0x00000000080011b4       0x3c Drivers/STM32F4xx_HAL_Driver/Src/stm32f4xx_hal_cortex.o
                0x00000000080011b4                HAL_NVIC_SetPriorityGrouping
 .text.HAL_NVIC_SetPriority
                0x00000000080011f0       0x8c Drivers/STM32F4xx_HAL_Driver/Src/stm32f4xx_hal_cortex.o
                0x00000000080011f0                HAL_NVIC_SetPriority
 .text.HAL_NVIC_EnableIRQ
                0x000000000800127c       0x2c Drivers/STM32F4xx_HAL_Driver/Src/stm32f4xx_hal_cortex.o
                0x000000000800127c                HAL_NVIC_EnableIRQ
 .text.HAL_SYSTICK_Config
                0x00000000080012a8       0x2c Drivers/STM32F4xx_HAL_Driver/Src/stm32f4xx_hal_cortex.o
                0x00000000080012a8                HAL_SYSTICK_Config
 .text.HAL_SYSTICK_CLKSourceConfig
                0x00000000080012d4       0x3c Drivers/STM32F4xx_HAL_Driver/Src/stm32f4xx_hal_cortex.o
                0x00000000080012d4                HAL_SYSTICK_CLKSourceConfig
 .text.HAL_SYSTICK_Callback
                0x0000000008001310        0x2 Drivers/STM32F4xx_HAL_Driver/Src/stm32f4xx_hal_cortex.o
                0x0000000008001310                HAL_SYSTICK_Callback
 .text.HAL_SYSTICK_IRQHandler
                0x0000000008001312        0x8 Drivers/STM32F4xx_HAL_Driver/Src/stm32f4xx_hal_cortex.o
                0x0000000008001312                HAL_SYSTICK_IRQHandler
 *fill*         0x000000000800131a        0x2 
 .text.HAL_GPIO_Init
                0x000000000800131c      0x2b4 Drivers/STM32F4xx_HAL_Driver/Src/stm32f4xx_hal_gpio.o
                0x000000000800131c                HAL_GPIO_Init
 .text.HAL_GPIO_DeInit
                0x00000000080015d0      0x134 Drivers/STM32F4xx_HAL_Driver/Src/stm32f4xx_hal_gpio.o
                0x00000000080015d0                HAL_GPIO_DeInit
 .text.HAL_GPIO_WritePin
                0x0000000008001704       0x38 Drivers/STM32F4xx_HAL_Driver/Src/stm32f4xx_hal_gpio.o
                0x0000000008001704                HAL_GPIO_WritePin
 .text.HCD_RXQLVL_IRQHandler
                0x000000000800173c       0x7c Drivers/STM32F4xx_HAL_Driver/Src/stm32f4xx_hal_hcd.o
 .text.HAL_HCD_Init
                0x00000000080017b8       0x90 Drivers/STM32F4xx_HAL_Driver/Src/stm32f4xx_hal_hcd.o
                0x00000000080017b8                HAL_HCD_Init
 .text.HAL_HCD_SOF_Callback
                0x0000000008001848        0x2 Drivers/STM32F4xx_HAL_Driver/Src/stm32f4xx_hal_hcd.o
                0x0000000008001848                HAL_HCD_SOF_Callback
 .text.HAL_HCD_Connect_Callback
                0x000000000800184a        0x2 Drivers/STM32F4xx_HAL_Driver/Src/stm32f4xx_hal_hcd.o
                0x000000000800184a                HAL_HCD_Connect_Callback
 .text.HCD_Port_IRQHandler
                0x000000000800184c       0xc8 Drivers/STM32F4xx_HAL_Driver/Src/stm32f4xx_hal_hcd.o
 .text.HAL_HCD_Disconnect_Callback
                0x0000000008001914        0x2 Drivers/STM32F4xx_HAL_Driver/Src/stm32f4xx_hal_hcd.o
                0x0000000008001914                HAL_HCD_Disconnect_Callback
 .text.HAL_HCD_HC_NotifyURBChange_Callback
                0x0000000008001916        0x2 Drivers/STM32F4xx_HAL_Driver/Src/stm32f4xx_hal_hcd.o
                0x0000000008001916                HAL_HCD_HC_NotifyURBChange_Callback
 .text.HCD_HC_IN_IRQHandler
                0x0000000008001918      0x28c Drivers/STM32F4xx_HAL_Driver/Src/stm32f4xx_hal_hcd.o
 .text.HCD_HC_OUT_IRQHandler
                0x0000000008001ba4      0x29e Drivers/STM32F4xx_HAL_Driver/Src/stm32f4xx_hal_hcd.o
 .text.HAL_HCD_IRQHandler
                0x0000000008001e42      0x142 Drivers/STM32F4xx_HAL_Driver/Src/stm32f4xx_hal_hcd.o
                0x0000000008001e42                HAL_HCD_IRQHandler
 .text.I2C_IsAcknowledgeFailed
                0x0000000008001f84       0x2a Drivers/STM32F4xx_HAL_Driver/Src/stm32f4xx_hal_i2c.o
 .text.I2C_WaitOnFlagUntilTimeout
                0x0000000008001fae       0x68 Drivers/STM32F4xx_HAL_Driver/Src/stm32f4xx_hal_i2c.o
 .text.I2C_WaitOnMasterAddressFlagUntilTimeout
                0x0000000008002016       0x90 Drivers/STM32F4xx_HAL_Driver/Src/stm32f4xx_hal_i2c.o
 .text.I2C_WaitOnTXEFlagUntilTimeout
                0x00000000080020a6       0x4e Drivers/STM32F4xx_HAL_Driver/Src/stm32f4xx_hal_i2c.o
 .text.I2C_RequestMemoryWrite
                0x00000000080020f4       0xd8 Drivers/STM32F4xx_HAL_Driver/Src/stm32f4xx_hal_i2c.o
 .text.I2C_RequestMemoryRead
                0x00000000080021cc      0x148 Drivers/STM32F4xx_HAL_Driver/Src/stm32f4xx_hal_i2c.o
 .text.I2C_WaitOnBTFFlagUntilTimeout
                0x0000000008002314       0x4e Drivers/STM32F4xx_HAL_Driver/Src/stm32f4xx_hal_i2c.o
 .text.I2C_WaitOnRXNEFlagUntilTimeout
                0x0000000008002362       0x5c Drivers/STM32F4xx_HAL_Driver/Src/stm32f4xx_hal_i2c.o
 *fill*         0x00000000080023be        0x2 
 .text.HAL_I2C_Init
                0x00000000080023c0      0x1f8 Drivers/STM32F4xx_HAL_Driver/Src/stm32f4xx_hal_i2c.o
                0x00000000080023c0                HAL_I2C_Init
 .text.HAL_I2C_DeInit
                0x00000000080025b8       0x60 Drivers/STM32F4xx_HAL_Driver/Src/stm32f4xx_hal_i2c.o
                0x00000000080025b8                HAL_I2C_DeInit
 .text.HAL_I2C_Mem_Write
                0x0000000008002618      0x194 Drivers/STM32F4xx_HAL_Driver/Src/stm32f4xx_hal_i2c.o
                0x0000000008002618                HAL_I2C_Mem_Write
 .text.HAL_I2C_Mem_Read
                0x00000000080027ac      0x300 Drivers/STM32F4xx_HAL_Driver/Src/stm32f4xx_hal_i2c.o
                0x00000000080027ac                HAL_I2C_Mem_Read
 .text.HAL_I2C_GetState
                0x0000000008002aac        0x6 Drivers/STM32F4xx_HAL_Driver/Src/stm32f4xx_hal_i2c.o
                0x0000000008002aac                HAL_I2C_GetState
 .text.HAL_I2S_TxCpltCallback
                0x0000000008002ab2        0x2 Drivers/STM32F4xx_HAL_Driver/Src/stm32f4xx_hal_i2s.o
                0x0000000008002ab2                HAL_I2S_TxCpltCallback
 .text.I2S_Transmit_IT
                0x0000000008002ab4       0x38 Drivers/STM32F4xx_HAL_Driver/Src/stm32f4xx_hal_i2s.o
 .text.HAL_I2S_RxCpltCallback
                0x0000000008002aec        0x2 Drivers/STM32F4xx_HAL_Driver/Src/stm32f4xx_hal_i2s.o
                0x0000000008002aec                HAL_I2S_RxCpltCallback
 .text.I2S_Receive_IT
                0x0000000008002aee       0x38 Drivers/STM32F4xx_HAL_Driver/Src/stm32f4xx_hal_i2s.o
 .text.HAL_I2S_ErrorCallback
                0x0000000008002b26        0x2 Drivers/STM32F4xx_HAL_Driver/Src/stm32f4xx_hal_i2s.o
                0x0000000008002b26                HAL_I2S_ErrorCallback
 .text.HAL_I2S_Init
                0x0000000008002b28      0x290 Drivers/STM32F4xx_HAL_Driver/Src/stm32f4xx_hal_i2s.o
                0x0000000008002b28                HAL_I2S_Init
 .text.I2S_IRQHandler
                0x0000000008002db8       0xd8 Drivers/STM32F4xx_HAL_Driver/Src/stm32f4xx_hal_i2s.o
 .text.HAL_I2SEx_TxRxCpltCallback
                0x0000000008002e90        0x2 Drivers/STM32F4xx_HAL_Driver/Src/stm32f4xx_hal_i2s_ex.o
                0x0000000008002e90                HAL_I2SEx_TxRxCpltCallback
 *fill*         0x0000000008002e92        0x2 
 .text.I2SEx_FullDuplexTx_IT
                0x0000000008002e94       0xa0 Drivers/STM32F4xx_HAL_Driver/Src/stm32f4xx_hal_i2s_ex.o
 .text.I2SEx_FullDuplexRx_IT
                0x0000000008002f34       0xa0 Drivers/STM32F4xx_HAL_Driver/Src/stm32f4xx_hal_i2s_ex.o
 .text.HAL_I2SEx_FullDuplex_IRQHandler
                0x0000000008002fd4      0x208 Drivers/STM32F4xx_HAL_Driver/Src/stm32f4xx_hal_i2s_ex.o
                0x0000000008002fd4                HAL_I2SEx_FullDuplex_IRQHandler
 .text.HAL_RCC_OscConfig
                0x00000000080031dc      0x4a0 Drivers/STM32F4xx_HAL_Driver/Src/stm32f4xx_hal_rcc.o
                0x00000000080031dc                HAL_RCC_OscConfig
 .text.HAL_RCC_GetSysClockFreq
                0x000000000800367c       0xd8 Drivers/STM32F4xx_HAL_Driver/Src/stm32f4xx_hal_rcc.o
                0x000000000800367c                HAL_RCC_GetSysClockFreq
 .text.HAL_RCC_ClockConfig
                0x0000000008003754      0x214 Drivers/STM32F4xx_HAL_Driver/Src/stm32f4xx_hal_rcc.o
                0x0000000008003754                HAL_RCC_ClockConfig
 .text.HAL_RCC_GetHCLKFreq
                0x0000000008003968        0xc Drivers/STM32F4xx_HAL_Driver/Src/stm32f4xx_hal_rcc.o
                0x0000000008003968                HAL_RCC_GetHCLKFreq
 .text.HAL_RCC_GetPCLK1Freq
                0x0000000008003974       0x20 Drivers/STM32F4xx_HAL_Driver/Src/stm32f4xx_hal_rcc.o
                0x0000000008003974                HAL_RCC_GetPCLK1Freq
 .text.HAL_RCCEx_PeriphCLKConfig
                0x0000000008003994      0x2cc Drivers/STM32F4xx_HAL_Driver/Src/stm32f4xx_hal_rcc_ex.o
                0x0000000008003994                HAL_RCCEx_PeriphCLKConfig
 .text.HAL_RCCEx_GetPeriphCLKFreq
                0x0000000008003c60       0x78 Drivers/STM32F4xx_HAL_Driver/Src/stm32f4xx_hal_rcc_ex.o
                0x0000000008003c60                HAL_RCCEx_GetPeriphCLKFreq
 .text.SPI_WaitFlagStateUntilTimeout
                0x0000000008003cd8       0x96 Drivers/STM32F4xx_HAL_Driver/Src/stm32f4xx_hal_spi.o
 .text.SPI_CheckFlag_BSY
                0x0000000008003d6e       0x28 Drivers/STM32F4xx_HAL_Driver/Src/stm32f4xx_hal_spi.o
 *fill*         0x0000000008003d96        0x2 
 .text.HAL_SPI_Init
                0x0000000008003d98      0x1a4 Drivers/STM32F4xx_HAL_Driver/Src/stm32f4xx_hal_spi.o
                0x0000000008003d98                HAL_SPI_Init
 .text.HAL_SPI_DeInit
                0x0000000008003f3c       0x68 Drivers/STM32F4xx_HAL_Driver/Src/stm32f4xx_hal_spi.o
                0x0000000008003f3c                HAL_SPI_DeInit
 .text.HAL_SPI_Transmit
                0x0000000008003fa4      0x1c0 Drivers/STM32F4xx_HAL_Driver/Src/stm32f4xx_hal_spi.o
                0x0000000008003fa4                HAL_SPI_Transmit
 .text.HAL_SPI_TransmitReceive
                0x0000000008004164      0x24c Drivers/STM32F4xx_HAL_Driver/Src/stm32f4xx_hal_spi.o
                0x0000000008004164                HAL_SPI_TransmitReceive
 .text.HAL_SPI_GetState
                0x00000000080043b0        0x6 Drivers/STM32F4xx_HAL_Driver/Src/stm32f4xx_hal_spi.o
                0x00000000080043b0                HAL_SPI_GetState
 .text.USB_CoreInit
                0x00000000080043b6       0x7c Drivers/STM32F4xx_HAL_Driver/Src/stm32f4xx_ll_usb.o
                0x00000000080043b6                USB_CoreInit
 .text.USB_DisableGlobalInt
                0x0000000008004432        0xc Drivers/STM32F4xx_HAL_Driver/Src/stm32f4xx_ll_usb.o
                0x0000000008004432                USB_DisableGlobalInt
 .text.USB_SetCurrentMode
                0x000000000800443e       0x2c Drivers/STM32F4xx_HAL_Driver/Src/stm32f4xx_ll_usb.o
                0x000000000800443e                USB_SetCurrentMode
 *fill*         0x000000000800446a        0x2 
 .text.USB_FlushTxFifo
                0x000000000800446c       0x28 Drivers/STM32F4xx_HAL_Driver/Src/stm32f4xx_ll_usb.o
                0x000000000800446c                USB_FlushTxFifo
 .text.USB_FlushRxFifo
                0x0000000008004494       0x24 Drivers/STM32F4xx_HAL_Driver/Src/stm32f4xx_ll_usb.o
                0x0000000008004494                USB_FlushRxFifo
 .text.USB_ReadPacket
                0x00000000080044b8       0x28 Drivers/STM32F4xx_HAL_Driver/Src/stm32f4xx_ll_usb.o
                0x00000000080044b8                USB_ReadPacket
 .text.USB_ReadInterrupts
                0x00000000080044e0        0x8 Drivers/STM32F4xx_HAL_Driver/Src/stm32f4xx_ll_usb.o
                0x00000000080044e0                USB_ReadInterrupts
 .text.USB_GetMode
                0x00000000080044e8        0x8 Drivers/STM32F4xx_HAL_Driver/Src/stm32f4xx_ll_usb.o
                0x00000000080044e8                USB_GetMode
 .text.USB_CoreReset
                0x00000000080044f0       0x3c Drivers/STM32F4xx_HAL_Driver/Src/stm32f4xx_ll_usb.o
 .text.USB_HostInit
                0x000000000800452c       0xec Drivers/STM32F4xx_HAL_Driver/Src/stm32f4xx_ll_usb.o
                0x000000000800452c                USB_HostInit
 .text.USB_InitFSLSPClkSel
                0x0000000008004618       0x40 Drivers/STM32F4xx_HAL_Driver/Src/stm32f4xx_ll_usb.o
                0x0000000008004618                USB_InitFSLSPClkSel
 .text.USB_DriveVbus
                0x0000000008004658       0x42 Drivers/STM32F4xx_HAL_Driver/Src/stm32f4xx_ll_usb.o
                0x0000000008004658                USB_DriveVbus
 .text.USB_HC_ReadInterrupt
                0x000000000800469a       0x1e Drivers/STM32F4xx_HAL_Driver/Src/stm32f4xx_ll_usb.o
                0x000000000800469a                USB_HC_ReadInterrupt
 .text.USB_HC_Halt
                0x00000000080046b8      0x1c2 Drivers/STM32F4xx_HAL_Driver/Src/stm32f4xx_ll_usb.o
                0x00000000080046b8                USB_HC_Halt
 *fill*         0x000000000800487a        0x2 
 .text.MX_GPIO_Init
                0x000000000800487c      0x1cc Src/gpio.o
                0x000000000800487c                MX_GPIO_Init
 .text.MX_I2C1_Init
                0x0000000008004a48       0x44 Src/i2c.o
                0x0000000008004a48                MX_I2C1_Init
 .text.HAL_I2C_MspInit
                0x0000000008004a8c       0x54 Src/i2c.o
                0x0000000008004a8c                HAL_I2C_MspInit
 .text.HAL_I2C_MspDeInit
                0x0000000008004ae0       0x30 Src/i2c.o
                0x0000000008004ae0                HAL_I2C_MspDeInit
 .text.MX_I2S2_Init
                0x0000000008004b10       0x44 Src/i2s.o
                0x0000000008004b10                MX_I2S2_Init
 .text.MX_I2S3_Init
                0x0000000008004b54       0x44 Src/i2s.o
                0x0000000008004b54                MX_I2S3_Init
 .text.HAL_I2S_MspInit
                0x0000000008004b98       0xd8 Src/i2s.o
                0x0000000008004b98                HAL_I2S_MspInit
 .text.L3GD20_DeInit
                0x0000000008004c70        0x2 Src/l3gd20.o
                0x0000000008004c70                L3GD20_DeInit
 .text.L3GD20_Init
                0x0000000008004c72       0x34 Src/l3gd20.o
                0x0000000008004c72                L3GD20_Init
 .text.L3GD20_LowPower
                0x0000000008004ca6       0x1a Src/l3gd20.o
                0x0000000008004ca6                L3GD20_LowPower
 .text.L3GD20_ReadID
                0x0000000008004cc0       0x1e Src/l3gd20.o
                0x0000000008004cc0                L3GD20_ReadID
 .text.L3GD20_RebootCmd
                0x0000000008004cde       0x2e Src/l3gd20.o
                0x0000000008004cde                L3GD20_RebootCmd
 .text.L3GD20_INT1InterruptConfig
                0x0000000008004d0c       0x60 Src/l3gd20.o
                0x0000000008004d0c                L3GD20_INT1InterruptConfig
 .text.L3GD20_EnableIT
                0x0000000008004d6c       0x46 Src/l3gd20.o
                0x0000000008004d6c                L3GD20_EnableIT
 .text.L3GD20_DisableIT
                0x0000000008004db2       0x42 Src/l3gd20.o
                0x0000000008004db2                L3GD20_DisableIT
 .text.L3GD20_FilterConfig
                0x0000000008004df4       0x30 Src/l3gd20.o
                0x0000000008004df4                L3GD20_FilterConfig
 .text.L3GD20_FilterCmd
                0x0000000008004e24       0x30 Src/l3gd20.o
                0x0000000008004e24                L3GD20_FilterCmd
 .text.L3GD20_ReadXYZAngRate
                0x0000000008004e54       0xec Src/l3gd20.o
                0x0000000008004e54                L3GD20_ReadXYZAngRate
 .text.LCD5110_wputchar
                0x0000000008004f40       0x60 Src/lcd5110.o
                0x0000000008004f40                LCD5110_wputchar
 .text.LCD5110_wset_cursor
                0x0000000008004fa0        0x6 Src/lcd5110.o
                0x0000000008004fa0                LCD5110_wset_cursor
 .text.LCD5110_wendl
                0x0000000008004fa6       0x1a Src/lcd5110.o
                0x0000000008004fa6                LCD5110_wendl
 .text.LCD5110_wprint
                0x0000000008004fc0       0x78 Src/lcd5110.o
                0x0000000008004fc0                LCD5110_wprint
 .text.LCD5110_clrscr
                0x0000000008005038       0x14 Src/lcd5110_hal.o
                0x0000000008005038                LCD5110_clrscr
 .text.LCD5110_putpix
                0x000000000800504c       0x42 Src/lcd5110_hal.o
                0x000000000800504c                LCD5110_putpix
 .text.LCD5110_drawBitmap
                0x000000000800508e       0x6e Src/lcd5110_hal.o
                0x000000000800508e                LCD5110_drawBitmap
 .text.LCD5110_set_function
                0x00000000080050fc       0x2e Src/lcd5110_ll.o
 .text.LCD5110_set_mode_base
                0x000000000800512a       0x28 Src/lcd5110_ll.o
 .text.LCD5110_set_temp_coef_ext
                0x0000000008005152       0x2a Src/lcd5110_ll.o
 .text.LCD5110_set_bias_ext
                0x000000000800517c       0x2a Src/lcd5110_ll.o
 .text.LCD5110_set_voltage_ext
                0x00000000080051a6       0x2c Src/lcd5110_ll.o
 .text.LCD5110_init
                0x00000000080051d2       0x86 Src/lcd5110_ll.o
                0x00000000080051d2                LCD5110_init
 .text.LCD5110_refresh_ll
                0x0000000008005258       0x62 Src/lcd5110_ll.o
                0x0000000008005258                LCD5110_refresh_ll
 .text.LSM303DLHC_AccDeInit
                0x00000000080052ba        0x2 Src/lsm303dlhc.o
                0x00000000080052ba                LSM303DLHC_AccDeInit
 .text.LSM303DLHC_AccInit
                0x00000000080052bc       0x1e Src/lsm303dlhc.o
                0x00000000080052bc                LSM303DLHC_AccInit
 .text.LSM303DLHC_AccReadID
                0x00000000080052da       0x10 Src/lsm303dlhc.o
                0x00000000080052da                LSM303DLHC_AccReadID
 .text.LSM303DLHC_AccRebootCmd
                0x00000000080052ea       0x1a Src/lsm303dlhc.o
                0x00000000080052ea                LSM303DLHC_AccRebootCmd
 .text.LSM303DLHC_AccFilterConfig
                0x0000000008005304       0x1c Src/lsm303dlhc.o
                0x0000000008005304                LSM303DLHC_AccFilterConfig
 .text.LSM303DLHC_AccFilterCmd
                0x0000000008005320       0x1c Src/lsm303dlhc.o
                0x0000000008005320                LSM303DLHC_AccFilterCmd
 .text.LSM303DLHC_AccReadXYZ
                0x000000000800533c      0x10a Src/lsm303dlhc.o
                0x000000000800533c                LSM303DLHC_AccReadXYZ
 .text.LSM303DLHC_AccFilterClickCmd
                0x0000000008005446       0x1c Src/lsm303dlhc.o
                0x0000000008005446                LSM303DLHC_AccFilterClickCmd
 .text.LSM303DLHC_AccIT1Enable
                0x0000000008005462       0x1c Src/lsm303dlhc.o
                0x0000000008005462                LSM303DLHC_AccIT1Enable
 .text.LSM303DLHC_AccClickITEnable
                0x000000000800547e       0x44 Src/lsm303dlhc.o
                0x000000000800547e                LSM303DLHC_AccClickITEnable
 .text.LSM303DLHC_AccZClickITConfig
                0x00000000080054c2       0x1a Src/lsm303dlhc.o
                0x00000000080054c2                LSM303DLHC_AccZClickITConfig
 .text.get_result_accelero
                0x00000000080054dc       0xe0 Src/main.o
                0x00000000080054dc                get_result_accelero
 .text.get_result_gyro
                0x00000000080055bc       0xd0 Src/main.o
                0x00000000080055bc                get_result_gyro
 .text.new_data
                0x000000000800568c       0x20 Src/main.o
                0x000000000800568c                new_data
 .text.print_results
                0x00000000080056ac       0xb4 Src/main.o
                0x00000000080056ac                print_results
 .text._Error_Handler
                0x0000000008005760        0x2 Src/main.o
                0x0000000008005760                _Error_Handler
 *fill*         0x0000000008005762        0x2 
 .text.SystemClock_Config
                0x0000000008005764       0xe4 Src/main.o
                0x0000000008005764                SystemClock_Config
 .text.main     0x0000000008005848      0x168 Src/main.o
                0x0000000008005848                main
 .text.assert_failed
                0x00000000080059b0        0x2 Src/main.o
                0x00000000080059b0                assert_failed
 *fill*         0x00000000080059b2        0x2 
 .text.MX_SPI1_Init
                0x00000000080059b4       0x48 Src/spi.o
                0x00000000080059b4                MX_SPI1_Init
 .text.MX_SPI5_Init
                0x00000000080059fc       0x4c Src/spi.o
                0x00000000080059fc                MX_SPI5_Init
 .text.HAL_SPI_MspInit
                0x0000000008005a48       0xac Src/spi.o
                0x0000000008005a48                HAL_SPI_MspInit
 .text.HAL_SPI_MspDeInit
                0x0000000008005af4       0x5c Src/spi.o
                0x0000000008005af4                HAL_SPI_MspDeInit
 .text.SPIx_MspInit
                0x0000000008005b50       0x58 Src/stm32f411e_discovery.o
 .text.I2Cx_MspInit
                0x0000000008005ba8       0x88 Src/stm32f411e_discovery.o
 .text.SPIx_Init
                0x0000000008005c30       0x4c Src/stm32f411e_discovery.o
 .text.SPIx_Error
                0x0000000008005c7c       0x14 Src/stm32f411e_discovery.o
 .text.SPIx_WriteRead
                0x0000000008005c90       0x3c Src/stm32f411e_discovery.o
 .text.I2Cx_Init
                0x0000000008005ccc       0x4c Src/stm32f411e_discovery.o
 .text.I2Cx_Error
                0x0000000008005d18       0x14 Src/stm32f411e_discovery.o
 .text.I2Cx_WriteData
                0x0000000008005d2c       0x34 Src/stm32f411e_discovery.o
 .text.I2Cx_ReadData
                0x0000000008005d60       0x3c Src/stm32f411e_discovery.o
 .text.GYRO_IO_Init
                0x0000000008005d9c       0x7c Src/stm32f411e_discovery.o
                0x0000000008005d9c                GYRO_IO_Init
 .text.GYRO_IO_Write
                0x0000000008005e18       0x44 Src/stm32f411e_discovery.o
                0x0000000008005e18                GYRO_IO_Write
 .text.GYRO_IO_Read
                0x0000000008005e5c       0x48 Src/stm32f411e_discovery.o
                0x0000000008005e5c                GYRO_IO_Read
 .text.COMPASSACCELERO_IO_Init
                0x0000000008005ea4       0x44 Src/stm32f411e_discovery.o
                0x0000000008005ea4                COMPASSACCELERO_IO_Init
 .text.COMPASSACCELERO_IO_ITConfig
                0x0000000008005ee8       0x54 Src/stm32f411e_discovery.o
                0x0000000008005ee8                COMPASSACCELERO_IO_ITConfig
 .text.COMPASSACCELERO_IO_Write
                0x0000000008005f3c        0x8 Src/stm32f411e_discovery.o
                0x0000000008005f3c                COMPASSACCELERO_IO_Write
 .text.COMPASSACCELERO_IO_Read
                0x0000000008005f44        0x8 Src/stm32f411e_discovery.o
                0x0000000008005f44                COMPASSACCELERO_IO_Read
 .text.BSP_ACCELERO_Init
                0x0000000008005f4c       0x34 Src/stm32f411e_discovery_accelerometer.o
                0x0000000008005f4c                BSP_ACCELERO_Init
 .text.BSP_ACCELERO_GetXYZ
                0x0000000008005f80       0x34 Src/stm32f411e_discovery_accelerometer.o
                0x0000000008005f80                BSP_ACCELERO_GetXYZ
 .text.BSP_GYRO_Init
                0x0000000008005fb4       0x44 Src/stm32f411e_discovery_gyroscope.o
                0x0000000008005fb4                BSP_GYRO_Init
 .text.BSP_GYRO_GetXYZ
                0x0000000008005ff8       0x14 Src/stm32f411e_discovery_gyroscope.o
                0x0000000008005ff8                BSP_GYRO_GetXYZ
 .text.HAL_MspInit
                0x000000000800600c       0x94 Src/stm32f4xx_hal_msp.o
                0x000000000800600c                HAL_MspInit
 .text.NMI_Handler
                0x00000000080060a0        0x2 Src/stm32f4xx_it.o
                0x00000000080060a0                NMI_Handler
 .text.HardFault_Handler
                0x00000000080060a2        0x2 Src/stm32f4xx_it.o
                0x00000000080060a2                HardFault_Handler
 .text.MemManage_Handler
                0x00000000080060a4        0x2 Src/stm32f4xx_it.o
                0x00000000080060a4                MemManage_Handler
 .text.BusFault_Handler
                0x00000000080060a6        0x2 Src/stm32f4xx_it.o
                0x00000000080060a6                BusFault_Handler
 .text.UsageFault_Handler
                0x00000000080060a8        0x2 Src/stm32f4xx_it.o
                0x00000000080060a8                UsageFault_Handler
 .text.SVC_Handler
                0x00000000080060aa        0x2 Src/stm32f4xx_it.o
                0x00000000080060aa                SVC_Handler
 .text.DebugMon_Handler
                0x00000000080060ac        0x2 Src/stm32f4xx_it.o
                0x00000000080060ac                DebugMon_Handler
 .text.PendSV_Handler
                0x00000000080060ae        0x2 Src/stm32f4xx_it.o
                0x00000000080060ae                PendSV_Handler
 .text.SysTick_Handler
                0x00000000080060b0        0xc Src/stm32f4xx_it.o
                0x00000000080060b0                SysTick_Handler
 .text.OTG_FS_IRQHandler
                0x00000000080060bc       0x10 Src/stm32f4xx_it.o
                0x00000000080060bc                OTG_FS_IRQHandler
 .text.SystemInit
                0x00000000080060cc       0x4c Src/system_stm32f4xx.o
                0x00000000080060cc                SystemInit
 .text.MX_USB_OTG_FS_HCD_Init
                0x0000000008006118       0x38 Src/usb_otg.o
                0x0000000008006118                MX_USB_OTG_FS_HCD_Init
 .text.HAL_HCD_MspInit
                0x0000000008006150       0x7c Src/usb_otg.o
                0x0000000008006150                HAL_HCD_MspInit
 .text.Reset_Handler
                0x00000000080061cc       0x50 startup/startup_stm32f411xe.o
                0x00000000080061cc                Reset_Handler
 .text.Default_Handler
                0x000000000800621c        0x2 startup/startup_stm32f411xe.o
                0x000000000800621c                RTC_Alarm_IRQHandler
                0x000000000800621c                EXTI2_IRQHandler
                0x000000000800621c                SPI4_IRQHandler
                0x000000000800621c                TIM1_CC_IRQHandler
                0x000000000800621c                DMA2_Stream5_IRQHandler
                0x000000000800621c                DMA1_Stream5_IRQHandler
                0x000000000800621c                PVD_IRQHandler
                0x000000000800621c                SDIO_IRQHandler
                0x000000000800621c                TAMP_STAMP_IRQHandler
                0x000000000800621c                EXTI3_IRQHandler
                0x000000000800621c                TIM1_UP_TIM10_IRQHandler
                0x000000000800621c                I2C3_ER_IRQHandler
                0x000000000800621c                EXTI0_IRQHandler
                0x000000000800621c                I2C2_EV_IRQHandler
                0x000000000800621c                DMA1_Stream2_IRQHandler
                0x000000000800621c                FPU_IRQHandler
                0x000000000800621c                DMA2_Stream2_IRQHandler
                0x000000000800621c                SPI1_IRQHandler
                0x000000000800621c                TIM1_BRK_TIM9_IRQHandler
                0x000000000800621c                DMA2_Stream3_IRQHandler
                0x000000000800621c                USART6_IRQHandler
                0x000000000800621c                DMA2_Stream0_IRQHandler
                0x000000000800621c                TIM4_IRQHandler
                0x000000000800621c                I2C1_EV_IRQHandler
                0x000000000800621c                DMA1_Stream6_IRQHandler
                0x000000000800621c                DMA1_Stream1_IRQHandler
                0x000000000800621c                TIM3_IRQHandler
                0x000000000800621c                RCC_IRQHandler
                0x000000000800621c                Default_Handler
                0x000000000800621c                EXTI15_10_IRQHandler
                0x000000000800621c                ADC_IRQHandler
                0x000000000800621c                DMA1_Stream7_IRQHandler
                0x000000000800621c                SPI5_IRQHandler
                0x000000000800621c                TIM5_IRQHandler
                0x000000000800621c                DMA2_Stream7_IRQHandler
                0x000000000800621c                I2C3_EV_IRQHandler
                0x000000000800621c                EXTI9_5_IRQHandler
                0x000000000800621c                RTC_WKUP_IRQHandler
                0x000000000800621c                SPI2_IRQHandler
                0x000000000800621c                DMA1_Stream0_IRQHandler
                0x000000000800621c                EXTI4_IRQHandler
                0x000000000800621c                WWDG_IRQHandler
                0x000000000800621c                TIM2_IRQHandler
                0x000000000800621c                OTG_FS_WKUP_IRQHandler
                0x000000000800621c                TIM1_TRG_COM_TIM11_IRQHandler
                0x000000000800621c                EXTI1_IRQHandler
                0x000000000800621c                USART2_IRQHandler
                0x000000000800621c                I2C2_ER_IRQHandler
                0x000000000800621c                DMA2_Stream1_IRQHandler
                0x000000000800621c                FLASH_IRQHandler
                0x000000000800621c                DMA2_Stream4_IRQHandler
                0x000000000800621c                USART1_IRQHandler
                0x000000000800621c                SPI3_IRQHandler
                0x000000000800621c                DMA1_Stream4_IRQHandler
                0x000000000800621c                I2C1_ER_IRQHandler
                0x000000000800621c                DMA2_Stream6_IRQHandler
                0x000000000800621c                DMA1_Stream3_IRQHandler
 *fill*         0x000000000800621e        0x2 
 .text.sqrt     0x0000000008006220       0xb8 /home/arattel/Ac6/SystemWorkbench/plugins/fr.ac6.mcu.externaltools.arm-none.linux64_1.16.0.201807130628/tools/compiler/bin/../lib/gcc/arm-none-eabi/7.2.1/../../../../arm-none-eabi/lib/thumb/v7e-m/fpv4-sp/hard/libm.a(lib_a-w_sqrt.o)
                0x0000000008006220                sqrt
 .text.__ieee754_sqrt
                0x00000000080062d8      0x194 /home/arattel/Ac6/SystemWorkbench/plugins/fr.ac6.mcu.externaltools.arm-none.linux64_1.16.0.201807130628/tools/compiler/bin/../lib/gcc/arm-none-eabi/7.2.1/../../../../arm-none-eabi/lib/thumb/v7e-m/fpv4-sp/hard/libm.a(lib_a-e_sqrt.o)
                0x00000000080062d8                __ieee754_sqrt
 .text.matherr  0x000000000800646c        0x4 /home/arattel/Ac6/SystemWorkbench/plugins/fr.ac6.mcu.externaltools.arm-none.linux64_1.16.0.201807130628/tools/compiler/bin/../lib/gcc/arm-none-eabi/7.2.1/../../../../arm-none-eabi/lib/thumb/v7e-m/fpv4-sp/hard/libm.a(lib_a-s_matherr.o)
                0x000000000800646c                matherr
 .text.__errno  0x0000000008006470        0xc /home/arattel/Ac6/SystemWorkbench/plugins/fr.ac6.mcu.externaltools.arm-none.linux64_1.16.0.201807130628/tools/compiler/bin/../lib/gcc/arm-none-eabi/7.2.1/../../../../arm-none-eabi/lib/thumb/v7e-m/fpv4-sp/hard/libc.a(lib_a-errno.o)
                0x0000000008006470                __errno
 .text.__libc_init_array
                0x000000000800647c       0x48 /home/arattel/Ac6/SystemWorkbench/plugins/fr.ac6.mcu.externaltools.arm-none.linux64_1.16.0.201807130628/tools/compiler/bin/../lib/gcc/arm-none-eabi/7.2.1/../../../../arm-none-eabi/lib/thumb/v7e-m/fpv4-sp/hard/libc.a(lib_a-init.o)
                0x000000000800647c                __libc_init_array
 .text.__locale_mb_cur_max
                0x00000000080064c4       0x1c /home/arattel/Ac6/SystemWorkbench/plugins/fr.ac6.mcu.externaltools.arm-none.linux64_1.16.0.201807130628/tools/compiler/bin/../lib/gcc/arm-none-eabi/7.2.1/../../../../arm-none-eabi/lib/thumb/v7e-m/fpv4-sp/hard/libc.a(lib_a-locale.o)
                0x00000000080064c4                __locale_mb_cur_max
 .text.__locale_ctype_ptr
                0x00000000080064e0       0x1c /home/arattel/Ac6/SystemWorkbench/plugins/fr.ac6.mcu.externaltools.arm-none.linux64_1.16.0.201807130628/tools/compiler/bin/../lib/gcc/arm-none-eabi/7.2.1/../../../../arm-none-eabi/lib/thumb/v7e-m/fpv4-sp/hard/libc.a(lib_a-locale.o)
                0x00000000080064e0                __locale_ctype_ptr
 .text.__ascii_mbtowc
                0x00000000080064fc       0x2c /home/arattel/Ac6/SystemWorkbench/plugins/fr.ac6.mcu.externaltools.arm-none.linux64_1.16.0.201807130628/tools/compiler/bin/../lib/gcc/arm-none-eabi/7.2.1/../../../../arm-none-eabi/lib/thumb/v7e-m/fpv4-sp/hard/libc.a(lib_a-mbtowc_r.o)
                0x00000000080064fc                __ascii_mbtowc
 .text.memset   0x0000000008006528       0x94 /home/arattel/Ac6/SystemWorkbench/plugins/fr.ac6.mcu.externaltools.arm-none.linux64_1.16.0.201807130628/tools/compiler/bin/../lib/gcc/arm-none-eabi/7.2.1/../../../../arm-none-eabi/lib/thumb/v7e-m/fpv4-sp/hard/libc.a(lib_a-memset.o)
                0x0000000008006528                memset
 .text.printf   0x00000000080065bc       0x28 /home/arattel/Ac6/SystemWorkbench/plugins/fr.ac6.mcu.externaltools.arm-none.linux64_1.16.0.201807130628/tools/compiler/bin/../lib/gcc/arm-none-eabi/7.2.1/../../../../arm-none-eabi/lib/thumb/v7e-m/fpv4-sp/hard/libc.a(lib_a-printf.o)
                0x00000000080065bc                printf
 .text.sprintf  0x00000000080065e4       0x44 /home/arattel/Ac6/SystemWorkbench/plugins/fr.ac6.mcu.externaltools.arm-none.linux64_1.16.0.201807130628/tools/compiler/bin/../lib/gcc/arm-none-eabi/7.2.1/../../../../arm-none-eabi/lib/thumb/v7e-m/fpv4-sp/hard/libc.a(lib_a-sprintf.o)
                0x00000000080065e4                sprintf
 .text._svfprintf_r
                0x0000000008006628     0x144c /home/arattel/Ac6/SystemWorkbench/plugins/fr.ac6.mcu.externaltools.arm-none.linux64_1.16.0.201807130628/tools/compiler/bin/../lib/gcc/arm-none-eabi/7.2.1/../../../../arm-none-eabi/lib/thumb/v7e-m/fpv4-sp/hard/libc.a(lib_a-svfprintf.o)
                0x0000000008006628                _svfprintf_r
 *fill*         0x0000000008007a74        0x4 
 .text._vfprintf_r
                0x0000000008007a78     0x150c /home/arattel/Ac6/SystemWorkbench/plugins/fr.ac6.mcu.externaltools.arm-none.linux64_1.16.0.201807130628/tools/compiler/bin/../lib/gcc/arm-none-eabi/7.2.1/../../../../arm-none-eabi/lib/thumb/v7e-m/fpv4-sp/hard/libc.a(lib_a-vfprintf.o)
                0x0000000008007a78                _vfprintf_r
 .text.__sbprintf
                0x0000000008008f84       0x84 /home/arattel/Ac6/SystemWorkbench/plugins/fr.ac6.mcu.externaltools.arm-none.linux64_1.16.0.201807130628/tools/compiler/bin/../lib/gcc/arm-none-eabi/7.2.1/../../../../arm-none-eabi/lib/thumb/v7e-m/fpv4-sp/hard/libc.a(lib_a-vfprintf.o)
 .text.__ascii_wctomb
                0x0000000008009008       0x1c /home/arattel/Ac6/SystemWorkbench/plugins/fr.ac6.mcu.externaltools.arm-none.linux64_1.16.0.201807130628/tools/compiler/bin/../lib/gcc/arm-none-eabi/7.2.1/../../../../arm-none-eabi/lib/thumb/v7e-m/fpv4-sp/hard/libc.a(lib_a-wctomb_r.o)
                0x0000000008009008                __ascii_wctomb
 .text.__swsetup_r
                0x0000000008009024       0xcc /home/arattel/Ac6/SystemWorkbench/plugins/fr.ac6.mcu.externaltools.arm-none.linux64_1.16.0.201807130628/tools/compiler/bin/../lib/gcc/arm-none-eabi/7.2.1/../../../../arm-none-eabi/lib/thumb/v7e-m/fpv4-sp/hard/libc.a(lib_a-wsetup.o)
                0x0000000008009024                __swsetup_r
 .text.startup.register_fini
                0x00000000080090f0       0x14 /home/arattel/Ac6/SystemWorkbench/plugins/fr.ac6.mcu.externaltools.arm-none.linux64_1.16.0.201807130628/tools/compiler/bin/../lib/gcc/arm-none-eabi/7.2.1/../../../../arm-none-eabi/lib/thumb/v7e-m/fpv4-sp/hard/libc.a(lib_a-__call_atexit.o)
 .text.atexit   0x0000000008009104        0xc /home/arattel/Ac6/SystemWorkbench/plugins/fr.ac6.mcu.externaltools.arm-none.linux64_1.16.0.201807130628/tools/compiler/bin/../lib/gcc/arm-none-eabi/7.2.1/../../../../arm-none-eabi/lib/thumb/v7e-m/fpv4-sp/hard/libc.a(lib_a-atexit.o)
                0x0000000008009104                atexit
 .text.quorem   0x0000000008009110      0x124 /home/arattel/Ac6/SystemWorkbench/plugins/fr.ac6.mcu.externaltools.arm-none.linux64_1.16.0.201807130628/tools/compiler/bin/../lib/gcc/arm-none-eabi/7.2.1/../../../../arm-none-eabi/lib/thumb/v7e-m/fpv4-sp/hard/libc.a(lib_a-dtoa.o)
 *fill*         0x0000000008009234        0x4 
 .text._dtoa_r  0x0000000008009238      0xe28 /home/arattel/Ac6/SystemWorkbench/plugins/fr.ac6.mcu.externaltools.arm-none.linux64_1.16.0.201807130628/tools/compiler/bin/../lib/gcc/arm-none-eabi/7.2.1/../../../../arm-none-eabi/lib/thumb/v7e-m/fpv4-sp/hard/libc.a(lib_a-dtoa.o)
                0x0000000008009238                _dtoa_r
 .text.__sflush_r
                0x000000000800a060      0x154 /home/arattel/Ac6/SystemWorkbench/plugins/fr.ac6.mcu.externaltools.arm-none.linux64_1.16.0.201807130628/tools/compiler/bin/../lib/gcc/arm-none-eabi/7.2.1/../../../../arm-none-eabi/lib/thumb/v7e-m/fpv4-sp/hard/libc.a(lib_a-fflush.o)
                0x000000000800a060                __sflush_r
 .text._fflush_r
                0x000000000800a1b4       0x5c /home/arattel/Ac6/SystemWorkbench/plugins/fr.ac6.mcu.externaltools.arm-none.linux64_1.16.0.201807130628/tools/compiler/bin/../lib/gcc/arm-none-eabi/7.2.1/../../../../arm-none-eabi/lib/thumb/v7e-m/fpv4-sp/hard/libc.a(lib_a-fflush.o)
                0x000000000800a1b4                _fflush_r
 .text.std      0x000000000800a210       0x50 /home/arattel/Ac6/SystemWorkbench/plugins/fr.ac6.mcu.externaltools.arm-none.linux64_1.16.0.201807130628/tools/compiler/bin/../lib/gcc/arm-none-eabi/7.2.1/../../../../arm-none-eabi/lib/thumb/v7e-m/fpv4-sp/hard/libc.a(lib_a-findfp.o)
 .text._cleanup_r
                0x000000000800a260        0xc /home/arattel/Ac6/SystemWorkbench/plugins/fr.ac6.mcu.externaltools.arm-none.linux64_1.16.0.201807130628/tools/compiler/bin/../lib/gcc/arm-none-eabi/7.2.1/../../../../arm-none-eabi/lib/thumb/v7e-m/fpv4-sp/hard/libc.a(lib_a-findfp.o)
                0x000000000800a260                _cleanup_r
 .text.__sinit  0x000000000800a26c       0x58 /home/arattel/Ac6/SystemWorkbench/plugins/fr.ac6.mcu.externaltools.arm-none.linux64_1.16.0.201807130628/tools/compiler/bin/../lib/gcc/arm-none-eabi/7.2.1/../../../../arm-none-eabi/lib/thumb/v7e-m/fpv4-sp/hard/libc.a(lib_a-findfp.o)
                0x000000000800a26c                __sinit
 .text.__sfp_lock_acquire
                0x000000000800a2c4        0xc /home/arattel/Ac6/SystemWorkbench/plugins/fr.ac6.mcu.externaltools.arm-none.linux64_1.16.0.201807130628/tools/compiler/bin/../lib/gcc/arm-none-eabi/7.2.1/../../../../arm-none-eabi/lib/thumb/v7e-m/fpv4-sp/hard/libc.a(lib_a-findfp.o)
                0x000000000800a2c4                __sfp_lock_acquire
 .text.__sfp_lock_release
                0x000000000800a2d0        0xc /home/arattel/Ac6/SystemWorkbench/plugins/fr.ac6.mcu.externaltools.arm-none.linux64_1.16.0.201807130628/tools/compiler/bin/../lib/gcc/arm-none-eabi/7.2.1/../../../../arm-none-eabi/lib/thumb/v7e-m/fpv4-sp/hard/libc.a(lib_a-findfp.o)
                0x000000000800a2d0                __sfp_lock_release
 .text.__libc_fini_array
                0x000000000800a2dc       0x34 /home/arattel/Ac6/SystemWorkbench/plugins/fr.ac6.mcu.externaltools.arm-none.linux64_1.16.0.201807130628/tools/compiler/bin/../lib/gcc/arm-none-eabi/7.2.1/../../../../arm-none-eabi/lib/thumb/v7e-m/fpv4-sp/hard/libc.a(lib_a-fini.o)
                0x000000000800a2dc                __libc_fini_array
 .text._malloc_trim_r
                0x000000000800a310       0xa0 /home/arattel/Ac6/SystemWorkbench/plugins/fr.ac6.mcu.externaltools.arm-none.linux64_1.16.0.201807130628/tools/compiler/bin/../lib/gcc/arm-none-eabi/7.2.1/../../../../arm-none-eabi/lib/thumb/v7e-m/fpv4-sp/hard/libc.a(lib_a-freer.o)
                0x000000000800a310                _malloc_trim_r
 .text._free_r  0x000000000800a3b0      0x1e8 /home/arattel/Ac6/SystemWorkbench/plugins/fr.ac6.mcu.externaltools.arm-none.linux64_1.16.0.201807130628/tools/compiler/bin/../lib/gcc/arm-none-eabi/7.2.1/../../../../arm-none-eabi/lib/thumb/v7e-m/fpv4-sp/hard/libc.a(lib_a-freer.o)
                0x000000000800a3b0                _free_r
 .text._fwalk_reent
                0x000000000800a598       0x54 /home/arattel/Ac6/SystemWorkbench/plugins/fr.ac6.mcu.externaltools.arm-none.linux64_1.16.0.201807130628/tools/compiler/bin/../lib/gcc/arm-none-eabi/7.2.1/../../../../arm-none-eabi/lib/thumb/v7e-m/fpv4-sp/hard/libc.a(lib_a-fwalk.o)
                0x000000000800a598                _fwalk_reent
 .text._localeconv_r
                0x000000000800a5ec       0x1c /home/arattel/Ac6/SystemWorkbench/plugins/fr.ac6.mcu.externaltools.arm-none.linux64_1.16.0.201807130628/tools/compiler/bin/../lib/gcc/arm-none-eabi/7.2.1/../../../../arm-none-eabi/lib/thumb/v7e-m/fpv4-sp/hard/libc.a(lib_a-localeconv.o)
                0x000000000800a5ec                _localeconv_r
 .text.__retarget_lock_init_recursive
                0x000000000800a608        0x4 /home/arattel/Ac6/SystemWorkbench/plugins/fr.ac6.mcu.externaltools.arm-none.linux64_1.16.0.201807130628/tools/compiler/bin/../lib/gcc/arm-none-eabi/7.2.1/../../../../arm-none-eabi/lib/thumb/v7e-m/fpv4-sp/hard/libc.a(lib_a-lock.o)
                0x000000000800a608                __retarget_lock_init_recursive
 .text.__retarget_lock_close_recursive
                0x000000000800a60c        0x4 /home/arattel/Ac6/SystemWorkbench/plugins/fr.ac6.mcu.externaltools.arm-none.linux64_1.16.0.201807130628/tools/compiler/bin/../lib/gcc/arm-none-eabi/7.2.1/../../../../arm-none-eabi/lib/thumb/v7e-m/fpv4-sp/hard/libc.a(lib_a-lock.o)
                0x000000000800a60c                __retarget_lock_close_recursive
 .text.__retarget_lock_acquire_recursive
                0x000000000800a610        0x4 /home/arattel/Ac6/SystemWorkbench/plugins/fr.ac6.mcu.externaltools.arm-none.linux64_1.16.0.201807130628/tools/compiler/bin/../lib/gcc/arm-none-eabi/7.2.1/../../../../arm-none-eabi/lib/thumb/v7e-m/fpv4-sp/hard/libc.a(lib_a-lock.o)
                0x000000000800a610                __retarget_lock_acquire_recursive
 .text.__retarget_lock_release_recursive
                0x000000000800a614        0x4 /home/arattel/Ac6/SystemWorkbench/plugins/fr.ac6.mcu.externaltools.arm-none.linux64_1.16.0.201807130628/tools/compiler/bin/../lib/gcc/arm-none-eabi/7.2.1/../../../../arm-none-eabi/lib/thumb/v7e-m/fpv4-sp/hard/libc.a(lib_a-lock.o)
                0x000000000800a614                __retarget_lock_release_recursive
 .text.__swhatbuf_r
                0x000000000800a618       0x5c /home/arattel/Ac6/SystemWorkbench/plugins/fr.ac6.mcu.externaltools.arm-none.linux64_1.16.0.201807130628/tools/compiler/bin/../lib/gcc/arm-none-eabi/7.2.1/../../../../arm-none-eabi/lib/thumb/v7e-m/fpv4-sp/hard/libc.a(lib_a-makebuf.o)
                0x000000000800a618                __swhatbuf_r
 .text.__smakebuf_r
                0x000000000800a674       0x94 /home/arattel/Ac6/SystemWorkbench/plugins/fr.ac6.mcu.externaltools.arm-none.linux64_1.16.0.201807130628/tools/compiler/bin/../lib/gcc/arm-none-eabi/7.2.1/../../../../arm-none-eabi/lib/thumb/v7e-m/fpv4-sp/hard/libc.a(lib_a-makebuf.o)
                0x000000000800a674                __smakebuf_r
 .text._malloc_r
                0x000000000800a708      0x548 /home/arattel/Ac6/SystemWorkbench/plugins/fr.ac6.mcu.externaltools.arm-none.linux64_1.16.0.201807130628/tools/compiler/bin/../lib/gcc/arm-none-eabi/7.2.1/../../../../arm-none-eabi/lib/thumb/v7e-m/fpv4-sp/hard/libc.a(lib_a-mallocr.o)
                0x000000000800a708                _malloc_r
 .text.__malloc_lock
                0x000000000800ac50        0xc /home/arattel/Ac6/SystemWorkbench/plugins/fr.ac6.mcu.externaltools.arm-none.linux64_1.16.0.201807130628/tools/compiler/bin/../lib/gcc/arm-none-eabi/7.2.1/../../../../arm-none-eabi/lib/thumb/v7e-m/fpv4-sp/hard/libc.a(lib_a-mlock.o)
                0x000000000800ac50                __malloc_lock
 .text.__malloc_unlock
                0x000000000800ac5c        0xc /home/arattel/Ac6/SystemWorkbench/plugins/fr.ac6.mcu.externaltools.arm-none.linux64_1.16.0.201807130628/tools/compiler/bin/../lib/gcc/arm-none-eabi/7.2.1/../../../../arm-none-eabi/lib/thumb/v7e-m/fpv4-sp/hard/libc.a(lib_a-mlock.o)
                0x000000000800ac5c                __malloc_unlock
 .text._Balloc  0x000000000800ac68       0x4c /home/arattel/Ac6/SystemWorkbench/plugins/fr.ac6.mcu.externaltools.arm-none.linux64_1.16.0.201807130628/tools/compiler/bin/../lib/gcc/arm-none-eabi/7.2.1/../../../../arm-none-eabi/lib/thumb/v7e-m/fpv4-sp/hard/libc.a(lib_a-mprec.o)
                0x000000000800ac68                _Balloc
 .text._Bfree   0x000000000800acb4       0x14 /home/arattel/Ac6/SystemWorkbench/plugins/fr.ac6.mcu.externaltools.arm-none.linux64_1.16.0.201807130628/tools/compiler/bin/../lib/gcc/arm-none-eabi/7.2.1/../../../../arm-none-eabi/lib/thumb/v7e-m/fpv4-sp/hard/libc.a(lib_a-mprec.o)
                0x000000000800acb4                _Bfree
 .text.__multadd
                0x000000000800acc8       0x80 /home/arattel/Ac6/SystemWorkbench/plugins/fr.ac6.mcu.externaltools.arm-none.linux64_1.16.0.201807130628/tools/compiler/bin/../lib/gcc/arm-none-eabi/7.2.1/../../../../arm-none-eabi/lib/thumb/v7e-m/fpv4-sp/hard/libc.a(lib_a-mprec.o)
                0x000000000800acc8                __multadd
 .text.__hi0bits
                0x000000000800ad48       0x40 /home/arattel/Ac6/SystemWorkbench/plugins/fr.ac6.mcu.externaltools.arm-none.linux64_1.16.0.201807130628/tools/compiler/bin/../lib/gcc/arm-none-eabi/7.2.1/../../../../arm-none-eabi/lib/thumb/v7e-m/fpv4-sp/hard/libc.a(lib_a-mprec.o)
                0x000000000800ad48                __hi0bits
 .text.__lo0bits
                0x000000000800ad88       0x60 /home/arattel/Ac6/SystemWorkbench/plugins/fr.ac6.mcu.externaltools.arm-none.linux64_1.16.0.201807130628/tools/compiler/bin/../lib/gcc/arm-none-eabi/7.2.1/../../../../arm-none-eabi/lib/thumb/v7e-m/fpv4-sp/hard/libc.a(lib_a-mprec.o)
                0x000000000800ad88                __lo0bits
 .text.__i2b    0x000000000800ade8       0x14 /home/arattel/Ac6/SystemWorkbench/plugins/fr.ac6.mcu.externaltools.arm-none.linux64_1.16.0.201807130628/tools/compiler/bin/../lib/gcc/arm-none-eabi/7.2.1/../../../../arm-none-eabi/lib/thumb/v7e-m/fpv4-sp/hard/libc.a(lib_a-mprec.o)
                0x000000000800ade8                __i2b
 .text.__multiply
                0x000000000800adfc      0x14c /home/arattel/Ac6/SystemWorkbench/plugins/fr.ac6.mcu.externaltools.arm-none.linux64_1.16.0.201807130628/tools/compiler/bin/../lib/gcc/arm-none-eabi/7.2.1/../../../../arm-none-eabi/lib/thumb/v7e-m/fpv4-sp/hard/libc.a(lib_a-mprec.o)
                0x000000000800adfc                __multiply
 .text.__pow5mult
                0x000000000800af48       0xa0 /home/arattel/Ac6/SystemWorkbench/plugins/fr.ac6.mcu.externaltools.arm-none.linux64_1.16.0.201807130628/tools/compiler/bin/../lib/gcc/arm-none-eabi/7.2.1/../../../../arm-none-eabi/lib/thumb/v7e-m/fpv4-sp/hard/libc.a(lib_a-mprec.o)
                0x000000000800af48                __pow5mult
 .text.__lshift
                0x000000000800afe8       0xac /home/arattel/Ac6/SystemWorkbench/plugins/fr.ac6.mcu.externaltools.arm-none.linux64_1.16.0.201807130628/tools/compiler/bin/../lib/gcc/arm-none-eabi/7.2.1/../../../../arm-none-eabi/lib/thumb/v7e-m/fpv4-sp/hard/libc.a(lib_a-mprec.o)
                0x000000000800afe8                __lshift
 .text.__mcmp   0x000000000800b094       0x38 /home/arattel/Ac6/SystemWorkbench/plugins/fr.ac6.mcu.externaltools.arm-none.linux64_1.16.0.201807130628/tools/compiler/bin/../lib/gcc/arm-none-eabi/7.2.1/../../../../arm-none-eabi/lib/thumb/v7e-m/fpv4-sp/hard/libc.a(lib_a-mprec.o)
                0x000000000800b094                __mcmp
 .text.__mdiff  0x000000000800b0cc       0xec /home/arattel/Ac6/SystemWorkbench/plugins/fr.ac6.mcu.externaltools.arm-none.linux64_1.16.0.201807130628/tools/compiler/bin/../lib/gcc/arm-none-eabi/7.2.1/../../../../arm-none-eabi/lib/thumb/v7e-m/fpv4-sp/hard/libc.a(lib_a-mprec.o)
                0x000000000800b0cc                __mdiff
 .text.__d2b    0x000000000800b1b8       0xc4 /home/arattel/Ac6/SystemWorkbench/plugins/fr.ac6.mcu.externaltools.arm-none.linux64_1.16.0.201807130628/tools/compiler/bin/../lib/gcc/arm-none-eabi/7.2.1/../../../../arm-none-eabi/lib/thumb/v7e-m/fpv4-sp/hard/libc.a(lib_a-mprec.o)
                0x000000000800b1b8                __d2b
 .text._sbrk_r  0x000000000800b27c       0x24 /home/arattel/Ac6/SystemWorkbench/plugins/fr.ac6.mcu.externaltools.arm-none.linux64_1.16.0.201807130628/tools/compiler/bin/../lib/gcc/arm-none-eabi/7.2.1/../../../../arm-none-eabi/lib/thumb/v7e-m/fpv4-sp/hard/libc.a(lib_a-sbrkr.o)
                0x000000000800b27c                _sbrk_r
 .text.__sread  0x000000000800b2a0       0x24 /home/arattel/Ac6/SystemWorkbench/plugins/fr.ac6.mcu.externaltools.arm-none.linux64_1.16.0.201807130628/tools/compiler/bin/../lib/gcc/arm-none-eabi/7.2.1/../../../../arm-none-eabi/lib/thumb/v7e-m/fpv4-sp/hard/libc.a(lib_a-stdio.o)
                0x000000000800b2a0                __sread
 .text.__swrite
                0x000000000800b2c4       0x3c /home/arattel/Ac6/SystemWorkbench/plugins/fr.ac6.mcu.externaltools.arm-none.linux64_1.16.0.201807130628/tools/compiler/bin/../lib/gcc/arm-none-eabi/7.2.1/../../../../arm-none-eabi/lib/thumb/v7e-m/fpv4-sp/hard/libc.a(lib_a-stdio.o)
                0x000000000800b2c4                __swrite
 .text.__sseek  0x000000000800b300       0x20 /home/arattel/Ac6/SystemWorkbench/plugins/fr.ac6.mcu.externaltools.arm-none.linux64_1.16.0.201807130628/tools/compiler/bin/../lib/gcc/arm-none-eabi/7.2.1/../../../../arm-none-eabi/lib/thumb/v7e-m/fpv4-sp/hard/libc.a(lib_a-stdio.o)
                0x000000000800b300                __sseek
 .text.__sclose
                0x000000000800b320        0x8 /home/arattel/Ac6/SystemWorkbench/plugins/fr.ac6.mcu.externaltools.arm-none.linux64_1.16.0.201807130628/tools/compiler/bin/../lib/gcc/arm-none-eabi/7.2.1/../../../../arm-none-eabi/lib/thumb/v7e-m/fpv4-sp/hard/libc.a(lib_a-stdio.o)
                0x000000000800b320                __sclose
 .text.__ssprint_r
                0x000000000800b328       0xf4 /home/arattel/Ac6/SystemWorkbench/plugins/fr.ac6.mcu.externaltools.arm-none.linux64_1.16.0.201807130628/tools/compiler/bin/../lib/gcc/arm-none-eabi/7.2.1/../../../../arm-none-eabi/lib/thumb/v7e-m/fpv4-sp/hard/libc.a(lib_a-svfiprintf.o)
                0x000000000800b328                __ssprint_r
 .text.__sprint_r.part.0
                0x000000000800b41c       0x78 /home/arattel/Ac6/SystemWorkbench/plugins/fr.ac6.mcu.externaltools.arm-none.linux64_1.16.0.201807130628/tools/compiler/bin/../lib/gcc/arm-none-eabi/7.2.1/../../../../arm-none-eabi/lib/thumb/v7e-m/fpv4-sp/hard/libc.a(lib_a-vfiprintf.o)
 .text.__sprint_r
                0x000000000800b494       0x14 /home/arattel/Ac6/SystemWorkbench/plugins/fr.ac6.mcu.externaltools.arm-none.linux64_1.16.0.201807130628/tools/compiler/bin/../lib/gcc/arm-none-eabi/7.2.1/../../../../arm-none-eabi/lib/thumb/v7e-m/fpv4-sp/hard/libc.a(lib_a-vfiprintf.o)
                0x000000000800b494                __sprint_r
 .text._write_r
                0x000000000800b4a8       0x2c /home/arattel/Ac6/SystemWorkbench/plugins/fr.ac6.mcu.externaltools.arm-none.linux64_1.16.0.201807130628/tools/compiler/bin/../lib/gcc/arm-none-eabi/7.2.1/../../../../arm-none-eabi/lib/thumb/v7e-m/fpv4-sp/hard/libc.a(lib_a-writer.o)
                0x000000000800b4a8                _write_r
 .text.__register_exitproc
                0x000000000800b4d4       0xc0 /home/arattel/Ac6/SystemWorkbench/plugins/fr.ac6.mcu.externaltools.arm-none.linux64_1.16.0.201807130628/tools/compiler/bin/../lib/gcc/arm-none-eabi/7.2.1/../../../../arm-none-eabi/lib/thumb/v7e-m/fpv4-sp/hard/libc.a(lib_a-__atexit.o)
                0x000000000800b4d4                __register_exitproc
 .text._calloc_r
                0x000000000800b594       0x68 /home/arattel/Ac6/SystemWorkbench/plugins/fr.ac6.mcu.externaltools.arm-none.linux64_1.16.0.201807130628/tools/compiler/bin/../lib/gcc/arm-none-eabi/7.2.1/../../../../arm-none-eabi/lib/thumb/v7e-m/fpv4-sp/hard/libc.a(lib_a-callocr.o)
                0x000000000800b594                _calloc_r
 .text._close_r
                0x000000000800b5fc       0x24 /home/arattel/Ac6/SystemWorkbench/plugins/fr.ac6.mcu.externaltools.arm-none.linux64_1.16.0.201807130628/tools/compiler/bin/../lib/gcc/arm-none-eabi/7.2.1/../../../../arm-none-eabi/lib/thumb/v7e-m/fpv4-sp/hard/libc.a(lib_a-closer.o)
                0x000000000800b5fc                _close_r
 .text._fclose_r
                0x000000000800b620       0xd0 /home/arattel/Ac6/SystemWorkbench/plugins/fr.ac6.mcu.externaltools.arm-none.linux64_1.16.0.201807130628/tools/compiler/bin/../lib/gcc/arm-none-eabi/7.2.1/../../../../arm-none-eabi/lib/thumb/v7e-m/fpv4-sp/hard/libc.a(lib_a-fclose.o)
                0x000000000800b620                _fclose_r
 .text.__fputwc
                0x000000000800b6f0       0xa0 /home/arattel/Ac6/SystemWorkbench/plugins/fr.ac6.mcu.externaltools.arm-none.linux64_1.16.0.201807130628/tools/compiler/bin/../lib/gcc/arm-none-eabi/7.2.1/../../../../arm-none-eabi/lib/thumb/v7e-m/fpv4-sp/hard/libc.a(lib_a-fputwc.o)
                0x000000000800b6f0                __fputwc
 .text._fputwc_r
                0x000000000800b790       0x64 /home/arattel/Ac6/SystemWorkbench/plugins/fr.ac6.mcu.externaltools.arm-none.linux64_1.16.0.201807130628/tools/compiler/bin/../lib/gcc/arm-none-eabi/7.2.1/../../../../arm-none-eabi/lib/thumb/v7e-m/fpv4-sp/hard/libc.a(lib_a-fputwc.o)
                0x000000000800b790                _fputwc_r
 .text._fstat_r
                0x000000000800b7f4       0x28 /home/arattel/Ac6/SystemWorkbench/plugins/fr.ac6.mcu.externaltools.arm-none.linux64_1.16.0.201807130628/tools/compiler/bin/../lib/gcc/arm-none-eabi/7.2.1/../../../../arm-none-eabi/lib/thumb/v7e-m/fpv4-sp/hard/libc.a(lib_a-fstatr.o)
                0x000000000800b7f4                _fstat_r
 .text.__sfvwrite_r
                0x000000000800b81c      0x2fc /home/arattel/Ac6/SystemWorkbench/plugins/fr.ac6.mcu.externaltools.arm-none.linux64_1.16.0.201807130628/tools/compiler/bin/../lib/gcc/arm-none-eabi/7.2.1/../../../../arm-none-eabi/lib/thumb/v7e-m/fpv4-sp/hard/libc.a(lib_a-fvwrite.o)
                0x000000000800b81c                __sfvwrite_r
 .text._isatty_r
                0x000000000800bb18       0x24 /home/arattel/Ac6/SystemWorkbench/plugins/fr.ac6.mcu.externaltools.arm-none.linux64_1.16.0.201807130628/tools/compiler/bin/../lib/gcc/arm-none-eabi/7.2.1/../../../../arm-none-eabi/lib/thumb/v7e-m/fpv4-sp/hard/libc.a(lib_a-isattyr.o)
                0x000000000800bb18                _isatty_r
 .text._lseek_r
                0x000000000800bb3c       0x2c /home/arattel/Ac6/SystemWorkbench/plugins/fr.ac6.mcu.externaltools.arm-none.linux64_1.16.0.201807130628/tools/compiler/bin/../lib/gcc/arm-none-eabi/7.2.1/../../../../arm-none-eabi/lib/thumb/v7e-m/fpv4-sp/hard/libc.a(lib_a-lseekr.o)
                0x000000000800bb3c                _lseek_r
 .text.memmove  0x000000000800bb68       0xc8 /home/arattel/Ac6/SystemWorkbench/plugins/fr.ac6.mcu.externaltools.arm-none.linux64_1.16.0.201807130628/tools/compiler/bin/../lib/gcc/arm-none-eabi/7.2.1/../../../../arm-none-eabi/lib/thumb/v7e-m/fpv4-sp/hard/libc.a(lib_a-memmove.o)
                0x000000000800bb68                memmove
 .text._read_r  0x000000000800bc30       0x2c /home/arattel/Ac6/SystemWorkbench/plugins/fr.ac6.mcu.externaltools.arm-none.linux64_1.16.0.201807130628/tools/compiler/bin/../lib/gcc/arm-none-eabi/7.2.1/../../../../arm-none-eabi/lib/thumb/v7e-m/fpv4-sp/hard/libc.a(lib_a-readr.o)
                0x000000000800bc30                _read_r
 .text._realloc_r
                0x000000000800bc5c      0x35c /home/arattel/Ac6/SystemWorkbench/plugins/fr.ac6.mcu.externaltools.arm-none.linux64_1.16.0.201807130628/tools/compiler/bin/../lib/gcc/arm-none-eabi/7.2.1/../../../../arm-none-eabi/lib/thumb/v7e-m/fpv4-sp/hard/libc.a(lib_a-reallocr.o)
                0x000000000800bc5c                _realloc_r
 .text.__swbuf_r
                0x000000000800bfb8       0xb0 /home/arattel/Ac6/SystemWorkbench/plugins/fr.ac6.mcu.externaltools.arm-none.linux64_1.16.0.201807130628/tools/compiler/bin/../lib/gcc/arm-none-eabi/7.2.1/../../../../arm-none-eabi/lib/thumb/v7e-m/fpv4-sp/hard/libc.a(lib_a-wbuf.o)
                0x000000000800bfb8                __swbuf_r
 .text._wcrtomb_r
                0x000000000800c068       0x50 /home/arattel/Ac6/SystemWorkbench/plugins/fr.ac6.mcu.externaltools.arm-none.linux64_1.16.0.201807130628/tools/compiler/bin/../lib/gcc/arm-none-eabi/7.2.1/../../../../arm-none-eabi/lib/thumb/v7e-m/fpv4-sp/hard/libc.a(lib_a-wcrtomb.o)
                0x000000000800c068                _wcrtomb_r
 .text.findslot
                0x000000000800c0b8       0x38 /home/arattel/Ac6/SystemWorkbench/plugins/fr.ac6.mcu.externaltools.arm-none.linux64_1.16.0.201807130628/tools/compiler/bin/../lib/gcc/arm-none-eabi/7.2.1/../../../../arm-none-eabi/lib/thumb/v7e-m/fpv4-sp/hard/librdimon.a(rdimon-syscalls.o)
 .text.checkerror.part.0
                0x000000000800c0f0       0x1c /home/arattel/Ac6/SystemWorkbench/plugins/fr.ac6.mcu.externaltools.arm-none.linux64_1.16.0.201807130628/tools/compiler/bin/../lib/gcc/arm-none-eabi/7.2.1/../../../../arm-none-eabi/lib/thumb/v7e-m/fpv4-sp/hard/librdimon.a(rdimon-syscalls.o)
 .text._read    0x000000000800c10c       0x50 /home/arattel/Ac6/SystemWorkbench/plugins/fr.ac6.mcu.externaltools.arm-none.linux64_1.16.0.201807130628/tools/compiler/bin/../lib/gcc/arm-none-eabi/7.2.1/../../../../arm-none-eabi/lib/thumb/v7e-m/fpv4-sp/hard/librdimon.a(rdimon-syscalls.o)
                0x000000000800c10c                _read
 .text._swilseek
                0x000000000800c15c       0x9c /home/arattel/Ac6/SystemWorkbench/plugins/fr.ac6.mcu.externaltools.arm-none.linux64_1.16.0.201807130628/tools/compiler/bin/../lib/gcc/arm-none-eabi/7.2.1/../../../../arm-none-eabi/lib/thumb/v7e-m/fpv4-sp/hard/librdimon.a(rdimon-syscalls.o)
                0x000000000800c15c                _swilseek
 .text._lseek   0x000000000800c1f8        0x4 /home/arattel/Ac6/SystemWorkbench/plugins/fr.ac6.mcu.externaltools.arm-none.linux64_1.16.0.201807130628/tools/compiler/bin/../lib/gcc/arm-none-eabi/7.2.1/../../../../arm-none-eabi/lib/thumb/v7e-m/fpv4-sp/hard/librdimon.a(rdimon-syscalls.o)
                0x000000000800c1f8                _lseek
 .text._write   0x000000000800c1fc       0x74 /home/arattel/Ac6/SystemWorkbench/plugins/fr.ac6.mcu.externaltools.arm-none.linux64_1.16.0.201807130628/tools/compiler/bin/../lib/gcc/arm-none-eabi/7.2.1/../../../../arm-none-eabi/lib/thumb/v7e-m/fpv4-sp/hard/librdimon.a(rdimon-syscalls.o)
                0x000000000800c1fc                _write
 .text._close   0x000000000800c270       0x6c /home/arattel/Ac6/SystemWorkbench/plugins/fr.ac6.mcu.externaltools.arm-none.linux64_1.16.0.201807130628/tools/compiler/bin/../lib/gcc/arm-none-eabi/7.2.1/../../../../arm-none-eabi/lib/thumb/v7e-m/fpv4-sp/hard/librdimon.a(rdimon-syscalls.o)
                0x000000000800c270                _close
 .text._sbrk    0x000000000800c2dc       0x4c /home/arattel/Ac6/SystemWorkbench/plugins/fr.ac6.mcu.externaltools.arm-none.linux64_1.16.0.201807130628/tools/compiler/bin/../lib/gcc/arm-none-eabi/7.2.1/../../../../arm-none-eabi/lib/thumb/v7e-m/fpv4-sp/hard/librdimon.a(rdimon-syscalls.o)
                0x000000000800c2dc                _sbrk
 .text._swistat
                0x000000000800c328       0x48 /home/arattel/Ac6/SystemWorkbench/plugins/fr.ac6.mcu.externaltools.arm-none.linux64_1.16.0.201807130628/tools/compiler/bin/../lib/gcc/arm-none-eabi/7.2.1/../../../../arm-none-eabi/lib/thumb/v7e-m/fpv4-sp/hard/librdimon.a(rdimon-syscalls.o)
                0x000000000800c328                _swistat
 .text._fstat   0x000000000800c370       0x1c /home/arattel/Ac6/SystemWorkbench/plugins/fr.ac6.mcu.externaltools.arm-none.linux64_1.16.0.201807130628/tools/compiler/bin/../lib/gcc/arm-none-eabi/7.2.1/../../../../arm-none-eabi/lib/thumb/v7e-m/fpv4-sp/hard/librdimon.a(rdimon-syscalls.o)
                0x000000000800c370                _fstat
 .text._isatty  0x000000000800c38c       0x3c /home/arattel/Ac6/SystemWorkbench/plugins/fr.ac6.mcu.externaltools.arm-none.linux64_1.16.0.201807130628/tools/compiler/bin/../lib/gcc/arm-none-eabi/7.2.1/../../../../arm-none-eabi/lib/thumb/v7e-m/fpv4-sp/hard/librdimon.a(rdimon-syscalls.o)
                0x000000000800c38c                _isatty
 *(.glue_7)
 .glue_7        0x000000000800c3c8        0x0 linker stubs
 *(.glue_7t)
 .glue_7t       0x000000000800c3c8        0x0 linker stubs
 *(.eh_frame)
 .eh_frame      0x000000000800c3c8        0x0 /home/arattel/Ac6/SystemWorkbench/plugins/fr.ac6.mcu.externaltools.arm-none.linux64_1.16.0.201807130628/tools/compiler/bin/../lib/gcc/arm-none-eabi/7.2.1/thumb/v7e-m/fpv4-sp/hard/crtbegin.o
 *(.init)
 .init          0x000000000800c3c8        0x4 /home/arattel/Ac6/SystemWorkbench/plugins/fr.ac6.mcu.externaltools.arm-none.linux64_1.16.0.201807130628/tools/compiler/bin/../lib/gcc/arm-none-eabi/7.2.1/thumb/v7e-m/fpv4-sp/hard/crti.o
                0x000000000800c3c8                _init
 .init          0x000000000800c3cc        0x8 /home/arattel/Ac6/SystemWorkbench/plugins/fr.ac6.mcu.externaltools.arm-none.linux64_1.16.0.201807130628/tools/compiler/bin/../lib/gcc/arm-none-eabi/7.2.1/thumb/v7e-m/fpv4-sp/hard/crtn.o
 *(.fini)
 .fini          0x000000000800c3d4        0x4 /home/arattel/Ac6/SystemWorkbench/plugins/fr.ac6.mcu.externaltools.arm-none.linux64_1.16.0.201807130628/tools/compiler/bin/../lib/gcc/arm-none-eabi/7.2.1/thumb/v7e-m/fpv4-sp/hard/crti.o
                0x000000000800c3d4                _fini
 .fini          0x000000000800c3d8        0x8 /home/arattel/Ac6/SystemWorkbench/plugins/fr.ac6.mcu.externaltools.arm-none.linux64_1.16.0.201807130628/tools/compiler/bin/../lib/gcc/arm-none-eabi/7.2.1/thumb/v7e-m/fpv4-sp/hard/crtn.o
                0x000000000800c3e0                . = ALIGN (0x4)
                0x000000000800c3e0                _etext = .

.vfp11_veneer   0x000000000800c3e0        0x0
 .vfp11_veneer  0x000000000800c3e0        0x0 linker stubs

.v4_bx          0x000000000800c3e0        0x0
 .v4_bx         0x000000000800c3e0        0x0 linker stubs

.iplt           0x000000000800c3e0        0x0
 .iplt          0x000000000800c3e0        0x0 /home/arattel/Ac6/SystemWorkbench/plugins/fr.ac6.mcu.externaltools.arm-none.linux64_1.16.0.201807130628/tools/compiler/bin/../lib/gcc/arm-none-eabi/7.2.1/thumb/v7e-m/fpv4-sp/hard/crtbegin.o

.rodata         0x000000000800c3e0      0xb64
                0x000000000800c3e0                . = ALIGN (0x4)
 *(.rodata)
 .rodata        0x000000000800c3e0      0x60e Src/lcd5110.o
                0x000000000800c9e0                lcd5110_def_scr
 *fill*         0x000000000800c9ee        0x2 
 .rodata        0x000000000800c9f0       0x18 Src/system_stm32f4xx.o
                0x000000000800c9f0                AHBPrescTable
                0x000000000800ca00                APBPrescTable
 *(.rodata*)
 .rodata.str1.4
                0x000000000800ca08       0x3b Drivers/STM32F4xx_HAL_Driver/Src/stm32f4xx_hal_cortex.o
 *fill*         0x000000000800ca43        0x1 
 .rodata.str1.4
                0x000000000800ca44       0x39 Drivers/STM32F4xx_HAL_Driver/Src/stm32f4xx_hal_gpio.o
 *fill*         0x000000000800ca7d        0x3 
 .rodata.str1.4
                0x000000000800ca80       0x38 Drivers/STM32F4xx_HAL_Driver/Src/stm32f4xx_hal_hcd.o
 .rodata.str1.4
                0x000000000800cab8       0x38 Drivers/STM32F4xx_HAL_Driver/Src/stm32f4xx_hal_i2c.o
 .rodata.str1.4
                0x000000000800caf0       0x38 Drivers/STM32F4xx_HAL_Driver/Src/stm32f4xx_hal_i2s.o
 .rodata.str1.4
                0x000000000800cb28       0x38 Drivers/STM32F4xx_HAL_Driver/Src/stm32f4xx_hal_rcc.o
 .rodata.str1.4
                0x000000000800cb60       0x3b Drivers/STM32F4xx_HAL_Driver/Src/stm32f4xx_hal_rcc_ex.o
 *fill*         0x000000000800cb9b        0x1 
 .rodata.str1.4
                0x000000000800cb9c       0x38 Drivers/STM32F4xx_HAL_Driver/Src/stm32f4xx_hal_spi.o
 .rodata.str1.4
                0x000000000800cbd4        0xd Src/i2c.o
 *fill*         0x000000000800cbe1        0x3 
 .rodata.str1.4
                0x000000000800cbe4        0xd Src/i2s.o
 *fill*         0x000000000800cbf1        0x3 
 .rodata.str1.4
                0x000000000800cbf4       0x78 Src/main.o
                                         0x88 (size before relaxing)
 .rodata.str1.4
                0x000000000800cc6c        0xd Src/spi.o
 *fill*         0x000000000800cc79        0x3 
 .rodata.str1.4
                0x000000000800cc7c       0x11 Src/usb_otg.o
 *fill*         0x000000000800cc8d        0x3 
 .rodata.sqrt.str1.4
                0x000000000800cc90        0x5 /home/arattel/Ac6/SystemWorkbench/plugins/fr.ac6.mcu.externaltools.arm-none.linux64_1.16.0.201807130628/tools/compiler/bin/../lib/gcc/arm-none-eabi/7.2.1/../../../../arm-none-eabi/lib/thumb/v7e-m/fpv4-sp/hard/libm.a(lib_a-w_sqrt.o)
 *fill*         0x000000000800cc95        0x3 
 .rodata._global_impure_ptr
                0x000000000800cc98        0x4 /home/arattel/Ac6/SystemWorkbench/plugins/fr.ac6.mcu.externaltools.arm-none.linux64_1.16.0.201807130628/tools/compiler/bin/../lib/gcc/arm-none-eabi/7.2.1/../../../../arm-none-eabi/lib/thumb/v7e-m/fpv4-sp/hard/libc.a(lib_a-impure.o)
                0x000000000800cc98                _global_impure_ptr
 .rodata._setlocale_r.str1.4
                0x000000000800cc9c        0xa /home/arattel/Ac6/SystemWorkbench/plugins/fr.ac6.mcu.externaltools.arm-none.linux64_1.16.0.201807130628/tools/compiler/bin/../lib/gcc/arm-none-eabi/7.2.1/../../../../arm-none-eabi/lib/thumb/v7e-m/fpv4-sp/hard/libc.a(lib_a-locale.o)
                                          0xd (size before relaxing)
 *fill*         0x000000000800cca6        0x2 
 .rodata.str1.4
                0x000000000800cca8        0x2 /home/arattel/Ac6/SystemWorkbench/plugins/fr.ac6.mcu.externaltools.arm-none.linux64_1.16.0.201807130628/tools/compiler/bin/../lib/gcc/arm-none-eabi/7.2.1/../../../../arm-none-eabi/lib/thumb/v7e-m/fpv4-sp/hard/libc.a(lib_a-locale.o)
 *fill*         0x000000000800ccaa        0x2 
 .rodata._svfprintf_r.str1.4
                0x000000000800ccac       0x42 /home/arattel/Ac6/SystemWorkbench/plugins/fr.ac6.mcu.externaltools.arm-none.linux64_1.16.0.201807130628/tools/compiler/bin/../lib/gcc/arm-none-eabi/7.2.1/../../../../arm-none-eabi/lib/thumb/v7e-m/fpv4-sp/hard/libc.a(lib_a-svfprintf.o)
 *fill*         0x000000000800ccee        0x2 
 .rodata.blanks.8551
                0x000000000800ccf0       0x10 /home/arattel/Ac6/SystemWorkbench/plugins/fr.ac6.mcu.externaltools.arm-none.linux64_1.16.0.201807130628/tools/compiler/bin/../lib/gcc/arm-none-eabi/7.2.1/../../../../arm-none-eabi/lib/thumb/v7e-m/fpv4-sp/hard/libc.a(lib_a-svfprintf.o)
 .rodata.zeroes.8552
                0x000000000800cd00       0x10 /home/arattel/Ac6/SystemWorkbench/plugins/fr.ac6.mcu.externaltools.arm-none.linux64_1.16.0.201807130628/tools/compiler/bin/../lib/gcc/arm-none-eabi/7.2.1/../../../../arm-none-eabi/lib/thumb/v7e-m/fpv4-sp/hard/libc.a(lib_a-svfprintf.o)
 .rodata._vfprintf_r.str1.4
                0x000000000800cd10       0x42 /home/arattel/Ac6/SystemWorkbench/plugins/fr.ac6.mcu.externaltools.arm-none.linux64_1.16.0.201807130628/tools/compiler/bin/../lib/gcc/arm-none-eabi/7.2.1/../../../../arm-none-eabi/lib/thumb/v7e-m/fpv4-sp/hard/libc.a(lib_a-vfprintf.o)
 .rodata.blanks.8566
                0x000000000800cd10       0x10 /home/arattel/Ac6/SystemWorkbench/plugins/fr.ac6.mcu.externaltools.arm-none.linux64_1.16.0.201807130628/tools/compiler/bin/../lib/gcc/arm-none-eabi/7.2.1/../../../../arm-none-eabi/lib/thumb/v7e-m/fpv4-sp/hard/libc.a(lib_a-vfprintf.o)
 .rodata.zeroes.8567
                0x000000000800cd20       0x10 /home/arattel/Ac6/SystemWorkbench/plugins/fr.ac6.mcu.externaltools.arm-none.linux64_1.16.0.201807130628/tools/compiler/bin/../lib/gcc/arm-none-eabi/7.2.1/../../../../arm-none-eabi/lib/thumb/v7e-m/fpv4-sp/hard/libc.a(lib_a-vfprintf.o)
 .rodata._ctype_
                0x000000000800cd30      0x101 /home/arattel/Ac6/SystemWorkbench/plugins/fr.ac6.mcu.externaltools.arm-none.linux64_1.16.0.201807130628/tools/compiler/bin/../lib/gcc/arm-none-eabi/7.2.1/../../../../arm-none-eabi/lib/thumb/v7e-m/fpv4-sp/hard/libc.a(lib_a-ctype_.o)
                0x000000000800cd30                _ctype_
 *fill*         0x000000000800ce31        0x3 
 .rodata._dtoa_r.str1.4
                0x000000000800ce34       0x10 /home/arattel/Ac6/SystemWorkbench/plugins/fr.ac6.mcu.externaltools.arm-none.linux64_1.16.0.201807130628/tools/compiler/bin/../lib/gcc/arm-none-eabi/7.2.1/../../../../arm-none-eabi/lib/thumb/v7e-m/fpv4-sp/hard/libc.a(lib_a-dtoa.o)
                                         0x12 (size before relaxing)
 *fill*         0x000000000800ce44        0x4 
 .rodata.__mprec_bigtens
                0x000000000800ce48       0x28 /home/arattel/Ac6/SystemWorkbench/plugins/fr.ac6.mcu.externaltools.arm-none.linux64_1.16.0.201807130628/tools/compiler/bin/../lib/gcc/arm-none-eabi/7.2.1/../../../../arm-none-eabi/lib/thumb/v7e-m/fpv4-sp/hard/libc.a(lib_a-mprec.o)
                0x000000000800ce48                __mprec_bigtens
 .rodata.__mprec_tens
                0x000000000800ce70       0xc8 /home/arattel/Ac6/SystemWorkbench/plugins/fr.ac6.mcu.externaltools.arm-none.linux64_1.16.0.201807130628/tools/compiler/bin/../lib/gcc/arm-none-eabi/7.2.1/../../../../arm-none-eabi/lib/thumb/v7e-m/fpv4-sp/hard/libc.a(lib_a-mprec.o)
                0x000000000800ce70                __mprec_tens
 .rodata.p05.7367
                0x000000000800cf38        0xc /home/arattel/Ac6/SystemWorkbench/plugins/fr.ac6.mcu.externaltools.arm-none.linux64_1.16.0.201807130628/tools/compiler/bin/../lib/gcc/arm-none-eabi/7.2.1/../../../../arm-none-eabi/lib/thumb/v7e-m/fpv4-sp/hard/libc.a(lib_a-mprec.o)
                0x000000000800cf44                . = ALIGN (0x4)

.ARM.extab
 *(.ARM.extab* .gnu.linkonce.armextab.*)

.ARM            0x000000000800cf44        0x8
                0x000000000800cf44                __exidx_start = .
 *(.ARM.exidx*)
 .ARM.exidx     0x000000000800cf44        0x8 /home/arattel/Ac6/SystemWorkbench/plugins/fr.ac6.mcu.externaltools.arm-none.linux64_1.16.0.201807130628/tools/compiler/bin/../lib/gcc/arm-none-eabi/7.2.1/thumb/v7e-m/fpv4-sp/hard/libgcc.a(_udivmoddi4.o)
                0x000000000800cf4c                __exidx_end = .

.rel.dyn        0x000000000800cf4c        0x0
 .rel.iplt      0x000000000800cf4c        0x0 /home/arattel/Ac6/SystemWorkbench/plugins/fr.ac6.mcu.externaltools.arm-none.linux64_1.16.0.201807130628/tools/compiler/bin/../lib/gcc/arm-none-eabi/7.2.1/thumb/v7e-m/fpv4-sp/hard/crtbegin.o

.preinit_array  0x000000000800cf4c        0x0
                0x000000000800cf4c                PROVIDE (__preinit_array_start, .)
 *(.preinit_array*)
                0x000000000800cf4c                PROVIDE (__preinit_array_end, .)

.init_array     0x000000000800cf4c        0x8
                0x000000000800cf4c                PROVIDE (__init_array_start, .)
 *(SORT_BY_NAME(.init_array.*))
 .init_array.00000
                0x000000000800cf4c        0x4 /home/arattel/Ac6/SystemWorkbench/plugins/fr.ac6.mcu.externaltools.arm-none.linux64_1.16.0.201807130628/tools/compiler/bin/../lib/gcc/arm-none-eabi/7.2.1/../../../../arm-none-eabi/lib/thumb/v7e-m/fpv4-sp/hard/libc.a(lib_a-__call_atexit.o)
 *(.init_array*)
 .init_array    0x000000000800cf50        0x4 /home/arattel/Ac6/SystemWorkbench/plugins/fr.ac6.mcu.externaltools.arm-none.linux64_1.16.0.201807130628/tools/compiler/bin/../lib/gcc/arm-none-eabi/7.2.1/thumb/v7e-m/fpv4-sp/hard/crtbegin.o
                0x000000000800cf54                PROVIDE (__init_array_end, .)

.fini_array     0x000000000800cf54        0x4
                0x000000000800cf54                PROVIDE (__fini_array_start, .)
 *(SORT_BY_NAME(.fini_array.*))
 *(.fini_array*)
 .fini_array    0x000000000800cf54        0x4 /home/arattel/Ac6/SystemWorkbench/plugins/fr.ac6.mcu.externaltools.arm-none.linux64_1.16.0.201807130628/tools/compiler/bin/../lib/gcc/arm-none-eabi/7.2.1/thumb/v7e-m/fpv4-sp/hard/crtbegin.o
                0x000000000800cf58                PROVIDE (__fini_array_end, .)
                0x000000000800cf58                _sidata = LOADADDR (.data)

.data           0x0000000020000000      0xa44 load address 0x000000000800cf58
                0x0000000020000000                . = ALIGN (0x4)
                0x0000000020000000                _sdata = .
 *(.data)
 .data          0x0000000020000000        0x8 Drivers/STM32F4xx_HAL_Driver/Src/stm32f4xx_hal.o
                0x0000000020000000                uwTickFreq
                0x0000000020000004                uwTickPrio
 .data          0x0000000020000008       0x34 Src/l3gd20.o
                0x0000000020000008                L3gd20Drv
 .data          0x000000002000003c       0x34 Src/lsm303dlhc.o
                0x000000002000003c                Lsm303dlhcDrv
 .data          0x0000000020000070       0x1c Src/stm32f411e_discovery.o
                0x0000000020000070                SpixTimeout
                0x0000000020000074                I2cxTimeout
                0x0000000020000078                GPIO_PORT
                0x0000000020000088                BUTTON_PORT
 .data          0x000000002000008c        0x4 Src/system_stm32f4xx.o
                0x000000002000008c                SystemCoreClock
 *(.data*)
 .data.__fdlib_version
                0x0000000020000090        0x1 /home/arattel/Ac6/SystemWorkbench/plugins/fr.ac6.mcu.externaltools.arm-none.linux64_1.16.0.201807130628/tools/compiler/bin/../lib/gcc/arm-none-eabi/7.2.1/../../../../arm-none-eabi/lib/thumb/v7e-m/fpv4-sp/hard/libm.a(lib_a-s_lib_ver.o)
                0x0000000020000090                __fdlib_version
 *fill*         0x0000000020000091        0x3 
 .data._impure_ptr
                0x0000000020000094        0x4 /home/arattel/Ac6/SystemWorkbench/plugins/fr.ac6.mcu.externaltools.arm-none.linux64_1.16.0.201807130628/tools/compiler/bin/../lib/gcc/arm-none-eabi/7.2.1/../../../../arm-none-eabi/lib/thumb/v7e-m/fpv4-sp/hard/libc.a(lib_a-impure.o)
                0x0000000020000094                _impure_ptr
 .data.impure_data
                0x0000000020000098      0x428 /home/arattel/Ac6/SystemWorkbench/plugins/fr.ac6.mcu.externaltools.arm-none.linux64_1.16.0.201807130628/tools/compiler/bin/../lib/gcc/arm-none-eabi/7.2.1/../../../../arm-none-eabi/lib/thumb/v7e-m/fpv4-sp/hard/libc.a(lib_a-impure.o)
 .data.__global_locale
                0x00000000200004c0      0x16c /home/arattel/Ac6/SystemWorkbench/plugins/fr.ac6.mcu.externaltools.arm-none.linux64_1.16.0.201807130628/tools/compiler/bin/../lib/gcc/arm-none-eabi/7.2.1/../../../../arm-none-eabi/lib/thumb/v7e-m/fpv4-sp/hard/libc.a(lib_a-locale.o)
                0x00000000200004c0                __global_locale
 .data.__atexit_recursive_mutex
                0x000000002000062c        0x4 /home/arattel/Ac6/SystemWorkbench/plugins/fr.ac6.mcu.externaltools.arm-none.linux64_1.16.0.201807130628/tools/compiler/bin/../lib/gcc/arm-none-eabi/7.2.1/../../../../arm-none-eabi/lib/thumb/v7e-m/fpv4-sp/hard/libc.a(lib_a-__call_atexit.o)
                0x000000002000062c                __atexit_recursive_mutex
 .data.__malloc_av_
                0x0000000020000630      0x408 /home/arattel/Ac6/SystemWorkbench/plugins/fr.ac6.mcu.externaltools.arm-none.linux64_1.16.0.201807130628/tools/compiler/bin/../lib/gcc/arm-none-eabi/7.2.1/../../../../arm-none-eabi/lib/thumb/v7e-m/fpv4-sp/hard/libc.a(lib_a-mallocr.o)
                0x0000000020000630                __malloc_av_
 .data.__malloc_sbrk_base
                0x0000000020000a38        0x4 /home/arattel/Ac6/SystemWorkbench/plugins/fr.ac6.mcu.externaltools.arm-none.linux64_1.16.0.201807130628/tools/compiler/bin/../lib/gcc/arm-none-eabi/7.2.1/../../../../arm-none-eabi/lib/thumb/v7e-m/fpv4-sp/hard/libc.a(lib_a-mallocr.o)
                0x0000000020000a38                __malloc_sbrk_base
 .data.__malloc_trim_threshold
                0x0000000020000a3c        0x4 /home/arattel/Ac6/SystemWorkbench/plugins/fr.ac6.mcu.externaltools.arm-none.linux64_1.16.0.201807130628/tools/compiler/bin/../lib/gcc/arm-none-eabi/7.2.1/../../../../arm-none-eabi/lib/thumb/v7e-m/fpv4-sp/hard/libc.a(lib_a-mallocr.o)
                0x0000000020000a3c                __malloc_trim_threshold
 .data.__heap_limit
                0x0000000020000a40        0x4 /home/arattel/Ac6/SystemWorkbench/plugins/fr.ac6.mcu.externaltools.arm-none.linux64_1.16.0.201807130628/tools/compiler/bin/../lib/gcc/arm-none-eabi/7.2.1/../../../../arm-none-eabi/lib/thumb/v7e-m/fpv4-sp/hard/librdimon.a(rdimon-syscalls.o)
                0x0000000020000a40                __heap_limit
                0x0000000020000a44                . = ALIGN (0x4)
                0x0000000020000a44                _edata = .

.igot.plt       0x0000000020000a44        0x0 load address 0x000000000800d99c
 .igot.plt      0x0000000020000a44        0x0 /home/arattel/Ac6/SystemWorkbench/plugins/fr.ac6.mcu.externaltools.arm-none.linux64_1.16.0.201807130628/tools/compiler/bin/../lib/gcc/arm-none-eabi/7.2.1/thumb/v7e-m/fpv4-sp/hard/crtbegin.o
                0x0000000020000a44                . = ALIGN (0x4)

.bss            0x0000000020000a44      0x824 load address 0x000000000800d99c
                0x0000000020000a44                _sbss = .
                0x0000000020000a44                __bss_start__ = _sbss
 *(.bss)
 .bss           0x0000000020000a44       0x1c /home/arattel/Ac6/SystemWorkbench/plugins/fr.ac6.mcu.externaltools.arm-none.linux64_1.16.0.201807130628/tools/compiler/bin/../lib/gcc/arm-none-eabi/7.2.1/thumb/v7e-m/fpv4-sp/hard/crtbegin.o
 .bss           0x0000000020000a60       0xac Src/stm32f411e_discovery.o
 .bss           0x0000000020000b0c        0x4 Src/stm32f411e_discovery_accelerometer.o
 .bss           0x0000000020000b10        0x4 Src/stm32f411e_discovery_gyroscope.o
 *(.bss*)
 .bss.__malloc_current_mallinfo
                0x0000000020000b14       0x28 /home/arattel/Ac6/SystemWorkbench/plugins/fr.ac6.mcu.externaltools.arm-none.linux64_1.16.0.201807130628/tools/compiler/bin/../lib/gcc/arm-none-eabi/7.2.1/../../../../arm-none-eabi/lib/thumb/v7e-m/fpv4-sp/hard/libc.a(lib_a-mallocr.o)
                0x0000000020000b14                __malloc_current_mallinfo
 .bss.__malloc_max_sbrked_mem
                0x0000000020000b3c        0x4 /home/arattel/Ac6/SystemWorkbench/plugins/fr.ac6.mcu.externaltools.arm-none.linux64_1.16.0.201807130628/tools/compiler/bin/../lib/gcc/arm-none-eabi/7.2.1/../../../../arm-none-eabi/lib/thumb/v7e-m/fpv4-sp/hard/libc.a(lib_a-mallocr.o)
                0x0000000020000b3c                __malloc_max_sbrked_mem
 .bss.__malloc_max_total_mem
                0x0000000020000b40        0x4 /home/arattel/Ac6/SystemWorkbench/plugins/fr.ac6.mcu.externaltools.arm-none.linux64_1.16.0.201807130628/tools/compiler/bin/../lib/gcc/arm-none-eabi/7.2.1/../../../../arm-none-eabi/lib/thumb/v7e-m/fpv4-sp/hard/libc.a(lib_a-mallocr.o)
                0x0000000020000b40                __malloc_max_total_mem
 .bss.__malloc_top_pad
                0x0000000020000b44        0x4 /home/arattel/Ac6/SystemWorkbench/plugins/fr.ac6.mcu.externaltools.arm-none.linux64_1.16.0.201807130628/tools/compiler/bin/../lib/gcc/arm-none-eabi/7.2.1/../../../../arm-none-eabi/lib/thumb/v7e-m/fpv4-sp/hard/libc.a(lib_a-mallocr.o)
                0x0000000020000b44                __malloc_top_pad
 .bss.heap_end.7534
                0x0000000020000b48        0x4 /home/arattel/Ac6/SystemWorkbench/plugins/fr.ac6.mcu.externaltools.arm-none.linux64_1.16.0.201807130628/tools/compiler/bin/../lib/gcc/arm-none-eabi/7.2.1/../../../../arm-none-eabi/lib/thumb/v7e-m/fpv4-sp/hard/librdimon.a(rdimon-syscalls.o)
 .bss.openfiles
                0x0000000020000b4c       0xa0 /home/arattel/Ac6/SystemWorkbench/plugins/fr.ac6.mcu.externaltools.arm-none.linux64_1.16.0.201807130628/tools/compiler/bin/../lib/gcc/arm-none-eabi/7.2.1/../../../../arm-none-eabi/lib/thumb/v7e-m/fpv4-sp/hard/librdimon.a(rdimon-syscalls.o)
 *(COMMON)
 COMMON         0x0000000020000bec        0x4 Drivers/STM32F4xx_HAL_Driver/Src/stm32f4xx_hal.o
                0x0000000020000bec                uwTick
 COMMON         0x0000000020000bf0       0x54 Src/i2c.o
                0x0000000020000bf0                hi2c1
 COMMON         0x0000000020000c44       0x90 Src/i2s.o
                0x0000000020000c44                hi2s2
                0x0000000020000c8c                hi2s3
 COMMON         0x0000000020000cd4      0x224 Src/main.o
                0x0000000020000cd4                lcd1
 COMMON         0x0000000020000ef8       0xb0 Src/spi.o
                0x0000000020000ef8                hspi5
                0x0000000020000f50                hspi1
 COMMON         0x0000000020000fa8      0x298 Src/usb_otg.o
                0x0000000020000fa8                hhcd_USB_OTG_FS
 COMMON         0x0000000020001240       0x21 /home/arattel/Ac6/SystemWorkbench/plugins/fr.ac6.mcu.externaltools.arm-none.linux64_1.16.0.201807130628/tools/compiler/bin/../lib/gcc/arm-none-eabi/7.2.1/../../../../arm-none-eabi/lib/thumb/v7e-m/fpv4-sp/hard/libc.a(lib_a-lock.o)
                0x0000000020001240                __lock___atexit_recursive_mutex
                0x0000000020001244                __lock___arc4random_mutex
                0x0000000020001248                __lock___env_recursive_mutex
                0x000000002000124c                __lock___sinit_recursive_mutex
                0x0000000020001250                __lock___malloc_recursive_mutex
                0x0000000020001254                __lock___at_quick_exit_mutex
                0x0000000020001258                __lock___dd_hash_mutex
                0x000000002000125c                __lock___tz_mutex
                0x0000000020001260                __lock___sfp_recursive_mutex
 *fill*         0x0000000020001261        0x3 
 COMMON         0x0000000020001264        0x4 /home/arattel/Ac6/SystemWorkbench/plugins/fr.ac6.mcu.externaltools.arm-none.linux64_1.16.0.201807130628/tools/compiler/bin/../lib/gcc/arm-none-eabi/7.2.1/../../../../arm-none-eabi/lib/thumb/v7e-m/fpv4-sp/hard/libc.a(lib_a-reent.o)
                0x0000000020001264                errno